          <idle>-0     [005]   721.439003: i915_request_out:     dev=0, hw_id=22, ring=2, ctx=65, seqno=16, global=678, completed?=1
      h264encode-23057 [001]   721.439010: i915_request_queue:   dev=0, hw_id=22, ring=0, ctx=64, seqno=44, flags=0x0
          <idle>-0     [005]   721.439012: i915_request_out:     dev=0, hw_id=22, ring=0, ctx=64, seqno=33, global=94322, completed?=1
          <idle>-0     [005]   721.439012: i915_request_execute: dev=0, hw_id=10, ring=0, ctx=29, seqno=3320, global=94326
          <idle>-0     [005]   721.439013: i915_request_in:      dev=0, hw_id=10, ring=0, ctx=29, seqno=3320, prio=0, global=94326, port=0
          <idle>-0     [005]   721.439013: i915_request_execute: dev=0, hw_id=9, ring=0, ctx=28, seqno=2164, global=94327
          <idle>-0     [005]   721.439013: i915_request_in:      dev=0, hw_id=9, ring=0, ctx=28, seqno=2164, prio=0, global=94327, port=1
      h264encode-23057 [001]   721.439017: i915_request_add:     dev=0, hw_id=22, ring=0, ctx=64, seqno=44, global=0
            code-2062  [003]   721.439125: i915_request_queue:   dev=0, hw_id=9, ring=0, ctx=28, seqno=2165, flags=0x0
            code-2062  [003]   721.439136: i915_request_add:     dev=0, hw_id=9, ring=0, ctx=28, seqno=2165, global=0
            code-2062  [003]   721.439137: i915_request_submit:  dev=0, hw_id=9, ring=0, ctx=28, seqno=2165, global=0
          <idle>-0     [005]   721.439153: i915_request_out:     dev=0, hw_id=10, ring=0, ctx=29, seqno=3320, global=94326, completed?=1
          <idle>-0     [005]   721.439155: i915_request_execute: dev=0, hw_id=22, ring=0, ctx=64, seqno=34, global=94328
          <idle>-0     [005]   721.439158: i915_request_in:      dev=0, hw_id=22, ring=0, ctx=64, seqno=34, prio=0, global=94328, port=1
          <idle>-0     [005]   721.439158: i915_request_execute: dev=0, hw_id=22, ring=0, ctx=64, seqno=35, global=94329
          <idle>-0     [005]   721.439158: i915_request_in:      dev=0, hw_id=22, ring=0, ctx=64, seqno=35, prio=0, global=94329, port=1
      h264encode-23057 [001]   721.439202: i915_request_queue:   dev=0, hw_id=22, ring=2, ctx=65, seqno=22, flags=0x0
      h264encode-23057 [001]   721.439207: i915_request_add:     dev=0, hw_id=22, ring=2, ctx=65, seqno=22, global=0
      h264encode-23057 [001]   721.439285: i915_request_queue:   dev=0, hw_id=22, ring=0, ctx=64, seqno=45, flags=0x0
      h264encode-23057 [001]   721.439291: i915_request_add:     dev=0, hw_id=22, ring=0, ctx=64, seqno=45, global=0
            code-2062  [003]   721.439383: i915_request_queue:   dev=0, hw_id=9, ring=0, ctx=28, seqno=2166, flags=0x0
            code-2062  [003]   721.439420: i915_request_add:     dev=0, hw_id=9, ring=0, ctx=28, seqno=2166, global=0
            code-2062  [003]   721.439421: i915_request_submit:  dev=0, hw_id=9, ring=0, ctx=28, seqno=2166, global=0
          <idle>-0     [005]   721.439641: i915_request_out:     dev=0, hw_id=9, ring=0, ctx=28, seqno=2164, global=94327, completed?=1
          <idle>-0     [005]   721.439642: i915_request_execute: dev=0, hw_id=9, ring=0, ctx=28, seqno=2165, global=94330
          <idle>-0     [005]   721.439642: i915_request_in:      dev=0, hw_id=9, ring=0, ctx=28, seqno=2165, prio=0, global=94330, port=1
          <idle>-0     [005]   721.439643: i915_request_execute: dev=0, hw_id=9, ring=0, ctx=28, seqno=2166, global=94331
          <idle>-0     [005]   721.439643: i915_request_in:      dev=0, hw_id=9, ring=0, ctx=28, seqno=2166, prio=0, global=94331, port=1
            code-2062  [003]   721.439769: i915_request_queue:   dev=0, hw_id=9, ring=0, ctx=28, seqno=2167, flags=0x0
            code-2062  [003]   721.439776: i915_request_add:     dev=0, hw_id=9, ring=0, ctx=28, seqno=2167, global=0
            code-2062  [003]   721.439777: i915_request_submit:  dev=0, hw_id=9, ring=0, ctx=28, seqno=2167, global=0
            Xorg-937   [005]   721.439897: i915_request_queue:   dev=0, hw_id=3, ring=0, ctx=20, seqno=45711, flags=0x0
            Xorg-937   [005]   721.439902: i915_request_add:     dev=0, hw_id=3, ring=0, ctx=20, seqno=45711, global=0
            Xorg-937   [005]   721.439902: i915_request_submit:  dev=0, hw_id=3, ring=0, ctx=20, seqno=45711, global=0
          <idle>-0     [005]   721.439973: i915_request_submit:  dev=0, hw_id=22, ring=2, ctx=65, seqno=17, global=0
          <idle>-0     [005]   721.439976: i915_request_execute: dev=0, hw_id=22, ring=2, ctx=65, seqno=17, global=679
          <idle>-0     [005]   721.439976: i915_request_in:      dev=0, hw_id=22, ring=2, ctx=65, seqno=17, prio=0, global=679, port=0
          <idle>-0     [005]   721.440023: i915_request_submit:  dev=0, hw_id=22, ring=0, ctx=64, seqno=36, global=0
          <idle>-0     [005]   721.440024: i915_request_submit:  dev=0, hw_id=22, ring=0, ctx=64, seqno=37, global=0
      h264encode-23057 [001]   721.440027: i915_request_queue:   dev=0, hw_id=22, ring=0, ctx=64, seqno=46, flags=0x0
          <idle>-0     [005]   721.440028: i915_request_out:     dev=0, hw_id=22, ring=2, ctx=65, seqno=17, global=679, completed?=1
      h264encode-23057 [001]   721.440033: i915_request_add:     dev=0, hw_id=22, ring=0, ctx=64, seqno=46, global=0
          <idle>-0     [005]   721.440059: i915_request_out:     dev=0, hw_id=22, ring=0, ctx=64, seqno=35, global=94329, completed?=1
          <idle>-0     [005]   721.440060: i915_request_execute: dev=0, hw_id=9, ring=0, ctx=28, seqno=2167, global=94332
          <idle>-0     [005]   721.440060: i915_request_in:      dev=0, hw_id=9, ring=0, ctx=28, seqno=2167, prio=0, global=94332, port=0
          <idle>-0     [005]   721.440061: i915_request_execute: dev=0, hw_id=3, ring=0, ctx=20, seqno=45711, global=94333
          <idle>-0     [005]   721.440061: i915_request_in:      dev=0, hw_id=3, ring=0, ctx=20, seqno=45711, prio=0, global=94333, port=1
      h264encode-23057 [001]   721.440216: i915_request_queue:   dev=0, hw_id=22, ring=2, ctx=65, seqno=23, flags=0x0
      h264encode-23057 [001]   721.440221: i915_request_add:     dev=0, hw_id=22, ring=2, ctx=65, seqno=23, global=0
      h264encode-23057 [001]   721.440305: i915_request_queue:   dev=0, hw_id=22, ring=0, ctx=64, seqno=47, flags=0x0
      h264encode-23057 [001]   721.440309: i915_request_add:     dev=0, hw_id=22, ring=0, ctx=64, seqno=47, global=0
          <idle>-0     [005]   721.441529: i915_request_out:     dev=0, hw_id=9, ring=0, ctx=28, seqno=2167, global=94332, completed?=1
          <idle>-0     [005]   721.441533: i915_request_execute: dev=0, hw_id=22, ring=0, ctx=64, seqno=36, global=94334
          <idle>-0     [005]   721.441536: i915_request_in:      dev=0, hw_id=22, ring=0, ctx=64, seqno=36, prio=0, global=94334, port=1
          <idle>-0     [005]   721.441536: i915_request_execute: dev=0, hw_id=22, ring=0, ctx=64, seqno=37, global=94335
          <idle>-0     [005]   721.441537: i915_request_in:      dev=0, hw_id=22, ring=0, ctx=64, seqno=37, prio=0, global=94335, port=1
          <idle>-0     [005]   721.442376: i915_request_out:     dev=0, hw_id=3, ring=0, ctx=20, seqno=45711, global=94333, completed?=1
          <idle>-0     [005]   721.442719: i915_request_submit:  dev=0, hw_id=22, ring=2, ctx=65, seqno=18, global=0
          <idle>-0     [005]   721.442721: i915_request_execute: dev=0, hw_id=22, ring=2, ctx=65, seqno=18, global=680
          <idle>-0     [005]   721.442722: i915_request_in:      dev=0, hw_id=22, ring=2, ctx=65, seqno=18, prio=0, global=680, port=0
          <idle>-0     [005]   721.442766: i915_request_submit:  dev=0, hw_id=22, ring=0, ctx=64, seqno=38, global=0
          <idle>-0     [005]   721.442767: i915_request_submit:  dev=0, hw_id=22, ring=0, ctx=64, seqno=39, global=0
          <idle>-0     [005]   721.442769: i915_request_execute: dev=0, hw_id=22, ring=0, ctx=64, seqno=38, global=94336
          <idle>-0     [005]   721.442769: i915_request_in:      dev=0, hw_id=22, ring=0, ctx=64, seqno=38, prio=0, global=94336, port=0
          <idle>-0     [005]   721.442769: i915_request_execute: dev=0, hw_id=22, ring=0, ctx=64, seqno=39, global=94337
          <idle>-0     [005]   721.442770: i915_request_in:      dev=0, hw_id=22, ring=0, ctx=64, seqno=39, prio=0, global=94337, port=0
          <idle>-0     [005]   721.442777: i915_request_out:     dev=0, hw_id=22, ring=2, ctx=65, seqno=18, global=680, completed?=1
      h264encode-23057 [001]   721.442782: i915_request_queue:   dev=0, hw_id=22, ring=0, ctx=64, seqno=48, flags=0x0
      h264encode-23057 [001]   721.442790: i915_request_add:     dev=0, hw_id=22, ring=0, ctx=64, seqno=48, global=0
      h264encode-23057 [001]   721.442943: i915_request_queue:   dev=0, hw_id=22, ring=2, ctx=65, seqno=24, flags=0x0
      h264encode-23057 [001]   721.442947: i915_request_add:     dev=0, hw_id=22, ring=2, ctx=65, seqno=24, global=0
      h264encode-23057 [001]   721.443016: i915_request_queue:   dev=0, hw_id=22, ring=0, ctx=64, seqno=49, flags=0x0
      h264encode-23057 [001]   721.443020: i915_request_add:     dev=0, hw_id=22, ring=0, ctx=64, seqno=49, global=0
          <idle>-0     [005]   721.443134: i915_request_submit:  dev=0, hw_id=22, ring=2, ctx=65, seqno=19, global=0
          <idle>-0     [005]   721.443136: i915_request_execute: dev=0, hw_id=22, ring=2, ctx=65, seqno=19, global=681
          <idle>-0     [005]   721.443136: i915_request_in:      dev=0, hw_id=22, ring=2, ctx=65, seqno=19, prio=0, global=681, port=0
      h264encode-23057 [001]   721.443177: i915_request_queue:   dev=0, hw_id=22, ring=0, ctx=64, seqno=50, flags=0x0
      h264encode-23057 [001]   721.443183: i915_request_add:     dev=0, hw_id=22, ring=0, ctx=64, seqno=50, global=0
          <idle>-0     [005]   721.443194: i915_request_submit:  dev=0, hw_id=22, ring=0, ctx=64, seqno=40, global=0
          <idle>-0     [005]   721.443195: i915_request_submit:  dev=0, hw_id=22, ring=0, ctx=64, seqno=41, global=0
          <idle>-0     [005]   721.443197: i915_request_execute: dev=0, hw_id=22, ring=0, ctx=64, seqno=40, global=94338
          <idle>-0     [005]   721.443198: i915_request_in:      dev=0, hw_id=22, ring=0, ctx=64, seqno=40, prio=0, global=94338, port=0
          <idle>-0     [005]   721.443199: i915_request_execute: dev=0, hw_id=22, ring=0, ctx=64, seqno=41, global=94339
          <idle>-0     [005]   721.443200: i915_request_in:      dev=0, hw_id=22, ring=0, ctx=64, seqno=41, prio=0, global=94339, port=0
          <idle>-0     [005]   721.443206: i915_request_out:     dev=0, hw_id=22, ring=2, ctx=65, seqno=19, global=681, completed?=1
      h264encode-23057 [001]   721.443339: i915_request_queue:   dev=0, hw_id=22, ring=2, ctx=65, seqno=25, flags=0x0
      h264encode-23057 [001]   721.443343: i915_request_add:     dev=0, hw_id=22, ring=2, ctx=65, seqno=25, global=0
      h264encode-23057 [001]   721.443409: i915_request_queue:   dev=0, hw_id=22, ring=0, ctx=64, seqno=51, flags=0x0
      h264encode-23057 [001]   721.443412: i915_request_add:     dev=0, hw_id=22, ring=0, ctx=64, seqno=51, global=0
          <idle>-0     [005]   721.443575: i915_request_submit:  dev=0, hw_id=22, ring=2, ctx=65, seqno=20, global=0
          <idle>-0     [005]   721.443577: i915_request_execute: dev=0, hw_id=22, ring=2, ctx=65, seqno=20, global=682
          <idle>-0     [005]   721.443577: i915_request_in:      dev=0, hw_id=22, ring=2, ctx=65, seqno=20, prio=0, global=682, port=0
      h264encode-23057 [001]   721.443616: i915_request_queue:   dev=0, hw_id=22, ring=0, ctx=64, seqno=52, flags=0x0
          <idle>-0     [005]   721.443618: i915_request_submit:  dev=0, hw_id=22, ring=0, ctx=64, seqno=42, global=0
          <idle>-0     [005]   721.443619: i915_request_submit:  dev=0, hw_id=22, ring=0, ctx=64, seqno=43, global=0
      h264encode-23057 [001]   721.443622: i915_request_add:     dev=0, hw_id=22, ring=0, ctx=64, seqno=52, global=0
          <idle>-0     [005]   721.443623: i915_request_execute: dev=0, hw_id=22, ring=0, ctx=64, seqno=42, global=94340
          <idle>-0     [005]   721.443623: i915_request_in:      dev=0, hw_id=22, ring=0, ctx=64, seqno=42, prio=0, global=94340, port=0
          <idle>-0     [005]   721.443623: i915_request_execute: dev=0, hw_id=22, ring=0, ctx=64, seqno=43, global=94341
          <idle>-0     [005]   721.443623: i915_request_in:      dev=0, hw_id=22, ring=0, ctx=64, seqno=43, prio=0, global=94341, port=0
          <idle>-0     [005]   721.443625: i915_request_out:     dev=0, hw_id=22, ring=2, ctx=65, seqno=20, global=682, completed?=1
            code-2062  [003]   721.443693: i915_request_queue:   dev=0, hw_id=9, ring=0, ctx=28, seqno=2168, flags=0x0
            code-2062  [003]   721.443703: i915_request_add:     dev=0, hw_id=9, ring=0, ctx=28, seqno=2168, global=0
            code-2062  [003]   721.443704: i915_request_submit:  dev=0, hw_id=9, ring=0, ctx=28, seqno=2168, global=0
            code-2062  [003]   721.443705: i915_request_execute: dev=0, hw_id=9, ring=0, ctx=28, seqno=2168, global=94342
            code-2062  [003]   721.443706: i915_request_in:      dev=0, hw_id=9, ring=0, ctx=28, seqno=2168, prio=0, global=94342, port=1
      h264encode-23057 [001]   721.443818: i915_request_queue:   dev=0, hw_id=22, ring=2, ctx=65, seqno=26, flags=0x0
      h264encode-23057 [001]   721.443822: i915_request_add:     dev=0, hw_id=22, ring=2, ctx=65, seqno=26, global=0
      h264encode-23057 [001]   721.443888: i915_request_queue:   dev=0, hw_id=22, ring=0, ctx=64, seqno=53, flags=0x0
      h264encode-23057 [001]   721.443891: i915_request_add:     dev=0, hw_id=22, ring=0, ctx=64, seqno=53, global=0
            code-2062  [003]   721.443928: i915_request_queue:   dev=0, hw_id=9, ring=0, ctx=28, seqno=2169, flags=0x0
            code-2062  [003]   721.443938: i915_request_add:     dev=0, hw_id=9, ring=0, ctx=28, seqno=2169, global=0
            code-2062  [003]   721.443939: i915_request_submit:  dev=0, hw_id=9, ring=0, ctx=28, seqno=2169, global=0
          <idle>-0     [005]   721.443963: i915_request_submit:  dev=0, hw_id=22, ring=2, ctx=65, seqno=21, global=0
          <idle>-0     [005]   721.443965: i915_request_execute: dev=0, hw_id=22, ring=2, ctx=65, seqno=21, global=683
          <idle>-0     [005]   721.443965: i915_request_in:      dev=0, hw_id=22, ring=2, ctx=65, seqno=21, prio=0, global=683, port=0
          <idle>-0     [005]   721.443998: i915_request_submit:  dev=0, hw_id=22, ring=0, ctx=64, seqno=44, global=0
          <idle>-0     [005]   721.443999: i915_request_submit:  dev=0, hw_id=22, ring=0, ctx=64, seqno=45, global=0
      h264encode-23057 [001]   721.444001: i915_request_queue:   dev=0, hw_id=22, ring=0, ctx=64, seqno=54, flags=0x0
          <idle>-0     [005]   721.444003: i915_request_out:     dev=0, hw_id=22, ring=2, ctx=65, seqno=21, global=683, completed?=1
      h264encode-23057 [001]   721.444006: i915_request_add:     dev=0, hw_id=22, ring=0, ctx=64, seqno=54, global=0
          <idle>-0     [005]   721.444047: i915_request_out:     dev=0, hw_id=22, ring=0, ctx=64, seqno=43, global=94341, completed?=1
          <idle>-0     [005]   721.444048: i915_request_execute: dev=0, hw_id=9, ring=0, ctx=28, seqno=2169, global=94343
          <idle>-0     [005]   721.444049: i915_request_in:      dev=0, hw_id=9, ring=0, ctx=28, seqno=2169, prio=0, global=94343, port=0
          <idle>-0     [005]   721.444050: i915_request_execute: dev=0, hw_id=22, ring=0, ctx=64, seqno=44, global=94344
          <idle>-0     [005]   721.444052: i915_request_in:      dev=0, hw_id=22, ring=0, ctx=64, seqno=44, prio=0, global=94344, port=1
          <idle>-0     [005]   721.444052: i915_request_execute: dev=0, hw_id=22, ring=0, ctx=64, seqno=45, global=94345
          <idle>-0     [005]   721.444053: i915_request_in:      dev=0, hw_id=22, ring=0, ctx=64, seqno=45, prio=0, global=94345, port=1
      h264encode-23057 [001]   721.444149: i915_request_queue:   dev=0, hw_id=22, ring=2, ctx=65, seqno=27, flags=0x0
      h264encode-23057 [001]   721.444153: i915_request_add:     dev=0, hw_id=22, ring=2, ctx=65, seqno=27, global=0
            code-2062  [003]   721.444197: i915_request_queue:   dev=0, hw_id=9, ring=0, ctx=28, seqno=2170, flags=0x0
            code-2062  [003]   721.444214: i915_request_add:     dev=0, hw_id=9, ring=0, ctx=28, seqno=2170, global=0
            code-2062  [003]   721.444215: i915_request_submit:  dev=0, hw_id=9, ring=0, ctx=28, seqno=2170, global=0
      h264encode-23057 [001]   721.444248: i915_request_queue:   dev=0, hw_id=22, ring=0, ctx=64, seqno=55, flags=0x0
      h264encode-23057 [001]   721.444251: i915_request_add:     dev=0, hw_id=22, ring=0, ctx=64, seqno=55, global=0
            code-2062  [003]   721.444769: i915_request_queue:   dev=0, hw_id=9, ring=0, ctx=28, seqno=2171, flags=0x0
            code-2062  [003]   721.444780: i915_request_add:     dev=0, hw_id=9, ring=0, ctx=28, seqno=2171, global=0
            code-2062  [003]   721.444781: i915_request_submit:  dev=0, hw_id=9, ring=0, ctx=28, seqno=2171, global=0
            Xorg-937   [006]   721.444896: i915_request_queue:   dev=0, hw_id=3, ring=0, ctx=20, seqno=45712, flags=0x0
            Xorg-937   [006]   721.444907: i915_request_add:     dev=0, hw_id=3, ring=0, ctx=20, seqno=45712, global=0
            Xorg-937   [006]   721.444908: i915_request_submit:  dev=0, hw_id=3, ring=0, ctx=20, seqno=45712, global=0
          <idle>-0     [005]   721.445168: i915_request_out:     dev=0, hw_id=9, ring=0, ctx=28, seqno=2169, global=94343, completed?=1
          <idle>-0     [005]   721.445169: i915_request_execute: dev=0, hw_id=9, ring=0, ctx=28, seqno=2170, global=94346
          <idle>-0     [005]   721.445170: i915_request_in:      dev=0, hw_id=9, ring=0, ctx=28, seqno=2170, prio=0, global=94346, port=1
          <idle>-0     [005]   721.445170: i915_request_execute: dev=0, hw_id=9, ring=0, ctx=28, seqno=2171, global=94347
          <idle>-0     [005]   721.445170: i915_request_in:      dev=0, hw_id=9, ring=0, ctx=28, seqno=2171, prio=0, global=94347, port=1
          <idle>-0     [005]   721.445500: i915_request_submit:  dev=0, hw_id=22, ring=2, ctx=65, seqno=22, global=0
          <idle>-0     [005]   721.445502: i915_request_execute: dev=0, hw_id=22, ring=2, ctx=65, seqno=22, global=684
          <idle>-0     [005]   721.445502: i915_request_in:      dev=0, hw_id=22, ring=2, ctx=65, seqno=22, prio=0, global=684, port=0
          <idle>-0     [005]   721.445546: i915_request_submit:  dev=0, hw_id=22, ring=0, ctx=64, seqno=46, global=0
          <idle>-0     [005]   721.445547: i915_request_submit:  dev=0, hw_id=22, ring=0, ctx=64, seqno=47, global=0
          <idle>-0     [005]   721.445549: i915_request_out:     dev=0, hw_id=22, ring=2, ctx=65, seqno=22, global=684, completed?=1
      h264encode-23057 [001]   721.445561: i915_request_queue:   dev=0, hw_id=22, ring=0, ctx=64, seqno=56, flags=0x0
      h264encode-23057 [001]   721.445568: i915_request_add:     dev=0, hw_id=22, ring=0, ctx=64, seqno=56, global=0
      h264encode-23058 [005]   721.445584: i915_request_out:     dev=0, hw_id=22, ring=0, ctx=64, seqno=45, global=94345, completed?=1
      h264encode-23058 [005]   721.445585: i915_request_execute: dev=0, hw_id=3, ring=0, ctx=20, seqno=45712, global=94348
      h264encode-23058 [005]   721.445586: i915_request_in:      dev=0, hw_id=3, ring=0, ctx=20, seqno=45712, prio=0, global=94348, port=1
      h264encode-23057 [001]   721.445738: i915_request_queue:   dev=0, hw_id=22, ring=2, ctx=65, seqno=28, flags=0x0
      h264encode-23057 [001]   721.445742: i915_request_add:     dev=0, hw_id=22, ring=2, ctx=65, seqno=28, global=0
      h264encode-23057 [001]   721.445821: i915_request_queue:   dev=0, hw_id=22, ring=0, ctx=64, seqno=57, flags=0x0
      h264encode-23057 [001]   721.445825: i915_request_add:     dev=0, hw_id=22, ring=0, ctx=64, seqno=57, global=0
          <idle>-0     [005]   721.446454: i915_request_out:     dev=0, hw_id=9, ring=0, ctx=28, seqno=2171, global=94347, completed?=1
          <idle>-0     [005]   721.446456: i915_request_execute: dev=0, hw_id=22, ring=0, ctx=64, seqno=46, global=94349
          <idle>-0     [005]   721.446460: i915_request_in:      dev=0, hw_id=22, ring=0, ctx=64, seqno=46, prio=0, global=94349, port=1
          <idle>-0     [005]   721.446460: i915_request_execute: dev=0, hw_id=22, ring=0, ctx=64, seqno=47, global=94350
          <idle>-0     [005]   721.446460: i915_request_in:      dev=0, hw_id=22, ring=0, ctx=64, seqno=47, prio=0, global=94350, port=1
          <idle>-0     [005]   721.447285: i915_request_out:     dev=0, hw_id=3, ring=0, ctx=20, seqno=45712, global=94348, completed?=1
          <idle>-0     [005]   721.447630: i915_request_submit:  dev=0, hw_id=22, ring=2, ctx=65, seqno=23, global=0
          <idle>-0     [005]   721.447631: i915_request_execute: dev=0, hw_id=22, ring=2, ctx=65, seqno=23, global=685
          <idle>-0     [005]   721.447631: i915_request_in:      dev=0, hw_id=22, ring=2, ctx=65, seqno=23, prio=0, global=685, port=0
          <idle>-0     [005]   721.447675: i915_request_submit:  dev=0, hw_id=22, ring=0, ctx=64, seqno=48, global=0
          <idle>-0     [005]   721.447676: i915_request_submit:  dev=0, hw_id=22, ring=0, ctx=64, seqno=49, global=0
          <idle>-0     [005]   721.447680: i915_request_execute: dev=0, hw_id=22, ring=0, ctx=64, seqno=48, global=94351
          <idle>-0     [005]   721.447680: i915_request_in:      dev=0, hw_id=22, ring=0, ctx=64, seqno=48, prio=0, global=94351, port=0
          <idle>-0     [005]   721.447680: i915_request_execute: dev=0, hw_id=22, ring=0, ctx=64, seqno=49, global=94352
          <idle>-0     [005]   721.447680: i915_request_in:      dev=0, hw_id=22, ring=0, ctx=64, seqno=49, prio=0, global=94352, port=0
          <idle>-0     [005]   721.447682: i915_request_out:     dev=0, hw_id=22, ring=2, ctx=65, seqno=23, global=685, completed?=1
      h264encode-23057 [001]   721.447683: i915_request_queue:   dev=0, hw_id=22, ring=0, ctx=64, seqno=58, flags=0x0
      h264encode-23057 [001]   721.447691: i915_request_add:     dev=0, hw_id=22, ring=0, ctx=64, seqno=58, global=0
      h264encode-23057 [001]   721.447841: i915_request_queue:   dev=0, hw_id=22, ring=2, ctx=65, seqno=29, flags=0x0
      h264encode-23057 [001]   721.447845: i915_request_add:     dev=0, hw_id=22, ring=2, ctx=65, seqno=29, global=0
      h264encode-23057 [001]   721.447919: i915_request_queue:   dev=0, hw_id=22, ring=0, ctx=64, seqno=59, flags=0x0
      h264encode-23057 [001]   721.447923: i915_request_add:     dev=0, hw_id=22, ring=0, ctx=64, seqno=59, global=0
          <idle>-0     [005]   721.448019: i915_request_submit:  dev=0, hw_id=22, ring=2, ctx=65, seqno=24, global=0
          <idle>-0     [005]   721.448022: i915_request_execute: dev=0, hw_id=22, ring=2, ctx=65, seqno=24, global=686
          <idle>-0     [005]   721.448022: i915_request_in:      dev=0, hw_id=22, ring=2, ctx=65, seqno=24, prio=0, global=686, port=0
          <idle>-0     [005]   721.448055: i915_request_submit:  dev=0, hw_id=22, ring=0, ctx=64, seqno=50, global=0
          <idle>-0     [005]   721.448055: i915_request_submit:  dev=0, hw_id=22, ring=0, ctx=64, seqno=51, global=0
          <idle>-0     [005]   721.448059: i915_request_execute: dev=0, hw_id=22, ring=0, ctx=64, seqno=50, global=94353
          <idle>-0     [005]   721.448059: i915_request_in:      dev=0, hw_id=22, ring=0, ctx=64, seqno=50, prio=0, global=94353, port=0
          <idle>-0     [005]   721.448060: i915_request_execute: dev=0, hw_id=22, ring=0, ctx=64, seqno=51, global=94354
          <idle>-0     [005]   721.448060: i915_request_in:      dev=0, hw_id=22, ring=0, ctx=64, seqno=51, prio=0, global=94354, port=0
          <idle>-0     [005]   721.448061: i915_request_out:     dev=0, hw_id=22, ring=2, ctx=65, seqno=24, global=686, completed?=1
      h264encode-23057 [001]   721.448064: i915_request_queue:   dev=0, hw_id=22, ring=0, ctx=64, seqno=60, flags=0x0
      h264encode-23057 [001]   721.448070: i915_request_add:     dev=0, hw_id=22, ring=0, ctx=64, seqno=60, global=0
      h264encode-23057 [001]   721.448209: i915_request_queue:   dev=0, hw_id=22, ring=2, ctx=65, seqno=30, flags=0x0
      h264encode-23057 [001]   721.448213: i915_request_add:     dev=0, hw_id=22, ring=2, ctx=65, seqno=30, global=0
      h264encode-23057 [001]   721.448266: i915_request_queue:   dev=0, hw_id=22, ring=0, ctx=64, seqno=61, flags=0x0
      h264encode-23057 [001]   721.448268: i915_request_add:     dev=0, hw_id=22, ring=0, ctx=64, seqno=61, global=0
            Xorg-937   [006]   721.448296: i915_request_queue:   dev=0, hw_id=3, ring=0, ctx=20, seqno=45713, flags=0x0
            Xorg-937   [006]   721.448304: i915_request_add:     dev=0, hw_id=3, ring=0, ctx=20, seqno=45713, global=0
            Xorg-937   [006]   721.448305: i915_request_submit:  dev=0, hw_id=3, ring=0, ctx=20, seqno=45713, global=0
            Xorg-937   [006]   721.448307: i915_request_execute: dev=0, hw_id=3, ring=0, ctx=20, seqno=45713, global=94355
            Xorg-937   [006]   721.448307: i915_request_in:      dev=0, hw_id=3, ring=0, ctx=20, seqno=45713, prio=0, global=94355, port=1
          <idle>-0     [005]   721.448409: i915_request_submit:  dev=0, hw_id=22, ring=2, ctx=65, seqno=25, global=0
          <idle>-0     [005]   721.448410: i915_request_execute: dev=0, hw_id=22, ring=2, ctx=65, seqno=25, global=687
          <idle>-0     [005]   721.448411: i915_request_in:      dev=0, hw_id=22, ring=2, ctx=65, seqno=25, prio=0, global=687, port=0
          <idle>-0     [005]   721.448484: i915_request_submit:  dev=0, hw_id=22, ring=0, ctx=64, seqno=52, global=0
          <idle>-0     [005]   721.448485: i915_request_submit:  dev=0, hw_id=22, ring=0, ctx=64, seqno=53, global=0
          <idle>-0     [005]   721.448487: i915_request_out:     dev=0, hw_id=22, ring=2, ctx=65, seqno=25, global=687, completed?=1
          <idle>-0     [005]   721.448506: i915_request_out:     dev=0, hw_id=22, ring=0, ctx=64, seqno=51, global=94354, completed?=1
          <idle>-0     [005]   721.448508: i915_request_execute: dev=0, hw_id=22, ring=0, ctx=64, seqno=52, global=94356
          <idle>-0     [005]   721.448508: i915_request_in:      dev=0, hw_id=22, ring=0, ctx=64, seqno=52, prio=0, global=94356, port=1
          <idle>-0     [005]   721.448509: i915_request_execute: dev=0, hw_id=22, ring=0, ctx=64, seqno=53, global=94357
          <idle>-0     [005]   721.448509: i915_request_in:      dev=0, hw_id=22, ring=0, ctx=64, seqno=53, prio=0, global=94357, port=1
      h264encode-23057 [001]   721.448510: i915_request_queue:   dev=0, hw_id=22, ring=0, ctx=64, seqno=62, flags=0x0
      h264encode-23057 [001]   721.448516: i915_request_add:     dev=0, hw_id=22, ring=0, ctx=64, seqno=62, global=0
      h264encode-23057 [001]   721.448622: i915_request_queue:   dev=0, hw_id=22, ring=2, ctx=65, seqno=31, flags=0x0
      h264encode-23057 [001]   721.448625: i915_request_add:     dev=0, hw_id=22, ring=2, ctx=65, seqno=31, global=0
          <idle>-0     [005]   721.448674: i915_request_out:     dev=0, hw_id=3, ring=0, ctx=20, seqno=45713, global=94355, completed?=1
      h264encode-23057 [001]   721.448687: i915_request_queue:   dev=0, hw_id=22, ring=0, ctx=64, seqno=63, flags=0x0
      h264encode-23057 [001]   721.448690: i915_request_add:     dev=0, hw_id=22, ring=0, ctx=64, seqno=63, global=0
            Xorg-937   [006]   721.448873: i915_request_queue:   dev=0, hw_id=3, ring=0, ctx=20, seqno=45714, flags=0x0
            Xorg-937   [006]   721.448880: i915_request_add:     dev=0, hw_id=3, ring=0, ctx=20, seqno=45714, global=0
            Xorg-937   [006]   721.448881: i915_request_submit:  dev=0, hw_id=3, ring=0, ctx=20, seqno=45714, global=0
            Xorg-937   [006]   721.448882: i915_request_execute: dev=0, hw_id=3, ring=0, ctx=20, seqno=45714, global=94358
            Xorg-937   [006]   721.448882: i915_request_in:      dev=0, hw_id=3, ring=0, ctx=20, seqno=45714, prio=0, global=94358, port=1
          <idle>-0     [005]   721.449000: i915_request_submit:  dev=0, hw_id=22, ring=2, ctx=65, seqno=26, global=0
          <idle>-0     [005]   721.449001: i915_request_execute: dev=0, hw_id=22, ring=2, ctx=65, seqno=26, global=688
          <idle>-0     [005]   721.449001: i915_request_in:      dev=0, hw_id=22, ring=2, ctx=65, seqno=26, prio=0, global=688, port=0
            Xorg-937   [006]   721.449021: i915_request_queue:   dev=0, hw_id=3, ring=0, ctx=20, seqno=45715, flags=0x0
            Xorg-937   [006]   721.449024: i915_request_add:     dev=0, hw_id=3, ring=0, ctx=20, seqno=45715, global=0
            Xorg-937   [006]   721.449025: i915_request_submit:  dev=0, hw_id=3, ring=0, ctx=20, seqno=45715, global=0
      h264encode-23057 [001]   721.449059: i915_request_queue:   dev=0, hw_id=22, ring=0, ctx=64, seqno=64, flags=0x0
      h264encode-23057 [001]   721.449063: i915_request_add:     dev=0, hw_id=22, ring=0, ctx=64, seqno=64, global=0
          <idle>-0     [005]   721.449081: i915_request_submit:  dev=0, hw_id=22, ring=0, ctx=64, seqno=54, global=0
          <idle>-0     [005]   721.449082: i915_request_submit:  dev=0, hw_id=22, ring=0, ctx=64, seqno=55, global=0
          <idle>-0     [005]   721.449085: i915_request_out:     dev=0, hw_id=22, ring=0, ctx=64, seqno=53, global=94357, completed?=1
          <idle>-0     [005]   721.449086: i915_request_execute: dev=0, hw_id=3, ring=0, ctx=20, seqno=45715, global=94359
          <idle>-0     [005]   721.449087: i915_request_in:      dev=0, hw_id=3, ring=0, ctx=20, seqno=45715, prio=0, global=94359, port=0
          <idle>-0     [005]   721.449088: i915_request_execute: dev=0, hw_id=22, ring=0, ctx=64, seqno=54, global=94360
          <idle>-0     [005]   721.449088: i915_request_in:      dev=0, hw_id=22, ring=0, ctx=64, seqno=54, prio=0, global=94360, port=1
          <idle>-0     [005]   721.449088: i915_request_execute: dev=0, hw_id=22, ring=0, ctx=64, seqno=55, global=94361
          <idle>-0     [005]   721.449089: i915_request_in:      dev=0, hw_id=22, ring=0, ctx=64, seqno=55, prio=0, global=94361, port=1
          <idle>-0     [005]   721.449090: i915_request_out:     dev=0, hw_id=22, ring=2, ctx=65, seqno=26, global=688, completed?=1
      h264encode-23057 [001]   721.449178: i915_request_queue:   dev=0, hw_id=22, ring=2, ctx=65, seqno=32, flags=0x0
      h264encode-23057 [001]   721.449181: i915_request_add:     dev=0, hw_id=22, ring=2, ctx=65, seqno=32, global=0
      h264encode-23057 [001]   721.449245: i915_request_queue:   dev=0, hw_id=22, ring=0, ctx=64, seqno=65, flags=0x0
      h264encode-23057 [001]   721.449248: i915_request_add:     dev=0, hw_id=22, ring=0, ctx=64, seqno=65, global=0
          <idle>-0     [005]   721.449296: i915_request_out:     dev=0, hw_id=3, ring=0, ctx=20, seqno=45715, global=94359, completed?=1
          <idle>-0     [005]   721.449638: i915_request_submit:  dev=0, hw_id=22, ring=2, ctx=65, seqno=27, global=0
          <idle>-0     [005]   721.449639: i915_request_execute: dev=0, hw_id=22, ring=2, ctx=65, seqno=27, global=689
          <idle>-0     [005]   721.449639: i915_request_in:      dev=0, hw_id=22, ring=2, ctx=65, seqno=27, prio=0, global=689, port=0
          <idle>-0     [005]   721.449702: i915_request_out:     dev=0, hw_id=22, ring=0, ctx=64, seqno=55, global=94361, completed?=1
      h264encode-23057 [001]   721.449712: i915_request_queue:   dev=0, hw_id=22, ring=0, ctx=64, seqno=66, flags=0x0
          <idle>-0     [005]   721.449714: i915_request_submit:  dev=0, hw_id=22, ring=0, ctx=64, seqno=56, global=0
          <idle>-0     [005]   721.449715: i915_request_submit:  dev=0, hw_id=22, ring=0, ctx=64, seqno=57, global=0
      h264encode-23057 [001]   721.449717: i915_request_add:     dev=0, hw_id=22, ring=0, ctx=64, seqno=66, global=0
          <idle>-0     [005]   721.449718: i915_request_execute: dev=0, hw_id=22, ring=0, ctx=64, seqno=56, global=94362
          <idle>-0     [005]   721.449718: i915_request_in:      dev=0, hw_id=22, ring=0, ctx=64, seqno=56, prio=0, global=94362, port=0
          <idle>-0     [005]   721.449719: i915_request_execute: dev=0, hw_id=22, ring=0, ctx=64, seqno=57, global=94363
          <idle>-0     [005]   721.449719: i915_request_in:      dev=0, hw_id=22, ring=0, ctx=64, seqno=57, prio=0, global=94363, port=0
          <idle>-0     [005]   721.449720: i915_request_out:     dev=0, hw_id=22, ring=2, ctx=65, seqno=27, global=689, completed?=1
      h264encode-23057 [001]   721.449819: i915_request_queue:   dev=0, hw_id=22, ring=2, ctx=65, seqno=33, flags=0x0
      h264encode-23057 [001]   721.449822: i915_request_add:     dev=0, hw_id=22, ring=2, ctx=65, seqno=33, global=0
      h264encode-23057 [001]   721.449881: i915_request_queue:   dev=0, hw_id=22, ring=0, ctx=64, seqno=67, flags=0x0
      h264encode-23057 [001]   721.449884: i915_request_add:     dev=0, hw_id=22, ring=0, ctx=64, seqno=67, global=0
          <idle>-0     [005]   721.450066: i915_request_submit:  dev=0, hw_id=22, ring=2, ctx=65, seqno=28, global=0
          <idle>-0     [005]   721.450071: i915_request_execute: dev=0, hw_id=22, ring=2, ctx=65, seqno=28, global=690
          <idle>-0     [005]   721.450071: i915_request_in:      dev=0, hw_id=22, ring=2, ctx=65, seqno=28, prio=0, global=690, port=0
          <idle>-0     [005]   721.450131: i915_request_out:     dev=0, hw_id=22, ring=0, ctx=64, seqno=57, global=94363, completed?=1
      h264encode-23057 [001]   721.450132: i915_request_queue:   dev=0, hw_id=22, ring=0, ctx=64, seqno=68, flags=0x0
      h264encode-23057 [001]   721.450139: i915_request_add:     dev=0, hw_id=22, ring=0, ctx=64, seqno=68, global=0
          <idle>-0     [005]   721.450169: i915_request_submit:  dev=0, hw_id=22, ring=0, ctx=64, seqno=58, global=0
          <idle>-0     [005]   721.450170: i915_request_submit:  dev=0, hw_id=22, ring=0, ctx=64, seqno=59, global=0
          <idle>-0     [005]   721.450173: i915_request_execute: dev=0, hw_id=22, ring=0, ctx=64, seqno=58, global=94364
          <idle>-0     [005]   721.450174: i915_request_in:      dev=0, hw_id=22, ring=0, ctx=64, seqno=58, prio=0, global=94364, port=0
          <idle>-0     [005]   721.450174: i915_request_execute: dev=0, hw_id=22, ring=0, ctx=64, seqno=59, global=94365
          <idle>-0     [005]   721.450174: i915_request_in:      dev=0, hw_id=22, ring=0, ctx=64, seqno=59, prio=0, global=94365, port=0
          <idle>-0     [005]   721.450176: i915_request_out:     dev=0, hw_id=22, ring=2, ctx=65, seqno=28, global=690, completed?=1
      h264encode-23057 [001]   721.450253: i915_request_queue:   dev=0, hw_id=22, ring=2, ctx=65, seqno=34, flags=0x0
      h264encode-23057 [001]   721.450256: i915_request_add:     dev=0, hw_id=22, ring=2, ctx=65, seqno=34, global=0
      h264encode-23057 [001]   721.450308: i915_request_queue:   dev=0, hw_id=22, ring=0, ctx=64, seqno=69, flags=0x0
      h264encode-23057 [001]   721.450311: i915_request_add:     dev=0, hw_id=22, ring=0, ctx=64, seqno=69, global=0
          <idle>-0     [005]   721.450522: i915_request_submit:  dev=0, hw_id=22, ring=2, ctx=65, seqno=29, global=0
          <idle>-0     [005]   721.450524: i915_request_execute: dev=0, hw_id=22, ring=2, ctx=65, seqno=29, global=691
          <idle>-0     [005]   721.450524: i915_request_in:      dev=0, hw_id=22, ring=2, ctx=65, seqno=29, prio=0, global=691, port=0
          <idle>-0     [005]   721.450585: i915_request_out:     dev=0, hw_id=22, ring=0, ctx=64, seqno=59, global=94365, completed?=1
          <idle>-0     [005]   721.450615: i915_request_submit:  dev=0, hw_id=22, ring=0, ctx=64, seqno=60, global=0
          <idle>-0     [005]   721.450615: i915_request_submit:  dev=0, hw_id=22, ring=0, ctx=64, seqno=61, global=0
          <idle>-0     [005]   721.450619: i915_request_execute: dev=0, hw_id=22, ring=0, ctx=64, seqno=60, global=94366
          <idle>-0     [005]   721.450619: i915_request_in:      dev=0, hw_id=22, ring=0, ctx=64, seqno=60, prio=0, global=94366, port=0
          <idle>-0     [005]   721.450619: i915_request_execute: dev=0, hw_id=22, ring=0, ctx=64, seqno=61, global=94367
          <idle>-0     [005]   721.450619: i915_request_in:      dev=0, hw_id=22, ring=0, ctx=64, seqno=61, prio=0, global=94367, port=0
          <idle>-0     [005]   721.450621: i915_request_out:     dev=0, hw_id=22, ring=2, ctx=65, seqno=29, global=691, completed?=1
      h264encode-23057 [002]   721.450640: i915_request_queue:   dev=0, hw_id=22, ring=0, ctx=64, seqno=70, flags=0x0
      h264encode-23057 [002]   721.450647: i915_request_add:     dev=0, hw_id=22, ring=0, ctx=64, seqno=70, global=0
      h264encode-23057 [002]   721.450751: i915_request_queue:   dev=0, hw_id=22, ring=2, ctx=65, seqno=35, flags=0x0
      h264encode-23057 [002]   721.450756: i915_request_add:     dev=0, hw_id=22, ring=2, ctx=65, seqno=35, global=0
      h264encode-23057 [002]   721.450849: i915_request_queue:   dev=0, hw_id=22, ring=0, ctx=64, seqno=71, flags=0x0
      h264encode-23057 [002]   721.450853: i915_request_add:     dev=0, hw_id=22, ring=0, ctx=64, seqno=71, global=0
          <idle>-0     [005]   721.450971: i915_request_submit:  dev=0, hw_id=22, ring=2, ctx=65, seqno=30, global=0
          <idle>-0     [005]   721.450973: i915_request_execute: dev=0, hw_id=22, ring=2, ctx=65, seqno=30, global=692
          <idle>-0     [005]   721.450973: i915_request_in:      dev=0, hw_id=22, ring=2, ctx=65, seqno=30, prio=0, global=692, port=0
      h264encode-23057 [002]   721.451023: i915_request_queue:   dev=0, hw_id=22, ring=0, ctx=64, seqno=72, flags=0x0
          <idle>-0     [005]   721.451024: i915_request_submit:  dev=0, hw_id=22, ring=0, ctx=64, seqno=62, global=0
          <idle>-0     [005]   721.451025: i915_request_submit:  dev=0, hw_id=22, ring=0, ctx=64, seqno=63, global=0
      h264encode-23057 [002]   721.451028: i915_request_add:     dev=0, hw_id=22, ring=0, ctx=64, seqno=72, global=0
          <idle>-0     [005]   721.451028: i915_request_out:     dev=0, hw_id=22, ring=0, ctx=64, seqno=61, global=94367, completed?=1
          <idle>-0     [005]   721.451030: i915_request_execute: dev=0, hw_id=22, ring=0, ctx=64, seqno=62, global=94368
          <idle>-0     [005]   721.451030: i915_request_in:      dev=0, hw_id=22, ring=0, ctx=64, seqno=62, prio=0, global=94368, port=0
          <idle>-0     [005]   721.451031: i915_request_execute: dev=0, hw_id=22, ring=0, ctx=64, seqno=63, global=94369
          <idle>-0     [005]   721.451031: i915_request_in:      dev=0, hw_id=22, ring=0, ctx=64, seqno=63, prio=0, global=94369, port=0
          <idle>-0     [005]   721.451032: i915_request_out:     dev=0, hw_id=22, ring=2, ctx=65, seqno=30, global=692, completed?=1
      h264encode-23057 [002]   721.451120: i915_request_queue:   dev=0, hw_id=22, ring=2, ctx=65, seqno=36, flags=0x0
      h264encode-23057 [002]   721.451123: i915_request_add:     dev=0, hw_id=22, ring=2, ctx=65, seqno=36, global=0
          <idle>-0     [005]   721.451176: i915_request_submit:  dev=0, hw_id=22, ring=2, ctx=65, seqno=31, global=0
          <idle>-0     [005]   721.451178: i915_request_execute: dev=0, hw_id=22, ring=2, ctx=65, seqno=31, global=693
          <idle>-0     [005]   721.451179: i915_request_in:      dev=0, hw_id=22, ring=2, ctx=65, seqno=31, prio=0, global=693, port=0
      h264encode-23057 [002]   721.451187: i915_request_queue:   dev=0, hw_id=22, ring=0, ctx=64, seqno=73, flags=0x0
      h264encode-23057 [002]   721.451190: i915_request_add:     dev=0, hw_id=22, ring=0, ctx=64, seqno=73, global=0
      h264encode-23057 [002]   721.451225: i915_request_queue:   dev=0, hw_id=22, ring=0, ctx=64, seqno=74, flags=0x0
      h264encode-23057 [002]   721.451229: i915_request_add:     dev=0, hw_id=22, ring=0, ctx=64, seqno=74, global=0
      h264encode-23058 [005]   721.451230: i915_request_submit:  dev=0, hw_id=22, ring=0, ctx=64, seqno=64, global=0
      h264encode-23058 [005]   721.451231: i915_request_submit:  dev=0, hw_id=22, ring=0, ctx=64, seqno=65, global=0
      h264encode-23058 [005]   721.451235: i915_request_execute: dev=0, hw_id=22, ring=0, ctx=64, seqno=64, global=94370
      h264encode-23058 [005]   721.451235: i915_request_in:      dev=0, hw_id=22, ring=0, ctx=64, seqno=64, prio=0, global=94370, port=0
      h264encode-23058 [005]   721.451236: i915_request_execute: dev=0, hw_id=22, ring=0, ctx=64, seqno=65, global=94371
      h264encode-23058 [005]   721.451236: i915_request_in:      dev=0, hw_id=22, ring=0, ctx=64, seqno=65, prio=0, global=94371, port=0
      h264encode-23058 [005]   721.451238: i915_request_out:     dev=0, hw_id=22, ring=2, ctx=65, seqno=31, global=693, completed?=1
      h264encode-23057 [002]   721.451318: i915_request_queue:   dev=0, hw_id=22, ring=2, ctx=65, seqno=37, flags=0x0
      h264encode-23057 [002]   721.451321: i915_request_add:     dev=0, hw_id=22, ring=2, ctx=65, seqno=37, global=0
      h264encode-23057 [002]   721.451374: i915_request_queue:   dev=0, hw_id=22, ring=0, ctx=64, seqno=75, flags=0x0
      h264encode-23057 [002]   721.451376: i915_request_add:     dev=0, hw_id=22, ring=0, ctx=64, seqno=75, global=0
          <idle>-0     [005]   721.451583: i915_request_submit:  dev=0, hw_id=22, ring=2, ctx=65, seqno=32, global=0
          <idle>-0     [005]   721.451585: i915_request_execute: dev=0, hw_id=22, ring=2, ctx=65, seqno=32, global=694
          <idle>-0     [005]   721.451585: i915_request_in:      dev=0, hw_id=22, ring=2, ctx=65, seqno=32, prio=0, global=694, port=0
      h264encode-23057 [002]   721.451641: i915_request_queue:   dev=0, hw_id=22, ring=0, ctx=64, seqno=76, flags=0x0
      h264encode-23057 [002]   721.451645: i915_request_add:     dev=0, hw_id=22, ring=0, ctx=64, seqno=76, global=0
          <idle>-0     [005]   721.451646: i915_request_submit:  dev=0, hw_id=22, ring=0, ctx=64, seqno=66, global=0
          <idle>-0     [005]   721.451647: i915_request_submit:  dev=0, hw_id=22, ring=0, ctx=64, seqno=67, global=0
          <idle>-0     [005]   721.451650: i915_request_out:     dev=0, hw_id=22, ring=0, ctx=64, seqno=65, global=94371, completed?=1
          <idle>-0     [005]   721.451651: i915_request_execute: dev=0, hw_id=22, ring=0, ctx=64, seqno=66, global=94372
          <idle>-0     [005]   721.451651: i915_request_in:      dev=0, hw_id=22, ring=0, ctx=64, seqno=66, prio=0, global=94372, port=0
          <idle>-0     [005]   721.451651: i915_request_execute: dev=0, hw_id=22, ring=0, ctx=64, seqno=67, global=94373
          <idle>-0     [005]   721.451651: i915_request_in:      dev=0, hw_id=22, ring=0, ctx=64, seqno=67, prio=0, global=94373, port=0
          <idle>-0     [005]   721.451652: i915_request_out:     dev=0, hw_id=22, ring=2, ctx=65, seqno=32, global=694, completed?=1
      h264encode-23057 [002]   721.451740: i915_request_queue:   dev=0, hw_id=22, ring=2, ctx=65, seqno=38, flags=0x0
      h264encode-23057 [002]   721.451743: i915_request_add:     dev=0, hw_id=22, ring=2, ctx=65, seqno=38, global=0
      h264encode-23057 [002]   721.451798: i915_request_queue:   dev=0, hw_id=22, ring=0, ctx=64, seqno=77, flags=0x0
      h264encode-23057 [002]   721.451800: i915_request_add:     dev=0, hw_id=22, ring=0, ctx=64, seqno=77, global=0
          <idle>-0     [005]   721.452012: i915_request_submit:  dev=0, hw_id=22, ring=2, ctx=65, seqno=33, global=0
          <idle>-0     [005]   721.452013: i915_request_execute: dev=0, hw_id=22, ring=2, ctx=65, seqno=33, global=695
          <idle>-0     [005]   721.452013: i915_request_in:      dev=0, hw_id=22, ring=2, ctx=65, seqno=33, prio=0, global=695, port=0
          <idle>-0     [005]   721.452072: i915_request_submit:  dev=0, hw_id=22, ring=0, ctx=64, seqno=68, global=0
          <idle>-0     [005]   721.452072: i915_request_submit:  dev=0, hw_id=22, ring=0, ctx=64, seqno=69, global=0
          <idle>-0     [005]   721.452076: i915_request_out:     dev=0, hw_id=22, ring=0, ctx=64, seqno=67, global=94373, completed?=1
          <idle>-0     [005]   721.452078: i915_request_execute: dev=0, hw_id=22, ring=0, ctx=64, seqno=68, global=94374
          <idle>-0     [005]   721.452078: i915_request_in:      dev=0, hw_id=22, ring=0, ctx=64, seqno=68, prio=0, global=94374, port=0
          <idle>-0     [005]   721.452078: i915_request_execute: dev=0, hw_id=22, ring=0, ctx=64, seqno=69, global=94375
          <idle>-0     [005]   721.452078: i915_request_in:      dev=0, hw_id=22, ring=0, ctx=64, seqno=69, prio=0, global=94375, port=0
          <idle>-0     [005]   721.452079: i915_request_out:     dev=0, hw_id=22, ring=2, ctx=65, seqno=33, global=695, completed?=1
      h264encode-23057 [002]   721.452081: i915_request_queue:   dev=0, hw_id=22, ring=0, ctx=64, seqno=78, flags=0x0
      h264encode-23057 [002]   721.452086: i915_request_add:     dev=0, hw_id=22, ring=0, ctx=64, seqno=78, global=0
      h264encode-23057 [002]   721.452229: i915_request_queue:   dev=0, hw_id=22, ring=2, ctx=65, seqno=39, flags=0x0
      h264encode-23057 [002]   721.452233: i915_request_add:     dev=0, hw_id=22, ring=2, ctx=65, seqno=39, global=0
      h264encode-23057 [002]   721.452304: i915_request_queue:   dev=0, hw_id=22, ring=0, ctx=64, seqno=79, flags=0x0
      h264encode-23057 [002]   721.452307: i915_request_add:     dev=0, hw_id=22, ring=0, ctx=64, seqno=79, global=0
          <idle>-0     [005]   721.452424: i915_request_submit:  dev=0, hw_id=22, ring=2, ctx=65, seqno=34, global=0
          <idle>-0     [005]   721.452425: i915_request_execute: dev=0, hw_id=22, ring=2, ctx=65, seqno=34, global=696
          <idle>-0     [005]   721.452425: i915_request_in:      dev=0, hw_id=22, ring=2, ctx=65, seqno=34, prio=0, global=696, port=0
      h264encode-23057 [002]   721.452481: i915_request_queue:   dev=0, hw_id=22, ring=0, ctx=64, seqno=80, flags=0x0
      h264encode-23057 [002]   721.452485: i915_request_add:     dev=0, hw_id=22, ring=0, ctx=64, seqno=80, global=0
          <idle>-0     [005]   721.452489: i915_request_submit:  dev=0, hw_id=22, ring=0, ctx=64, seqno=70, global=0
          <idle>-0     [005]   721.452489: i915_request_submit:  dev=0, hw_id=22, ring=0, ctx=64, seqno=71, global=0
          <idle>-0     [005]   721.452492: i915_request_out:     dev=0, hw_id=22, ring=0, ctx=64, seqno=69, global=94375, completed?=1
          <idle>-0     [005]   721.452494: i915_request_execute: dev=0, hw_id=22, ring=0, ctx=64, seqno=70, global=94376
          <idle>-0     [005]   721.452494: i915_request_in:      dev=0, hw_id=22, ring=0, ctx=64, seqno=70, prio=0, global=94376, port=0
          <idle>-0     [005]   721.452494: i915_request_execute: dev=0, hw_id=22, ring=0, ctx=64, seqno=71, global=94377
          <idle>-0     [005]   721.452494: i915_request_in:      dev=0, hw_id=22, ring=0, ctx=64, seqno=71, prio=0, global=94377, port=0
          <idle>-0     [005]   721.452495: i915_request_out:     dev=0, hw_id=22, ring=2, ctx=65, seqno=34, global=696, completed?=1
      h264encode-23057 [002]   721.452586: i915_request_queue:   dev=0, hw_id=22, ring=2, ctx=65, seqno=40, flags=0x0
      h264encode-23057 [002]   721.452589: i915_request_add:     dev=0, hw_id=22, ring=2, ctx=65, seqno=40, global=0
      h264encode-23057 [002]   721.452659: i915_request_queue:   dev=0, hw_id=22, ring=0, ctx=64, seqno=81, flags=0x0
      h264encode-23057 [002]   721.452662: i915_request_add:     dev=0, hw_id=22, ring=0, ctx=64, seqno=81, global=0
          <idle>-0     [005]   721.452856: i915_request_submit:  dev=0, hw_id=22, ring=2, ctx=65, seqno=35, global=0
          <idle>-0     [005]   721.452857: i915_request_execute: dev=0, hw_id=22, ring=2, ctx=65, seqno=35, global=697
          <idle>-0     [005]   721.452857: i915_request_in:      dev=0, hw_id=22, ring=2, ctx=65, seqno=35, prio=0, global=697, port=0
          compiz-1783  [007]   721.452901: i915_request_queue:   dev=0, hw_id=5, ring=0, ctx=25, seqno=20793, flags=0x0
          compiz-1783  [007]   721.452910: i915_request_add:     dev=0, hw_id=5, ring=0, ctx=25, seqno=20793, global=0
          compiz-1783  [007]   721.452911: i915_request_submit:  dev=0, hw_id=5, ring=0, ctx=25, seqno=20793, global=0
          compiz-1783  [007]   721.452912: i915_request_execute: dev=0, hw_id=5, ring=0, ctx=25, seqno=20793, global=94378
          compiz-1783  [007]   721.452912: i915_request_in:      dev=0, hw_id=5, ring=0, ctx=25, seqno=20793, prio=0, global=94378, port=1
          <idle>-0     [005]   721.452916: i915_request_submit:  dev=0, hw_id=22, ring=0, ctx=64, seqno=72, global=0
          <idle>-0     [005]   721.452917: i915_request_submit:  dev=0, hw_id=22, ring=0, ctx=64, seqno=73, global=0
          <idle>-0     [005]   721.452920: i915_request_out:     dev=0, hw_id=22, ring=2, ctx=65, seqno=35, global=697, completed?=1
      h264encode-23057 [002]   721.452934: i915_request_queue:   dev=0, hw_id=22, ring=0, ctx=64, seqno=82, flags=0x0
      h264encode-23057 [002]   721.452939: i915_request_add:     dev=0, hw_id=22, ring=0, ctx=64, seqno=82, global=0
          <idle>-0     [005]   721.452966: i915_request_out:     dev=0, hw_id=22, ring=0, ctx=64, seqno=71, global=94377, completed?=1
          <idle>-0     [005]   721.452967: i915_request_execute: dev=0, hw_id=22, ring=0, ctx=64, seqno=72, global=94379
          <idle>-0     [005]   721.452968: i915_request_in:      dev=0, hw_id=22, ring=0, ctx=64, seqno=72, prio=0, global=94379, port=1
          <idle>-0     [005]   721.452969: i915_request_execute: dev=0, hw_id=22, ring=0, ctx=64, seqno=73, global=94380
          <idle>-0     [005]   721.452969: i915_request_in:      dev=0, hw_id=22, ring=0, ctx=64, seqno=73, prio=0, global=94380, port=1
      h264encode-23057 [002]   721.453048: i915_request_queue:   dev=0, hw_id=22, ring=2, ctx=65, seqno=41, flags=0x0
