      h264encode-23057 [002]   721.453052: i915_request_add:     dev=0, hw_id=22, ring=2, ctx=65, seqno=41, global=0
      h264encode-23057 [002]   721.453115: i915_request_queue:   dev=0, hw_id=22, ring=0, ctx=64, seqno=83, flags=0x0
      h264encode-23057 [002]   721.453118: i915_request_add:     dev=0, hw_id=22, ring=0, ctx=64, seqno=83, global=0
          <idle>-0     [005]   721.453852: i915_request_out:     dev=0, hw_id=5, ring=0, ctx=25, seqno=20793, global=94378, completed?=1
          <idle>-0     [005]   721.454180: i915_request_submit:  dev=0, hw_id=22, ring=2, ctx=65, seqno=36, global=0
          <idle>-0     [005]   721.454181: i915_request_execute: dev=0, hw_id=22, ring=2, ctx=65, seqno=36, global=698
          <idle>-0     [005]   721.454181: i915_request_in:      dev=0, hw_id=22, ring=2, ctx=65, seqno=36, prio=0, global=698, port=0
      h264encode-23057 [002]   721.454239: i915_request_queue:   dev=0, hw_id=22, ring=0, ctx=64, seqno=84, flags=0x0
          <idle>-0     [005]   721.454239: i915_request_submit:  dev=0, hw_id=22, ring=0, ctx=64, seqno=74, global=0
          <idle>-0     [005]   721.454240: i915_request_submit:  dev=0, hw_id=22, ring=0, ctx=64, seqno=75, global=0
          <idle>-0     [005]   721.454242: i915_request_execute: dev=0, hw_id=22, ring=0, ctx=64, seqno=74, global=94381
          <idle>-0     [005]   721.454242: i915_request_in:      dev=0, hw_id=22, ring=0, ctx=64, seqno=74, prio=0, global=94381, port=0
          <idle>-0     [005]   721.454242: i915_request_execute: dev=0, hw_id=22, ring=0, ctx=64, seqno=75, global=94382
          <idle>-0     [005]   721.454242: i915_request_in:      dev=0, hw_id=22, ring=0, ctx=64, seqno=75, prio=0, global=94382, port=0
      h264encode-23057 [002]   721.454243: i915_request_add:     dev=0, hw_id=22, ring=0, ctx=64, seqno=84, global=0
          <idle>-0     [005]   721.454245: i915_request_out:     dev=0, hw_id=22, ring=2, ctx=65, seqno=36, global=698, completed?=1
      h264encode-23057 [002]   721.454335: i915_request_queue:   dev=0, hw_id=22, ring=2, ctx=65, seqno=42, flags=0x0
      h264encode-23057 [002]   721.454338: i915_request_add:     dev=0, hw_id=22, ring=2, ctx=65, seqno=42, global=0
      h264encode-23057 [002]   721.454399: i915_request_queue:   dev=0, hw_id=22, ring=0, ctx=64, seqno=85, flags=0x0
      h264encode-23057 [002]   721.454401: i915_request_add:     dev=0, hw_id=22, ring=0, ctx=64, seqno=85, global=0
          <idle>-0     [005]   721.454602: i915_request_submit:  dev=0, hw_id=22, ring=2, ctx=65, seqno=37, global=0
          <idle>-0     [005]   721.454604: i915_request_execute: dev=0, hw_id=22, ring=2, ctx=65, seqno=37, global=699
          <idle>-0     [005]   721.454604: i915_request_in:      dev=0, hw_id=22, ring=2, ctx=65, seqno=37, prio=0, global=699, port=0
      h264encode-23057 [002]   721.454659: i915_request_queue:   dev=0, hw_id=22, ring=0, ctx=64, seqno=86, flags=0x0
      h264encode-23057 [002]   721.454662: i915_request_add:     dev=0, hw_id=22, ring=0, ctx=64, seqno=86, global=0
          <idle>-0     [005]   721.454664: i915_request_submit:  dev=0, hw_id=22, ring=0, ctx=64, seqno=76, global=0
          <idle>-0     [005]   721.454665: i915_request_submit:  dev=0, hw_id=22, ring=0, ctx=64, seqno=77, global=0
          <idle>-0     [005]   721.454668: i915_request_out:     dev=0, hw_id=22, ring=0, ctx=64, seqno=75, global=94382, completed?=1
          <idle>-0     [005]   721.454670: i915_request_execute: dev=0, hw_id=22, ring=0, ctx=64, seqno=76, global=94383
          <idle>-0     [005]   721.454670: i915_request_in:      dev=0, hw_id=22, ring=0, ctx=64, seqno=76, prio=0, global=94383, port=0
          <idle>-0     [005]   721.454671: i915_request_execute: dev=0, hw_id=22, ring=0, ctx=64, seqno=77, global=94384
          <idle>-0     [005]   721.454671: i915_request_in:      dev=0, hw_id=22, ring=0, ctx=64, seqno=77, prio=0, global=94384, port=0
          <idle>-0     [005]   721.454675: i915_request_out:     dev=0, hw_id=22, ring=2, ctx=65, seqno=37, global=699, completed?=1
      h264encode-23057 [002]   721.454769: i915_request_queue:   dev=0, hw_id=22, ring=2, ctx=65, seqno=43, flags=0x0
      h264encode-23057 [002]   721.454781: i915_request_add:     dev=0, hw_id=22, ring=2, ctx=65, seqno=43, global=0
      h264encode-23057 [002]   721.454839: i915_request_queue:   dev=0, hw_id=22, ring=0, ctx=64, seqno=87, flags=0x0
      h264encode-23057 [002]   721.454842: i915_request_add:     dev=0, hw_id=22, ring=0, ctx=64, seqno=87, global=0
          <idle>-0     [005]   721.455023: i915_request_submit:  dev=0, hw_id=22, ring=2, ctx=65, seqno=38, global=0
          <idle>-0     [005]   721.455025: i915_request_execute: dev=0, hw_id=22, ring=2, ctx=65, seqno=38, global=700
          <idle>-0     [005]   721.455026: i915_request_in:      dev=0, hw_id=22, ring=2, ctx=65, seqno=38, prio=0, global=700, port=0
      h264encode-23057 [002]   721.455080: i915_request_queue:   dev=0, hw_id=22, ring=0, ctx=64, seqno=88, flags=0x0
      h264encode-23057 [002]   721.455084: i915_request_add:     dev=0, hw_id=22, ring=0, ctx=64, seqno=88, global=0
          <idle>-0     [005]   721.455088: i915_request_submit:  dev=0, hw_id=22, ring=0, ctx=64, seqno=78, global=0
          <idle>-0     [005]   721.455088: i915_request_submit:  dev=0, hw_id=22, ring=0, ctx=64, seqno=79, global=0
          <idle>-0     [005]   721.455092: i915_request_out:     dev=0, hw_id=22, ring=0, ctx=64, seqno=77, global=94384, completed?=1
          <idle>-0     [005]   721.455093: i915_request_execute: dev=0, hw_id=22, ring=0, ctx=64, seqno=78, global=94385
          <idle>-0     [005]   721.455093: i915_request_in:      dev=0, hw_id=22, ring=0, ctx=64, seqno=78, prio=0, global=94385, port=0
          <idle>-0     [005]   721.455094: i915_request_execute: dev=0, hw_id=22, ring=0, ctx=64, seqno=79, global=94386
          <idle>-0     [005]   721.455094: i915_request_in:      dev=0, hw_id=22, ring=0, ctx=64, seqno=79, prio=0, global=94386, port=0
          <idle>-0     [005]   721.455095: i915_request_out:     dev=0, hw_id=22, ring=2, ctx=65, seqno=38, global=700, completed?=1
      h264encode-23057 [002]   721.455187: i915_request_queue:   dev=0, hw_id=22, ring=2, ctx=65, seqno=44, flags=0x0
      h264encode-23057 [002]   721.455190: i915_request_add:     dev=0, hw_id=22, ring=2, ctx=65, seqno=44, global=0
      h264encode-23057 [002]   721.455252: i915_request_queue:   dev=0, hw_id=22, ring=0, ctx=64, seqno=89, flags=0x0
      h264encode-23057 [002]   721.455254: i915_request_add:     dev=0, hw_id=22, ring=0, ctx=64, seqno=89, global=0
          <idle>-0     [005]   721.455455: i915_request_submit:  dev=0, hw_id=22, ring=2, ctx=65, seqno=39, global=0
          <idle>-0     [005]   721.455458: i915_request_execute: dev=0, hw_id=22, ring=2, ctx=65, seqno=39, global=701
          <idle>-0     [005]   721.455458: i915_request_in:      dev=0, hw_id=22, ring=2, ctx=65, seqno=39, prio=0, global=701, port=0
      h264encode-23057 [002]   721.455485: i915_request_queue:   dev=0, hw_id=22, ring=0, ctx=64, seqno=90, flags=0x0
      h264encode-23057 [002]   721.455488: i915_request_add:     dev=0, hw_id=22, ring=0, ctx=64, seqno=90, global=0
          <idle>-0     [005]   721.455500: i915_request_submit:  dev=0, hw_id=22, ring=0, ctx=64, seqno=80, global=0
          <idle>-0     [005]   721.455501: i915_request_submit:  dev=0, hw_id=22, ring=0, ctx=64, seqno=81, global=0
          <idle>-0     [005]   721.455503: i915_request_execute: dev=0, hw_id=22, ring=0, ctx=64, seqno=80, global=94387
          <idle>-0     [005]   721.455503: i915_request_in:      dev=0, hw_id=22, ring=0, ctx=64, seqno=80, prio=0, global=94387, port=0
          <idle>-0     [005]   721.455504: i915_request_execute: dev=0, hw_id=22, ring=0, ctx=64, seqno=81, global=94388
          <idle>-0     [005]   721.455504: i915_request_in:      dev=0, hw_id=22, ring=0, ctx=64, seqno=81, prio=0, global=94388, port=0
          <idle>-0     [005]   721.455505: i915_request_out:     dev=0, hw_id=22, ring=2, ctx=65, seqno=39, global=701, completed?=1
      h264encode-23057 [002]   721.455587: i915_request_queue:   dev=0, hw_id=22, ring=2, ctx=65, seqno=45, flags=0x0
      h264encode-23057 [002]   721.455590: i915_request_add:     dev=0, hw_id=22, ring=2, ctx=65, seqno=45, global=0
      h264encode-23057 [002]   721.455641: i915_request_queue:   dev=0, hw_id=22, ring=0, ctx=64, seqno=91, flags=0x0
      h264encode-23057 [002]   721.455644: i915_request_add:     dev=0, hw_id=22, ring=0, ctx=64, seqno=91, global=0
          <idle>-0     [005]   721.455835: i915_request_submit:  dev=0, hw_id=22, ring=2, ctx=65, seqno=40, global=0
          <idle>-0     [005]   721.455837: i915_request_execute: dev=0, hw_id=22, ring=2, ctx=65, seqno=40, global=702
          <idle>-0     [005]   721.455837: i915_request_in:      dev=0, hw_id=22, ring=2, ctx=65, seqno=40, prio=0, global=702, port=0
      h264encode-23057 [002]   721.455863: i915_request_queue:   dev=0, hw_id=22, ring=0, ctx=64, seqno=92, flags=0x0
      h264encode-23057 [002]   721.455867: i915_request_add:     dev=0, hw_id=22, ring=0, ctx=64, seqno=92, global=0
          <idle>-0     [005]   721.455869: i915_request_submit:  dev=0, hw_id=22, ring=0, ctx=64, seqno=82, global=0
          <idle>-0     [005]   721.455869: i915_request_submit:  dev=0, hw_id=22, ring=0, ctx=64, seqno=83, global=0
          <idle>-0     [005]   721.455873: i915_request_execute: dev=0, hw_id=22, ring=0, ctx=64, seqno=82, global=94389
          <idle>-0     [005]   721.455873: i915_request_in:      dev=0, hw_id=22, ring=0, ctx=64, seqno=82, prio=0, global=94389, port=0
          <idle>-0     [005]   721.455873: i915_request_execute: dev=0, hw_id=22, ring=0, ctx=64, seqno=83, global=94390
          <idle>-0     [005]   721.455873: i915_request_in:      dev=0, hw_id=22, ring=0, ctx=64, seqno=83, prio=0, global=94390, port=0
          <idle>-0     [005]   721.455875: i915_request_out:     dev=0, hw_id=22, ring=2, ctx=65, seqno=40, global=702, completed?=1
      h264encode-23057 [002]   721.455959: i915_request_queue:   dev=0, hw_id=22, ring=2, ctx=65, seqno=46, flags=0x0
      h264encode-23057 [002]   721.455962: i915_request_add:     dev=0, hw_id=22, ring=2, ctx=65, seqno=46, global=0
      h264encode-23057 [002]   721.456019: i915_request_queue:   dev=0, hw_id=22, ring=0, ctx=64, seqno=93, flags=0x0
      h264encode-23057 [002]   721.456021: i915_request_add:     dev=0, hw_id=22, ring=0, ctx=64, seqno=93, global=0
          <idle>-0     [005]   721.456223: i915_request_submit:  dev=0, hw_id=22, ring=2, ctx=65, seqno=41, global=0
          <idle>-0     [005]   721.456224: i915_request_execute: dev=0, hw_id=22, ring=2, ctx=65, seqno=41, global=703
          <idle>-0     [005]   721.456224: i915_request_in:      dev=0, hw_id=22, ring=2, ctx=65, seqno=41, prio=0, global=703, port=0
      h264encode-23057 [002]   721.456255: i915_request_queue:   dev=0, hw_id=22, ring=0, ctx=64, seqno=94, flags=0x0
      h264encode-23057 [002]   721.456258: i915_request_add:     dev=0, hw_id=22, ring=0, ctx=64, seqno=94, global=0
          <idle>-0     [005]   721.456266: i915_request_submit:  dev=0, hw_id=22, ring=0, ctx=64, seqno=84, global=0
          <idle>-0     [005]   721.456266: i915_request_submit:  dev=0, hw_id=22, ring=0, ctx=64, seqno=85, global=0
          <idle>-0     [005]   721.456269: i915_request_execute: dev=0, hw_id=22, ring=0, ctx=64, seqno=84, global=94391
          <idle>-0     [005]   721.456269: i915_request_in:      dev=0, hw_id=22, ring=0, ctx=64, seqno=84, prio=0, global=94391, port=0
          <idle>-0     [005]   721.456270: i915_request_execute: dev=0, hw_id=22, ring=0, ctx=64, seqno=85, global=94392
          <idle>-0     [005]   721.456270: i915_request_in:      dev=0, hw_id=22, ring=0, ctx=64, seqno=85, prio=0, global=94392, port=0
          <idle>-0     [005]   721.456271: i915_request_out:     dev=0, hw_id=22, ring=2, ctx=65, seqno=41, global=703, completed?=1
      h264encode-23057 [002]   721.456348: i915_request_queue:   dev=0, hw_id=22, ring=2, ctx=65, seqno=47, flags=0x0
      h264encode-23057 [002]   721.456351: i915_request_add:     dev=0, hw_id=22, ring=2, ctx=65, seqno=47, global=0
      h264encode-23057 [002]   721.456402: i915_request_queue:   dev=0, hw_id=22, ring=0, ctx=64, seqno=95, flags=0x0
      h264encode-23057 [002]   721.456404: i915_request_add:     dev=0, hw_id=22, ring=0, ctx=64, seqno=95, global=0
            code-3134  [005]   721.456601: i915_request_submit:  dev=0, hw_id=22, ring=2, ctx=65, seqno=42, global=0
            code-3134  [005]   721.456603: i915_request_execute: dev=0, hw_id=22, ring=2, ctx=65, seqno=42, global=704
            code-3134  [005]   721.456603: i915_request_in:      dev=0, hw_id=22, ring=2, ctx=65, seqno=42, prio=0, global=704, port=0
          <idle>-0     [005]   721.456634: i915_request_submit:  dev=0, hw_id=22, ring=0, ctx=64, seqno=86, global=0
          <idle>-0     [005]   721.456635: i915_request_submit:  dev=0, hw_id=22, ring=0, ctx=64, seqno=87, global=0
          <idle>-0     [005]   721.456638: i915_request_execute: dev=0, hw_id=22, ring=0, ctx=64, seqno=86, global=94393
          <idle>-0     [005]   721.456638: i915_request_in:      dev=0, hw_id=22, ring=0, ctx=64, seqno=86, prio=0, global=94393, port=0
          <idle>-0     [005]   721.456638: i915_request_execute: dev=0, hw_id=22, ring=0, ctx=64, seqno=87, global=94394
          <idle>-0     [005]   721.456638: i915_request_in:      dev=0, hw_id=22, ring=0, ctx=64, seqno=87, prio=0, global=94394, port=0
      h264encode-23057 [002]   721.456639: i915_request_queue:   dev=0, hw_id=22, ring=0, ctx=64, seqno=96, flags=0x0
          <idle>-0     [005]   721.456640: i915_request_out:     dev=0, hw_id=22, ring=2, ctx=65, seqno=42, global=704, completed?=1
      h264encode-23057 [002]   721.456644: i915_request_add:     dev=0, hw_id=22, ring=0, ctx=64, seqno=96, global=0
      h264encode-23057 [002]   721.456744: i915_request_queue:   dev=0, hw_id=22, ring=2, ctx=65, seqno=48, flags=0x0
      h264encode-23057 [002]   721.456747: i915_request_add:     dev=0, hw_id=22, ring=2, ctx=65, seqno=48, global=0
      h264encode-23057 [002]   721.456819: i915_request_queue:   dev=0, hw_id=22, ring=0, ctx=64, seqno=97, flags=0x0
      h264encode-23057 [002]   721.456822: i915_request_add:     dev=0, hw_id=22, ring=0, ctx=64, seqno=97, global=0
          <idle>-0     [005]   721.456993: i915_request_submit:  dev=0, hw_id=22, ring=2, ctx=65, seqno=43, global=0
          <idle>-0     [005]   721.456994: i915_request_execute: dev=0, hw_id=22, ring=2, ctx=65, seqno=43, global=705
          <idle>-0     [005]   721.456994: i915_request_in:      dev=0, hw_id=22, ring=2, ctx=65, seqno=43, prio=0, global=705, port=0
      h264encode-23057 [002]   721.457030: i915_request_queue:   dev=0, hw_id=22, ring=0, ctx=64, seqno=98, flags=0x0
      h264encode-23057 [002]   721.457034: i915_request_add:     dev=0, hw_id=22, ring=0, ctx=64, seqno=98, global=0
          <idle>-0     [005]   721.457035: i915_request_submit:  dev=0, hw_id=22, ring=0, ctx=64, seqno=88, global=0
          <idle>-0     [005]   721.457036: i915_request_submit:  dev=0, hw_id=22, ring=0, ctx=64, seqno=89, global=0
          <idle>-0     [005]   721.457037: i915_request_execute: dev=0, hw_id=22, ring=0, ctx=64, seqno=88, global=94395
          <idle>-0     [005]   721.457037: i915_request_in:      dev=0, hw_id=22, ring=0, ctx=64, seqno=88, prio=0, global=94395, port=0
          <idle>-0     [005]   721.457038: i915_request_execute: dev=0, hw_id=22, ring=0, ctx=64, seqno=89, global=94396
          <idle>-0     [005]   721.457038: i915_request_in:      dev=0, hw_id=22, ring=0, ctx=64, seqno=89, prio=0, global=94396, port=0
          <idle>-0     [005]   721.457039: i915_request_out:     dev=0, hw_id=22, ring=2, ctx=65, seqno=43, global=705, completed?=1
      h264encode-23057 [002]   721.457132: i915_request_queue:   dev=0, hw_id=22, ring=2, ctx=65, seqno=49, flags=0x0
      h264encode-23057 [002]   721.457135: i915_request_add:     dev=0, hw_id=22, ring=2, ctx=65, seqno=49, global=0
      h264encode-23057 [002]   721.457189: i915_request_queue:   dev=0, hw_id=22, ring=0, ctx=64, seqno=99, flags=0x0
      h264encode-23057 [002]   721.457192: i915_request_add:     dev=0, hw_id=22, ring=0, ctx=64, seqno=99, global=0
          <idle>-0     [005]   721.457381: i915_request_submit:  dev=0, hw_id=22, ring=2, ctx=65, seqno=44, global=0
          <idle>-0     [005]   721.457383: i915_request_execute: dev=0, hw_id=22, ring=2, ctx=65, seqno=44, global=706
          <idle>-0     [005]   721.457383: i915_request_in:      dev=0, hw_id=22, ring=2, ctx=65, seqno=44, prio=0, global=706, port=0
      h264encode-23057 [002]   721.457413: i915_request_queue:   dev=0, hw_id=22, ring=0, ctx=64, seqno=100, flags=0x0
      h264encode-23057 [002]   721.457417: i915_request_add:     dev=0, hw_id=22, ring=0, ctx=64, seqno=100, global=0
          <idle>-0     [005]   721.457429: i915_request_submit:  dev=0, hw_id=22, ring=0, ctx=64, seqno=90, global=0
          <idle>-0     [005]   721.457429: i915_request_submit:  dev=0, hw_id=22, ring=0, ctx=64, seqno=91, global=0
          <idle>-0     [005]   721.457432: i915_request_execute: dev=0, hw_id=22, ring=0, ctx=64, seqno=90, global=94397
          <idle>-0     [005]   721.457432: i915_request_in:      dev=0, hw_id=22, ring=0, ctx=64, seqno=90, prio=0, global=94397, port=0
          <idle>-0     [005]   721.457432: i915_request_execute: dev=0, hw_id=22, ring=0, ctx=64, seqno=91, global=94398
          <idle>-0     [005]   721.457432: i915_request_in:      dev=0, hw_id=22, ring=0, ctx=64, seqno=91, prio=0, global=94398, port=0
          <idle>-0     [005]   721.457434: i915_request_out:     dev=0, hw_id=22, ring=2, ctx=65, seqno=44, global=706, completed?=1
      h264encode-23057 [002]   721.457517: i915_request_queue:   dev=0, hw_id=22, ring=2, ctx=65, seqno=50, flags=0x0
      h264encode-23057 [002]   721.457520: i915_request_add:     dev=0, hw_id=22, ring=2, ctx=65, seqno=50, global=0
      h264encode-23057 [002]   721.457576: i915_request_queue:   dev=0, hw_id=22, ring=0, ctx=64, seqno=101, flags=0x0
      h264encode-23057 [002]   721.457579: i915_request_add:     dev=0, hw_id=22, ring=0, ctx=64, seqno=101, global=0
          <idle>-0     [005]   721.457762: i915_request_submit:  dev=0, hw_id=22, ring=2, ctx=65, seqno=45, global=0
          <idle>-0     [005]   721.457763: i915_request_execute: dev=0, hw_id=22, ring=2, ctx=65, seqno=45, global=707
          <idle>-0     [005]   721.457763: i915_request_in:      dev=0, hw_id=22, ring=2, ctx=65, seqno=45, prio=0, global=707, port=0
      h264encode-23057 [002]   721.457793: i915_request_queue:   dev=0, hw_id=22, ring=0, ctx=64, seqno=102, flags=0x0
          <idle>-0     [005]   721.457794: i915_request_submit:  dev=0, hw_id=22, ring=0, ctx=64, seqno=92, global=0
          <idle>-0     [005]   721.457795: i915_request_submit:  dev=0, hw_id=22, ring=0, ctx=64, seqno=93, global=0
      h264encode-23057 [002]   721.457797: i915_request_add:     dev=0, hw_id=22, ring=0, ctx=64, seqno=102, global=0
          <idle>-0     [005]   721.457798: i915_request_execute: dev=0, hw_id=22, ring=0, ctx=64, seqno=92, global=94399
          <idle>-0     [005]   721.457798: i915_request_in:      dev=0, hw_id=22, ring=0, ctx=64, seqno=92, prio=0, global=94399, port=0
          <idle>-0     [005]   721.457798: i915_request_execute: dev=0, hw_id=22, ring=0, ctx=64, seqno=93, global=94400
          <idle>-0     [005]   721.457798: i915_request_in:      dev=0, hw_id=22, ring=0, ctx=64, seqno=93, prio=0, global=94400, port=0
          <idle>-0     [005]   721.457800: i915_request_out:     dev=0, hw_id=22, ring=2, ctx=65, seqno=45, global=707, completed?=1
      h264encode-23057 [002]   721.457895: i915_request_queue:   dev=0, hw_id=22, ring=2, ctx=65, seqno=51, flags=0x0
      h264encode-23057 [002]   721.457898: i915_request_add:     dev=0, hw_id=22, ring=2, ctx=65, seqno=51, global=0
      h264encode-23057 [002]   721.457950: i915_request_queue:   dev=0, hw_id=22, ring=0, ctx=64, seqno=103, flags=0x0
      h264encode-23057 [002]   721.457952: i915_request_add:     dev=0, hw_id=22, ring=0, ctx=64, seqno=103, global=0
          <idle>-0     [005]   721.458143: i915_request_submit:  dev=0, hw_id=22, ring=2, ctx=65, seqno=46, global=0
          <idle>-0     [005]   721.458144: i915_request_execute: dev=0, hw_id=22, ring=2, ctx=65, seqno=46, global=708
          <idle>-0     [005]   721.458144: i915_request_in:      dev=0, hw_id=22, ring=2, ctx=65, seqno=46, prio=0, global=708, port=0
      h264encode-23057 [002]   721.458188: i915_request_queue:   dev=0, hw_id=22, ring=0, ctx=64, seqno=104, flags=0x0
          <idle>-0     [005]   721.458190: i915_request_submit:  dev=0, hw_id=22, ring=0, ctx=64, seqno=94, global=0
          <idle>-0     [005]   721.458191: i915_request_submit:  dev=0, hw_id=22, ring=0, ctx=64, seqno=95, global=0
      h264encode-23057 [002]   721.458193: i915_request_add:     dev=0, hw_id=22, ring=0, ctx=64, seqno=104, global=0
          <idle>-0     [005]   721.458194: i915_request_execute: dev=0, hw_id=22, ring=0, ctx=64, seqno=94, global=94401
          <idle>-0     [005]   721.458194: i915_request_in:      dev=0, hw_id=22, ring=0, ctx=64, seqno=94, prio=0, global=94401, port=0
          <idle>-0     [005]   721.458194: i915_request_execute: dev=0, hw_id=22, ring=0, ctx=64, seqno=95, global=94402
          <idle>-0     [005]   721.458195: i915_request_in:      dev=0, hw_id=22, ring=0, ctx=64, seqno=95, prio=0, global=94402, port=0
          <idle>-0     [005]   721.458196: i915_request_out:     dev=0, hw_id=22, ring=2, ctx=65, seqno=46, global=708, completed?=1
      h264encode-23057 [002]   721.458323: i915_request_queue:   dev=0, hw_id=22, ring=2, ctx=65, seqno=52, flags=0x0
      h264encode-23057 [002]   721.458327: i915_request_add:     dev=0, hw_id=22, ring=2, ctx=65, seqno=52, global=0
      h264encode-23057 [002]   721.458413: i915_request_queue:   dev=0, hw_id=22, ring=0, ctx=64, seqno=105, flags=0x0
      h264encode-23057 [002]   721.458417: i915_request_add:     dev=0, hw_id=22, ring=0, ctx=64, seqno=105, global=0
          <idle>-0     [005]   721.458540: i915_request_submit:  dev=0, hw_id=22, ring=2, ctx=65, seqno=47, global=0
          <idle>-0     [005]   721.458541: i915_request_execute: dev=0, hw_id=22, ring=2, ctx=65, seqno=47, global=709
          <idle>-0     [005]   721.458542: i915_request_in:      dev=0, hw_id=22, ring=2, ctx=65, seqno=47, prio=0, global=709, port=0
          <idle>-0     [005]   721.458584: i915_request_submit:  dev=0, hw_id=22, ring=0, ctx=64, seqno=96, global=0
          <idle>-0     [005]   721.458585: i915_request_submit:  dev=0, hw_id=22, ring=0, ctx=64, seqno=97, global=0
      h264encode-23057 [002]   721.458587: i915_request_queue:   dev=0, hw_id=22, ring=0, ctx=64, seqno=106, flags=0x0
          <idle>-0     [005]   721.458588: i915_request_execute: dev=0, hw_id=22, ring=0, ctx=64, seqno=96, global=94403
          <idle>-0     [005]   721.458588: i915_request_in:      dev=0, hw_id=22, ring=0, ctx=64, seqno=96, prio=0, global=94403, port=0
          <idle>-0     [005]   721.458588: i915_request_execute: dev=0, hw_id=22, ring=0, ctx=64, seqno=97, global=94404
          <idle>-0     [005]   721.458588: i915_request_in:      dev=0, hw_id=22, ring=0, ctx=64, seqno=97, prio=0, global=94404, port=0
          <idle>-0     [005]   721.458590: i915_request_out:     dev=0, hw_id=22, ring=2, ctx=65, seqno=47, global=709, completed?=1
      h264encode-23057 [002]   721.458592: i915_request_add:     dev=0, hw_id=22, ring=0, ctx=64, seqno=106, global=0
      h264encode-23057 [002]   721.458731: i915_request_queue:   dev=0, hw_id=22, ring=2, ctx=65, seqno=53, flags=0x0
      h264encode-23057 [002]   721.458736: i915_request_add:     dev=0, hw_id=22, ring=2, ctx=65, seqno=53, global=0
      h264encode-23057 [002]   721.458816: i915_request_queue:   dev=0, hw_id=22, ring=0, ctx=64, seqno=107, flags=0x0
      h264encode-23057 [002]   721.458819: i915_request_add:     dev=0, hw_id=22, ring=0, ctx=64, seqno=107, global=0
          <idle>-0     [005]   721.458924: i915_request_submit:  dev=0, hw_id=22, ring=2, ctx=65, seqno=48, global=0
          <idle>-0     [005]   721.458926: i915_request_execute: dev=0, hw_id=22, ring=2, ctx=65, seqno=48, global=710
          <idle>-0     [005]   721.458926: i915_request_in:      dev=0, hw_id=22, ring=2, ctx=65, seqno=48, prio=0, global=710, port=0
      h264encode-23057 [002]   721.458959: i915_request_queue:   dev=0, hw_id=22, ring=0, ctx=64, seqno=108, flags=0x0
          <idle>-0     [005]   721.458959: i915_request_submit:  dev=0, hw_id=22, ring=0, ctx=64, seqno=98, global=0
          <idle>-0     [005]   721.458960: i915_request_submit:  dev=0, hw_id=22, ring=0, ctx=64, seqno=99, global=0
          <idle>-0     [005]   721.458963: i915_request_execute: dev=0, hw_id=22, ring=0, ctx=64, seqno=98, global=94405
          <idle>-0     [005]   721.458963: i915_request_in:      dev=0, hw_id=22, ring=0, ctx=64, seqno=98, prio=0, global=94405, port=0
      h264encode-23057 [002]   721.458963: i915_request_add:     dev=0, hw_id=22, ring=0, ctx=64, seqno=108, global=0
          <idle>-0     [005]   721.458963: i915_request_execute: dev=0, hw_id=22, ring=0, ctx=64, seqno=99, global=94406
          <idle>-0     [005]   721.458963: i915_request_in:      dev=0, hw_id=22, ring=0, ctx=64, seqno=99, prio=0, global=94406, port=0
          <idle>-0     [005]   721.458965: i915_request_out:     dev=0, hw_id=22, ring=2, ctx=65, seqno=48, global=710, completed?=1
      h264encode-23057 [002]   721.459055: i915_request_queue:   dev=0, hw_id=22, ring=2, ctx=65, seqno=54, flags=0x0
      h264encode-23057 [002]   721.459058: i915_request_add:     dev=0, hw_id=22, ring=2, ctx=65, seqno=54, global=0
      h264encode-23057 [002]   721.459112: i915_request_queue:   dev=0, hw_id=22, ring=0, ctx=64, seqno=109, flags=0x0
      h264encode-23057 [002]   721.459114: i915_request_add:     dev=0, hw_id=22, ring=0, ctx=64, seqno=109, global=0
          <idle>-0     [005]   721.459321: i915_request_submit:  dev=0, hw_id=22, ring=2, ctx=65, seqno=49, global=0
          <idle>-0     [005]   721.459322: i915_request_execute: dev=0, hw_id=22, ring=2, ctx=65, seqno=49, global=711
          <idle>-0     [005]   721.459323: i915_request_in:      dev=0, hw_id=22, ring=2, ctx=65, seqno=49, prio=0, global=711, port=0
      h264encode-23057 [002]   721.459357: i915_request_queue:   dev=0, hw_id=22, ring=0, ctx=64, seqno=110, flags=0x0
      h264encode-23057 [002]   721.459361: i915_request_add:     dev=0, hw_id=22, ring=0, ctx=64, seqno=110, global=0
          <idle>-0     [005]   721.459364: i915_request_submit:  dev=0, hw_id=22, ring=0, ctx=64, seqno=100, global=0
          <idle>-0     [005]   721.459365: i915_request_submit:  dev=0, hw_id=22, ring=0, ctx=64, seqno=101, global=0
          <idle>-0     [005]   721.459368: i915_request_execute: dev=0, hw_id=22, ring=0, ctx=64, seqno=100, global=94407
          <idle>-0     [005]   721.459368: i915_request_in:      dev=0, hw_id=22, ring=0, ctx=64, seqno=100, prio=0, global=94407, port=0
          <idle>-0     [005]   721.459368: i915_request_execute: dev=0, hw_id=22, ring=0, ctx=64, seqno=101, global=94408
          <idle>-0     [005]   721.459368: i915_request_in:      dev=0, hw_id=22, ring=0, ctx=64, seqno=101, prio=0, global=94408, port=0
          <idle>-0     [005]   721.459370: i915_request_out:     dev=0, hw_id=22, ring=2, ctx=65, seqno=49, global=711, completed?=1
      h264encode-23057 [002]   721.459454: i915_request_queue:   dev=0, hw_id=22, ring=2, ctx=65, seqno=55, flags=0x0
      h264encode-23057 [002]   721.459457: i915_request_add:     dev=0, hw_id=22, ring=2, ctx=65, seqno=55, global=0
      h264encode-23057 [002]   721.459533: i915_request_queue:   dev=0, hw_id=22, ring=0, ctx=64, seqno=111, flags=0x0
      h264encode-23057 [002]   721.459535: i915_request_add:     dev=0, hw_id=22, ring=0, ctx=64, seqno=111, global=0
          <idle>-0     [005]   721.459706: i915_request_submit:  dev=0, hw_id=22, ring=2, ctx=65, seqno=50, global=0
          <idle>-0     [005]   721.459708: i915_request_execute: dev=0, hw_id=22, ring=2, ctx=65, seqno=50, global=712
          <idle>-0     [005]   721.459708: i915_request_in:      dev=0, hw_id=22, ring=2, ctx=65, seqno=50, prio=0, global=712, port=0
      h264encode-23057 [002]   721.459737: i915_request_queue:   dev=0, hw_id=22, ring=0, ctx=64, seqno=112, flags=0x0
          <idle>-0     [005]   721.459740: i915_request_submit:  dev=0, hw_id=22, ring=0, ctx=64, seqno=102, global=0
      h264encode-23057 [002]   721.459741: i915_request_add:     dev=0, hw_id=22, ring=0, ctx=64, seqno=112, global=0
          <idle>-0     [005]   721.459741: i915_request_submit:  dev=0, hw_id=22, ring=0, ctx=64, seqno=103, global=0
          <idle>-0     [005]   721.459745: i915_request_execute: dev=0, hw_id=22, ring=0, ctx=64, seqno=102, global=94409
          <idle>-0     [005]   721.459745: i915_request_in:      dev=0, hw_id=22, ring=0, ctx=64, seqno=102, prio=0, global=94409, port=0
          <idle>-0     [005]   721.459746: i915_request_execute: dev=0, hw_id=22, ring=0, ctx=64, seqno=103, global=94410
          <idle>-0     [005]   721.459746: i915_request_in:      dev=0, hw_id=22, ring=0, ctx=64, seqno=103, prio=0, global=94410, port=0
          <idle>-0     [005]   721.459747: i915_request_out:     dev=0, hw_id=22, ring=2, ctx=65, seqno=50, global=712, completed?=1
      h264encode-23057 [002]   721.459832: i915_request_queue:   dev=0, hw_id=22, ring=2, ctx=65, seqno=56, flags=0x0
      h264encode-23057 [002]   721.459835: i915_request_add:     dev=0, hw_id=22, ring=2, ctx=65, seqno=56, global=0
      h264encode-23057 [002]   721.459891: i915_request_queue:   dev=0, hw_id=22, ring=0, ctx=64, seqno=113, flags=0x0
      h264encode-23057 [002]   721.459894: i915_request_add:     dev=0, hw_id=22, ring=0, ctx=64, seqno=113, global=0
            code-2028  [005]   721.460093: i915_request_submit:  dev=0, hw_id=22, ring=2, ctx=65, seqno=51, global=0
            code-2028  [005]   721.460095: i915_request_execute: dev=0, hw_id=22, ring=2, ctx=65, seqno=51, global=713
            code-2028  [005]   721.460095: i915_request_in:      dev=0, hw_id=22, ring=2, ctx=65, seqno=51, prio=0, global=713, port=0
            code-2062  [003]   721.460135: i915_request_queue:   dev=0, hw_id=12, ring=0, ctx=31, seqno=188, flags=0x0
            code-2028  [005]   721.460138: i915_request_submit:  dev=0, hw_id=22, ring=0, ctx=64, seqno=104, global=0
            code-2028  [005]   721.460138: i915_request_submit:  dev=0, hw_id=22, ring=0, ctx=64, seqno=105, global=0
            code-2028  [005]   721.460141: i915_request_execute: dev=0, hw_id=22, ring=0, ctx=64, seqno=104, global=94411
            code-2028  [005]   721.460141: i915_request_in:      dev=0, hw_id=22, ring=0, ctx=64, seqno=104, prio=0, global=94411, port=0
            code-2028  [005]   721.460142: i915_request_execute: dev=0, hw_id=22, ring=0, ctx=64, seqno=105, global=94412
            code-2028  [005]   721.460142: i915_request_in:      dev=0, hw_id=22, ring=0, ctx=64, seqno=105, prio=0, global=94412, port=0
            code-2028  [005]   721.460143: i915_request_out:     dev=0, hw_id=22, ring=2, ctx=65, seqno=51, global=713, completed?=1
            code-2062  [003]   721.460143: i915_request_add:     dev=0, hw_id=12, ring=0, ctx=31, seqno=188, global=0
            code-2062  [003]   721.460144: i915_request_submit:  dev=0, hw_id=12, ring=0, ctx=31, seqno=188, global=0
            code-2028  [005]   721.460147: i915_request_execute: dev=0, hw_id=12, ring=0, ctx=31, seqno=188, global=94413
            code-2028  [005]   721.460147: i915_request_in:      dev=0, hw_id=12, ring=0, ctx=31, seqno=188, prio=0, global=94413, port=1
      h264encode-23057 [002]   721.460156: i915_request_queue:   dev=0, hw_id=22, ring=0, ctx=64, seqno=114, flags=0x0
      h264encode-23057 [002]   721.460161: i915_request_add:     dev=0, hw_id=22, ring=0, ctx=64, seqno=114, global=0
      h264encode-23057 [002]   721.460260: i915_request_queue:   dev=0, hw_id=22, ring=2, ctx=65, seqno=57, flags=0x0
      h264encode-23057 [002]   721.460263: i915_request_add:     dev=0, hw_id=22, ring=2, ctx=65, seqno=57, global=0
      h264encode-23057 [002]   721.460317: i915_request_queue:   dev=0, hw_id=22, ring=0, ctx=64, seqno=115, flags=0x0
      h264encode-23057 [002]   721.460319: i915_request_add:     dev=0, hw_id=22, ring=0, ctx=64, seqno=115, global=0
          <idle>-0     [005]   721.460506: i915_request_submit:  dev=0, hw_id=22, ring=2, ctx=65, seqno=52, global=0
          <idle>-0     [005]   721.460508: i915_request_execute: dev=0, hw_id=22, ring=2, ctx=65, seqno=52, global=714
          <idle>-0     [005]   721.460508: i915_request_in:      dev=0, hw_id=22, ring=2, ctx=65, seqno=52, prio=0, global=714, port=0
      h264encode-23057 [002]   721.460539: i915_request_queue:   dev=0, hw_id=22, ring=0, ctx=64, seqno=116, flags=0x0
      h264encode-23057 [002]   721.460543: i915_request_add:     dev=0, hw_id=22, ring=0, ctx=64, seqno=116, global=0
          <idle>-0     [005]   721.460553: i915_request_submit:  dev=0, hw_id=22, ring=0, ctx=64, seqno=106, global=0
          <idle>-0     [005]   721.460554: i915_request_submit:  dev=0, hw_id=22, ring=0, ctx=64, seqno=107, global=0
          <idle>-0     [005]   721.460557: i915_request_out:     dev=0, hw_id=22, ring=2, ctx=65, seqno=52, global=714, completed?=1
          <idle>-0     [005]   721.460564: i915_request_out:     dev=0, hw_id=22, ring=0, ctx=64, seqno=105, global=94412, completed?=1
          <idle>-0     [005]   721.460566: i915_request_execute: dev=0, hw_id=22, ring=0, ctx=64, seqno=106, global=94414
          <idle>-0     [005]   721.460566: i915_request_in:      dev=0, hw_id=22, ring=0, ctx=64, seqno=106, prio=0, global=94414, port=1
          <idle>-0     [005]   721.460566: i915_request_execute: dev=0, hw_id=22, ring=0, ctx=64, seqno=107, global=94415
          <idle>-0     [005]   721.460566: i915_request_in:      dev=0, hw_id=22, ring=0, ctx=64, seqno=107, prio=0, global=94415, port=1
            code-2062  [003]   721.460593: i915_request_queue:   dev=0, hw_id=9, ring=0, ctx=28, seqno=2172, flags=0x0
            code-2062  [003]   721.460602: i915_request_add:     dev=0, hw_id=9, ring=0, ctx=28, seqno=2172, global=0
            code-2062  [003]   721.460604: i915_request_submit:  dev=0, hw_id=9, ring=0, ctx=28, seqno=2172, global=0
      h264encode-23057 [002]   721.460713: i915_request_queue:   dev=0, hw_id=22, ring=2, ctx=65, seqno=58, flags=0x0
      h264encode-23057 [002]   721.460717: i915_request_add:     dev=0, hw_id=22, ring=2, ctx=65, seqno=58, global=0
      h264encode-23057 [002]   721.460781: i915_request_queue:   dev=0, hw_id=22, ring=0, ctx=64, seqno=117, flags=0x0
      h264encode-23057 [002]   721.460785: i915_request_add:     dev=0, hw_id=22, ring=0, ctx=64, seqno=117, global=0
            code-2062  [003]   721.460848: i915_request_queue:   dev=0, hw_id=9, ring=0, ctx=28, seqno=2173, flags=0x0
          <idle>-0     [005]   721.460849: i915_request_out:     dev=0, hw_id=12, ring=0, ctx=31, seqno=188, global=94413, completed?=1
          <idle>-0     [005]   721.460850: i915_request_execute: dev=0, hw_id=9, ring=0, ctx=28, seqno=2172, global=94416
          <idle>-0     [005]   721.460850: i915_request_in:      dev=0, hw_id=9, ring=0, ctx=28, seqno=2172, prio=0, global=94416, port=1
            code-2062  [003]   721.460858: i915_request_add:     dev=0, hw_id=9, ring=0, ctx=28, seqno=2173, global=0
            code-2062  [003]   721.460859: i915_request_submit:  dev=0, hw_id=9, ring=0, ctx=28, seqno=2173, global=0
            code-2062  [003]   721.461073: i915_request_queue:   dev=0, hw_id=9, ring=0, ctx=28, seqno=2174, flags=0x0
            code-2062  [003]   721.461087: i915_request_add:     dev=0, hw_id=9, ring=0, ctx=28, seqno=2174, global=0
            code-2062  [003]   721.461088: i915_request_submit:  dev=0, hw_id=9, ring=0, ctx=28, seqno=2174, global=0
          <idle>-0     [005]   721.461175: i915_request_submit:  dev=0, hw_id=22, ring=2, ctx=65, seqno=53, global=0
          <idle>-0     [005]   721.461177: i915_request_execute: dev=0, hw_id=22, ring=2, ctx=65, seqno=53, global=715
          <idle>-0     [005]   721.461177: i915_request_in:      dev=0, hw_id=22, ring=2, ctx=65, seqno=53, prio=0, global=715, port=0
      h264encode-23057 [002]   721.461217: i915_request_queue:   dev=0, hw_id=22, ring=0, ctx=64, seqno=118, flags=0x0
          <idle>-0     [005]   721.461221: i915_request_submit:  dev=0, hw_id=22, ring=0, ctx=64, seqno=108, global=0
          <idle>-0     [005]   721.461221: i915_request_submit:  dev=0, hw_id=22, ring=0, ctx=64, seqno=109, global=0
      h264encode-23057 [002]   721.461221: i915_request_add:     dev=0, hw_id=22, ring=0, ctx=64, seqno=118, global=0
          <idle>-0     [005]   721.461224: i915_request_out:     dev=0, hw_id=22, ring=2, ctx=65, seqno=53, global=715, completed?=1
          <idle>-0     [005]   721.461259: i915_request_out:     dev=0, hw_id=22, ring=0, ctx=64, seqno=107, global=94415, completed?=1
          <idle>-0     [005]   721.461259: i915_request_execute: dev=0, hw_id=9, ring=0, ctx=28, seqno=2173, global=94417
          <idle>-0     [005]   721.461260: i915_request_in:      dev=0, hw_id=9, ring=0, ctx=28, seqno=2173, prio=0, global=94417, port=0
          <idle>-0     [005]   721.461260: i915_request_execute: dev=0, hw_id=9, ring=0, ctx=28, seqno=2174, global=94418
          <idle>-0     [005]   721.461260: i915_request_in:      dev=0, hw_id=9, ring=0, ctx=28, seqno=2174, prio=0, global=94418, port=0
          <idle>-0     [005]   721.461261: i915_request_execute: dev=0, hw_id=22, ring=0, ctx=64, seqno=108, global=94419
          <idle>-0     [005]   721.461263: i915_request_in:      dev=0, hw_id=22, ring=0, ctx=64, seqno=108, prio=0, global=94419, port=1
          <idle>-0     [005]   721.461263: i915_request_execute: dev=0, hw_id=22, ring=0, ctx=64, seqno=109, global=94420
          <idle>-0     [005]   721.461263: i915_request_in:      dev=0, hw_id=22, ring=0, ctx=64, seqno=109, prio=0, global=94420, port=1
            code-2062  [003]   721.461338: i915_request_queue:   dev=0, hw_id=9, ring=0, ctx=28, seqno=2175, flags=0x0
            code-2062  [003]   721.461345: i915_request_add:     dev=0, hw_id=9, ring=0, ctx=28, seqno=2175, global=0
            code-2062  [003]   721.461346: i915_request_submit:  dev=0, hw_id=9, ring=0, ctx=28, seqno=2175, global=0
      h264encode-23057 [002]   721.461354: i915_request_queue:   dev=0, hw_id=22, ring=2, ctx=65, seqno=59, flags=0x0
      h264encode-23057 [002]   721.461358: i915_request_add:     dev=0, hw_id=22, ring=2, ctx=65, seqno=59, global=0
      h264encode-23057 [002]   721.461434: i915_request_queue:   dev=0, hw_id=22, ring=0, ctx=64, seqno=119, flags=0x0
      h264encode-23057 [002]   721.461438: i915_request_add:     dev=0, hw_id=22, ring=0, ctx=64, seqno=119, global=0
            Xorg-937   [006]   721.461471: i915_request_queue:   dev=0, hw_id=3, ring=0, ctx=20, seqno=45716, flags=0x0
            Xorg-937   [006]   721.461475: i915_request_add:     dev=0, hw_id=3, ring=0, ctx=20, seqno=45716, global=0
            Xorg-937   [006]   721.461476: i915_request_submit:  dev=0, hw_id=3, ring=0, ctx=20, seqno=45716, global=0
          <idle>-0     [005]   721.462868: i915_request_out:     dev=0, hw_id=9, ring=0, ctx=28, seqno=2174, global=94418, completed?=1
          <idle>-0     [005]   721.462869: i915_request_execute: dev=0, hw_id=9, ring=0, ctx=28, seqno=2175, global=94421
          <idle>-0     [005]   721.462870: i915_request_in:      dev=0, hw_id=9, ring=0, ctx=28, seqno=2175, prio=0, global=94421, port=1
          <idle>-0     [005]   721.463210: i915_request_submit:  dev=0, hw_id=22, ring=2, ctx=65, seqno=54, global=0
          <idle>-0     [005]   721.463213: i915_request_execute: dev=0, hw_id=22, ring=2, ctx=65, seqno=54, global=716
          <idle>-0     [005]   721.463213: i915_request_in:      dev=0, hw_id=22, ring=2, ctx=65, seqno=54, prio=0, global=716, port=0
      h264encode-23057 [003]   721.463311: i915_request_queue:   dev=0, hw_id=22, ring=0, ctx=64, seqno=120, flags=0x0
          <idle>-0     [005]   721.463312: i915_request_submit:  dev=0, hw_id=22, ring=0, ctx=64, seqno=110, global=0
          <idle>-0     [005]   721.463313: i915_request_submit:  dev=0, hw_id=22, ring=0, ctx=64, seqno=111, global=0
          <idle>-0     [005]   721.463316: i915_request_out:     dev=0, hw_id=22, ring=0, ctx=64, seqno=109, global=94420, completed?=1
          <idle>-0     [005]   721.463317: i915_request_execute: dev=0, hw_id=3, ring=0, ctx=20, seqno=45716, global=94422
          <idle>-0     [005]   721.463317: i915_request_in:      dev=0, hw_id=3, ring=0, ctx=20, seqno=45716, prio=0, global=94422, port=1
      h264encode-23057 [003]   721.463318: i915_request_add:     dev=0, hw_id=22, ring=0, ctx=64, seqno=120, global=0
          <idle>-0     [005]   721.463319: i915_request_out:     dev=0, hw_id=22, ring=2, ctx=65, seqno=54, global=716, completed?=1
      h264encode-23057 [003]   721.463429: i915_request_queue:   dev=0, hw_id=22, ring=2, ctx=65, seqno=60, flags=0x0
      h264encode-23057 [003]   721.463433: i915_request_add:     dev=0, hw_id=22, ring=2, ctx=65, seqno=60, global=0
          <idle>-0     [005]   721.463667: i915_request_out:     dev=0, hw_id=9, ring=0, ctx=28, seqno=2175, global=94421, completed?=1
          <idle>-0     [005]   721.463669: i915_request_execute: dev=0, hw_id=22, ring=0, ctx=64, seqno=110, global=94423
          <idle>-0     [005]   721.463671: i915_request_in:      dev=0, hw_id=22, ring=0, ctx=64, seqno=110, prio=0, global=94423, port=1
          <idle>-0     [005]   721.463671: i915_request_execute: dev=0, hw_id=22, ring=0, ctx=64, seqno=111, global=94424
          <idle>-0     [005]   721.463671: i915_request_in:      dev=0, hw_id=22, ring=0, ctx=64, seqno=111, prio=0, global=94424, port=1
          <idle>-0     [005]   721.464468: i915_request_out:     dev=0, hw_id=3, ring=0, ctx=20, seqno=45716, global=94422, completed?=1
          <idle>-0     [005]   721.464835: i915_request_submit:  dev=0, hw_id=22, ring=2, ctx=65, seqno=55, global=0
          <idle>-0     [005]   721.464838: i915_request_execute: dev=0, hw_id=22, ring=2, ctx=65, seqno=55, global=717
          <idle>-0     [005]   721.464838: i915_request_in:      dev=0, hw_id=22, ring=2, ctx=65, seqno=55, prio=0, global=717, port=0
          <idle>-0     [005]   721.464882: i915_request_submit:  dev=0, hw_id=22, ring=0, ctx=64, seqno=112, global=0
          <idle>-0     [005]   721.464883: i915_request_submit:  dev=0, hw_id=22, ring=0, ctx=64, seqno=113, global=0
          <idle>-0     [005]   721.464886: i915_request_out:     dev=0, hw_id=22, ring=0, ctx=64, seqno=111, global=94424, completed?=1
          <idle>-0     [005]   721.464887: i915_request_execute: dev=0, hw_id=22, ring=0, ctx=64, seqno=112, global=94425
          <idle>-0     [005]   721.464887: i915_request_in:      dev=0, hw_id=22, ring=0, ctx=64, seqno=112, prio=0, global=94425, port=0
          <idle>-0     [005]   721.464888: i915_request_execute: dev=0, hw_id=22, ring=0, ctx=64, seqno=113, global=94426
          <idle>-0     [005]   721.464888: i915_request_in:      dev=0, hw_id=22, ring=0, ctx=64, seqno=113, prio=0, global=94426, port=0
          <idle>-0     [005]   721.464889: i915_request_out:     dev=0, hw_id=22, ring=2, ctx=65, seqno=55, global=717, completed?=1
            Xorg-937   [006]   721.465038: i915_request_queue:   dev=0, hw_id=3, ring=0, ctx=20, seqno=45717, flags=0x0
            Xorg-937   [006]   721.465046: i915_request_add:     dev=0, hw_id=3, ring=0, ctx=20, seqno=45717, global=0
            Xorg-937   [006]   721.465047: i915_request_submit:  dev=0, hw_id=3, ring=0, ctx=20, seqno=45717, global=0
            Xorg-937   [006]   721.465048: i915_request_execute: dev=0, hw_id=3, ring=0, ctx=20, seqno=45717, global=94427
            Xorg-937   [006]   721.465048: i915_request_in:      dev=0, hw_id=3, ring=0, ctx=20, seqno=45717, prio=0, global=94427, port=1
          <idle>-0     [005]   721.465241: i915_request_submit:  dev=0, hw_id=22, ring=2, ctx=65, seqno=56, global=0
          <idle>-0     [005]   721.465242: i915_request_execute: dev=0, hw_id=22, ring=2, ctx=65, seqno=56, global=718
          <idle>-0     [005]   721.465242: i915_request_in:      dev=0, hw_id=22, ring=2, ctx=65, seqno=56, prio=0, global=718, port=0
          <idle>-0     [005]   721.465351: i915_request_submit:  dev=0, hw_id=22, ring=0, ctx=64, seqno=114, global=0
          <idle>-0     [005]   721.465352: i915_request_submit:  dev=0, hw_id=22, ring=0, ctx=64, seqno=115, global=0
          <idle>-0     [005]   721.465356: i915_request_out:     dev=0, hw_id=22, ring=0, ctx=64, seqno=113, global=94426, completed?=1
          <idle>-0     [005]   721.465359: i915_request_execute: dev=0, hw_id=22, ring=0, ctx=64, seqno=114, global=94428
          <idle>-0     [005]   721.465360: i915_request_in:      dev=0, hw_id=22, ring=0, ctx=64, seqno=114, prio=0, global=94428, port=1
          <idle>-0     [005]   721.465360: i915_request_execute: dev=0, hw_id=22, ring=0, ctx=64, seqno=115, global=94429
          <idle>-0     [005]   721.465360: i915_request_in:      dev=0, hw_id=22, ring=0, ctx=64, seqno=115, prio=0, global=94429, port=1
          <idle>-0     [005]   721.465362: i915_request_out:     dev=0, hw_id=22, ring=2, ctx=65, seqno=56, global=718, completed?=1
          <idle>-0     [005]   721.465534: i915_request_out:     dev=0, hw_id=3, ring=0, ctx=20, seqno=45717, global=94427, completed?=1
            Xorg-937   [006]   721.465617: i915_request_queue:   dev=0, hw_id=3, ring=0, ctx=20, seqno=45718, flags=0x0
            Xorg-937   [006]   721.465625: i915_request_add:     dev=0, hw_id=3, ring=0, ctx=20, seqno=45718, global=0
            Xorg-937   [006]   721.465626: i915_request_submit:  dev=0, hw_id=3, ring=0, ctx=20, seqno=45718, global=0
            Xorg-937   [006]   721.465627: i915_request_execute: dev=0, hw_id=3, ring=0, ctx=20, seqno=45718, global=94430
            Xorg-937   [006]   721.465627: i915_request_in:      dev=0, hw_id=3, ring=0, ctx=20, seqno=45718, prio=0, global=94430, port=1
            Xorg-937   [006]   721.465764: i915_request_queue:   dev=0, hw_id=3, ring=0, ctx=20, seqno=45719, flags=0x0
            Xorg-937   [006]   721.465768: i915_request_add:     dev=0, hw_id=3, ring=0, ctx=20, seqno=45719, global=0
            Xorg-937   [006]   721.465769: i915_request_submit:  dev=0, hw_id=3, ring=0, ctx=20, seqno=45719, global=0
          <idle>-0     [005]   721.465839: i915_request_submit:  dev=0, hw_id=22, ring=2, ctx=65, seqno=57, global=0
          <idle>-0     [005]   721.465841: i915_request_execute: dev=0, hw_id=22, ring=2, ctx=65, seqno=57, global=719
          <idle>-0     [005]   721.465841: i915_request_in:      dev=0, hw_id=22, ring=2, ctx=65, seqno=57, prio=0, global=719, port=0
          <idle>-0     [005]   721.465883: i915_request_submit:  dev=0, hw_id=22, ring=0, ctx=64, seqno=116, global=0
          <idle>-0     [005]   721.465883: i915_request_submit:  dev=0, hw_id=22, ring=0, ctx=64, seqno=117, global=0
          <idle>-0     [005]   721.465886: i915_request_out:     dev=0, hw_id=22, ring=2, ctx=65, seqno=57, global=719, completed?=1
          <idle>-0     [005]   721.465922: i915_request_out:     dev=0, hw_id=22, ring=0, ctx=64, seqno=115, global=94429, completed?=1
          <idle>-0     [005]   721.465922: i915_request_execute: dev=0, hw_id=3, ring=0, ctx=20, seqno=45719, global=94431
          <idle>-0     [005]   721.465923: i915_request_in:      dev=0, hw_id=3, ring=0, ctx=20, seqno=45719, prio=0, global=94431, port=0
          <idle>-0     [005]   721.465924: i915_request_execute: dev=0, hw_id=22, ring=0, ctx=64, seqno=116, global=94432
          <idle>-0     [005]   721.465925: i915_request_in:      dev=0, hw_id=22, ring=0, ctx=64, seqno=116, prio=0, global=94432, port=1
          <idle>-0     [005]   721.465925: i915_request_execute: dev=0, hw_id=22, ring=0, ctx=64, seqno=117, global=94433
          <idle>-0     [005]   721.465925: i915_request_in:      dev=0, hw_id=22, ring=0, ctx=64, seqno=117, prio=0, global=94433, port=1
          <idle>-0     [005]   721.466129: i915_request_out:     dev=0, hw_id=3, ring=0, ctx=20, seqno=45719, global=94431, completed?=1
          <idle>-0     [005]   721.466470: i915_request_submit:  dev=0, hw_id=22, ring=2, ctx=65, seqno=58, global=0
          <idle>-0     [005]   721.466471: i915_request_execute: dev=0, hw_id=22, ring=2, ctx=65, seqno=58, global=720
          <idle>-0     [005]   721.466471: i915_request_in:      dev=0, hw_id=22, ring=2, ctx=65, seqno=58, prio=0, global=720, port=0
          <idle>-0     [005]   721.466512: i915_request_submit:  dev=0, hw_id=22, ring=0, ctx=64, seqno=118, global=0
          <idle>-0     [005]   721.466513: i915_request_submit:  dev=0, hw_id=22, ring=0, ctx=64, seqno=119, global=0
          <idle>-0     [005]   721.466515: i915_request_execute: dev=0, hw_id=22, ring=0, ctx=64, seqno=118, global=94434
          <idle>-0     [005]   721.466516: i915_request_in:      dev=0, hw_id=22, ring=0, ctx=64, seqno=118, prio=0, global=94434, port=0
          <idle>-0     [005]   721.466516: i915_request_execute: dev=0, hw_id=22, ring=0, ctx=64, seqno=119, global=94435
          <idle>-0     [005]   721.466516: i915_request_in:      dev=0, hw_id=22, ring=0, ctx=64, seqno=119, prio=0, global=94435, port=0
