      h264encode-9687  [002]   586.711492: i915_request_retire:  dev=0, hw_id=36, ring=0, ctx=53, seqno=21, global=49210
      h264encode-9687  [002]   586.711493: i915_request_queue:   dev=0, hw_id=36, ring=0, ctx=53, seqno=28, flags=0x0
      h264encode-9687  [002]   586.711496: i915_request_add:     dev=0, hw_id=36, ring=0, ctx=53, seqno=28, global=0
      h264encode-9687  [002]   586.711520: i915_gem_object_create: obj=0xffff887ccad09b00, size=0x5000
          <idle>-0     [006]   586.711741: intel_engine_notify:  dev=0, ring=0, seqno=49212, waiters=1
      h264encode-9688  [000]   586.711783: i915_request_wait_end: dev=0, hw_id=36, ring=0, ctx=53, seqno=22, global=49212
      h264encode-9688  [000]   586.711783: i915_request_wait_begin: dev=0, hw_id=36, ring=2, ctx=54, seqno=11, global=134, blocking=0, flags=0x5
          <idle>-0     [006]   586.711826: i915_reg_rw:          write reg=0x20a8, len=4, val=(0xfffffeff, 0x0)
          <idle>-0     [006]   586.711827: intel_engine_notify:  dev=0, ring=0, seqno=49213, waiters=0
          <idle>-0     [006]   586.711829: intel_engine_notify:  dev=0, ring=2, seqno=134, waiters=1
          <idle>-0     [006]   586.711830: i915_reg_rw:          write reg=0x20a8, len=4, val=(0xfffffefe, 0x0)
      h264encode-9688  [000]   586.711875: i915_request_wait_end: dev=0, hw_id=36, ring=2, ctx=54, seqno=11, global=134
      h264encode-9688  [000]   586.711910: i915_request_wait_begin: dev=0, hw_id=36, ring=0, ctx=53, seqno=24, global=49214, blocking=0, flags=0x5
      h264encode-9687  [002]   586.712013: i915_vma_bind:        obj=0xffff887d79374f00, offset=0x0000000000548000 size=0x10000 vm=0xffff887ccae52000
      h264encode-9687  [002]   586.712014: i915_vma_bind:        obj=0xffff887ccb2ee100, offset=0x0000000000558000 size=0xa000 vm=0xffff887ccae52000
      h264encode-9687  [002]   586.712014: i915_vma_bind:        obj=0xffff887ccad09b00, offset=0x0000000000562000 size=0x5000 vm=0xffff887ccae52000
      h264encode-9687  [002]   586.712020: i915_request_retire:  dev=0, hw_id=36, ring=2, ctx=54, seqno=10, global=133
      h264encode-9687  [002]   586.712021: i915_request_queue:   dev=0, hw_id=36, ring=2, ctx=54, seqno=14, flags=0x0
      h264encode-9687  [002]   586.712024: i915_request_add:     dev=0, hw_id=36, ring=2, ctx=54, seqno=14, global=0
      h264encode-9687  [002]   586.712089: i915_gem_object_create: obj=0xffff887ccad08600, size=0x8000
      h264encode-9687  [002]   586.712173: i915_vma_bind:        obj=0xffff887d429ed200, offset=0x0000000000567000 size=0x10000 vm=0xffff887ccae52000
      h264encode-9687  [002]   586.712174: i915_vma_bind:        obj=0xffff887ccad08600, offset=0x0000000000577000 size=0x8000 vm=0xffff887ccae52000
      h264encode-9687  [002]   586.712176: i915_request_retire:  dev=0, hw_id=36, ring=0, ctx=53, seqno=22, global=49212
      h264encode-9687  [002]   586.712177: i915_request_queue:   dev=0, hw_id=36, ring=0, ctx=53, seqno=29, flags=0x0
      h264encode-9687  [002]   586.712180: i915_request_add:     dev=0, hw_id=36, ring=0, ctx=53, seqno=29, global=0
          <idle>-0     [006]   586.712192: intel_engine_notify:  dev=0, ring=0, seqno=49214, waiters=1
      h264encode-9688  [000]   586.712234: i915_request_wait_end: dev=0, hw_id=36, ring=0, ctx=53, seqno=24, global=49214
      h264encode-9688  [000]   586.712234: i915_request_wait_begin: dev=0, hw_id=36, ring=2, ctx=54, seqno=12, global=135, blocking=0, flags=0x5
      h264encode-9688  [000]   586.712238: i915_request_wait_end: dev=0, hw_id=36, ring=2, ctx=54, seqno=12, global=135
      h264encode-9688  [000]   586.712240: i915_request_retire:  dev=0, hw_id=36, ring=2, ctx=54, seqno=11, global=134
          <idle>-0     [006]   586.712241: intel_engine_notify:  dev=0, ring=2, seqno=135, waiters=1
      h264encode-9688  [000]   586.712242: i915_request_retire:  dev=0, hw_id=36, ring=2, ctx=54, seqno=12, global=135
          <idle>-0     [006]   586.712300: intel_engine_notify:  dev=0, ring=0, seqno=49215, waiters=1
      h264encode-9688  [000]   586.712304: i915_request_wait_begin: dev=0, hw_id=36, ring=0, ctx=53, seqno=26, global=49216, blocking=0, flags=0x5
      h264encode-9687  [002]   586.712387: i915_vma_bind:        obj=0xffff887d0ddf5500, offset=0x000000000057f000 size=0x1000 vm=0xffff887ccae52000
      h264encode-9687  [002]   586.712388: i915_vma_bind:        obj=0xffff887d0c810900, offset=0x0000000000580000 size=0x8000 vm=0xffff887ccae52000
      h264encode-9687  [002]   586.712390: i915_request_retire:  dev=0, hw_id=36, ring=0, ctx=53, seqno=23, global=49213
      h264encode-9687  [002]   586.712391: i915_request_queue:   dev=0, hw_id=36, ring=0, ctx=53, seqno=30, flags=0x0
      h264encode-9687  [002]   586.712394: i915_request_add:     dev=0, hw_id=36, ring=0, ctx=53, seqno=30, global=0
      h264encode-9687  [002]   586.712420: i915_gem_object_create: obj=0xffff887ccad09200, size=0x5000
          <idle>-0     [006]   586.712632: intel_engine_notify:  dev=0, ring=0, seqno=49216, waiters=1
      h264encode-9688  [000]   586.712675: i915_request_wait_end: dev=0, hw_id=36, ring=0, ctx=53, seqno=26, global=49216
      h264encode-9688  [000]   586.712676: i915_request_wait_begin: dev=0, hw_id=36, ring=2, ctx=54, seqno=13, global=136, blocking=0, flags=0x5
      h264encode-9688  [000]   586.712677: i915_request_wait_end: dev=0, hw_id=36, ring=2, ctx=54, seqno=13, global=136
      h264encode-9688  [000]   586.712679: i915_request_retire:  dev=0, hw_id=36, ring=2, ctx=54, seqno=13, global=136
          <idle>-0     [006]   586.712680: intel_engine_notify:  dev=0, ring=2, seqno=136, waiters=1
      h264encode-9688  [000]   586.712692: i915_request_wait_begin: dev=0, hw_id=36, ring=0, ctx=53, seqno=28, global=49218, blocking=0, flags=0x5
          <idle>-0     [006]   586.712716: intel_engine_notify:  dev=0, ring=0, seqno=49217, waiters=1
      h264encode-9687  [002]   586.712896: i915_vma_bind:        obj=0xffff887d42b0f000, offset=0x0000000000588000 size=0x10000 vm=0xffff887ccae52000
      h264encode-9687  [002]   586.712896: i915_vma_bind:        obj=0xffff887ccb2edb00, offset=0x0000000000598000 size=0xa000 vm=0xffff887ccae52000
      h264encode-9687  [002]   586.712897: i915_vma_bind:        obj=0xffff887ccad09200, offset=0x00000000005a2000 size=0x5000 vm=0xffff887ccae52000
      h264encode-9687  [002]   586.712902: i915_request_queue:   dev=0, hw_id=36, ring=2, ctx=54, seqno=15, flags=0x0
      h264encode-9687  [002]   586.712905: i915_request_add:     dev=0, hw_id=36, ring=2, ctx=54, seqno=15, global=0
      h264encode-9687  [002]   586.713020: i915_vma_bind:        obj=0xffff887d429ec600, offset=0x00000000005a7000 size=0x10000 vm=0xffff887ccae52000
      h264encode-9687  [002]   586.713022: i915_request_retire:  dev=0, hw_id=36, ring=0, ctx=53, seqno=24, global=49214
      h264encode-9687  [002]   586.713025: i915_request_queue:   dev=0, hw_id=36, ring=0, ctx=53, seqno=31, flags=0x0
          <idle>-0     [006]   586.713027: intel_engine_notify:  dev=0, ring=0, seqno=49218, waiters=1
      h264encode-9687  [002]   586.713028: i915_request_add:     dev=0, hw_id=36, ring=0, ctx=53, seqno=31, global=0
      h264encode-9688  [000]   586.713069: i915_request_wait_end: dev=0, hw_id=36, ring=0, ctx=53, seqno=28, global=49218
      h264encode-9688  [000]   586.713070: i915_request_wait_begin: dev=0, hw_id=36, ring=2, ctx=54, seqno=14, global=137, blocking=0, flags=0x5
      h264encode-9688  [000]   586.713073: i915_request_wait_end: dev=0, hw_id=36, ring=2, ctx=54, seqno=14, global=137
      h264encode-9688  [000]   586.713075: i915_request_retire:  dev=0, hw_id=36, ring=2, ctx=54, seqno=14, global=137
          <idle>-0     [006]   586.713076: intel_engine_notify:  dev=0, ring=2, seqno=137, waiters=1
      h264encode-9688  [000]   586.713107: i915_request_wait_begin: dev=0, hw_id=36, ring=0, ctx=53, seqno=30, global=0, blocking=0, flags=0x5
          <idle>-0     [006]   586.713131: intel_engine_notify:  dev=0, ring=0, seqno=49219, waiters=1
      h264encode-9687  [002]   586.713215: i915_vma_bind:        obj=0xffff887d42a92a00, offset=0x00000000005b7000 size=0x1000 vm=0xffff887ccae52000
      h264encode-9687  [002]   586.713217: i915_request_retire:  dev=0, hw_id=36, ring=0, ctx=53, seqno=25, global=49215
      h264encode-9687  [002]   586.713218: i915_request_queue:   dev=0, hw_id=36, ring=0, ctx=53, seqno=32, flags=0x0
      h264encode-9687  [002]   586.713221: i915_request_add:     dev=0, hw_id=36, ring=0, ctx=53, seqno=32, global=0
      h264encode-9687  [002]   586.713282: i915_gem_object_create: obj=0xffff887cb08ca100, size=0x5000
          <idle>-0     [006]   586.713543: intel_engine_notify:  dev=0, ring=0, seqno=49220, waiters=1
          <idle>-0     [006]   586.713591: intel_engine_notify:  dev=0, ring=2, seqno=138, waiters=1
      h264encode-9688  [003]   586.713624: i915_request_wait_end: dev=0, hw_id=36, ring=0, ctx=53, seqno=30, global=49220
          <idle>-0     [006]   586.713647: i915_reg_rw:          write reg=0x20a8, len=4, val=(0xfffffeff, 0x0)
          <idle>-0     [006]   586.713649: intel_engine_notify:  dev=0, ring=0, seqno=49221, waiters=0
      h264encode-9687  [002]   586.713845: i915_vma_bind:        obj=0xffff887d42b0f900, offset=0x00000000005b8000 size=0x10000 vm=0xffff887ccae52000
      h264encode-9687  [002]   586.713845: i915_vma_bind:        obj=0xffff887ccb2eea00, offset=0x00000000005c8000 size=0xa000 vm=0xffff887ccae52000
      h264encode-9687  [002]   586.713846: i915_vma_bind:        obj=0xffff887cb08ca100, offset=0x00000000005d2000 size=0x5000 vm=0xffff887ccae52000
      h264encode-9687  [002]   586.713852: i915_request_queue:   dev=0, hw_id=36, ring=2, ctx=54, seqno=16, flags=0x0
      h264encode-9687  [002]   586.713852: i915_reg_rw:          write reg=0x20a8, len=4, val=(0xfffffefe, 0x0)
      h264encode-9687  [002]   586.713856: i915_request_add:     dev=0, hw_id=36, ring=2, ctx=54, seqno=16, global=0
      h264encode-9687  [002]   586.713856: i915_request_retire:  dev=0, hw_id=36, ring=2, ctx=54, seqno=15, global=138
      h264encode-9688  [003]   586.713964: i915_request_wait_begin: dev=0, hw_id=36, ring=0, ctx=53, seqno=32, global=49222, blocking=0, flags=0x5
      h264encode-9687  [002]   586.714029: i915_request_retire:  dev=0, hw_id=36, ring=0, ctx=53, seqno=26, global=49216
      h264encode-9687  [002]   586.714031: i915_request_queue:   dev=0, hw_id=36, ring=0, ctx=53, seqno=33, flags=0x0
      h264encode-9687  [002]   586.714037: i915_request_add:     dev=0, hw_id=36, ring=0, ctx=53, seqno=33, global=0
          <idle>-0     [006]   586.714097: intel_engine_notify:  dev=0, ring=0, seqno=49222, waiters=1
      h264encode-9688  [003]   586.714131: i915_request_wait_end: dev=0, hw_id=36, ring=0, ctx=53, seqno=32, global=49222
      h264encode-9688  [003]   586.714131: i915_request_wait_begin: dev=0, hw_id=36, ring=2, ctx=54, seqno=16, global=139, blocking=0, flags=0x5
          <idle>-0     [006]   586.714163: intel_engine_notify:  dev=0, ring=2, seqno=139, waiters=1
      h264encode-9688  [003]   586.714164: i915_request_wait_end: dev=0, hw_id=36, ring=2, ctx=54, seqno=16, global=139
          <idle>-0     [006]   586.714196: i915_reg_rw:          write reg=0x20a8, len=4, val=(0xfffffeff, 0x0)
          <idle>-0     [006]   586.714197: intel_engine_notify:  dev=0, ring=0, seqno=49223, waiters=0
      h264encode-9687  [002]   586.714209: i915_request_retire:  dev=0, hw_id=36, ring=0, ctx=53, seqno=27, global=49217
      h264encode-9687  [002]   586.714210: i915_request_queue:   dev=0, hw_id=36, ring=0, ctx=53, seqno=34, flags=0x0
      h264encode-9687  [002]   586.714213: i915_request_add:     dev=0, hw_id=36, ring=0, ctx=53, seqno=34, global=0
      h264encode-9687  [002]   586.714215: i915_request_retire:  dev=0, hw_id=36, ring=0, ctx=53, seqno=28, global=49218
      h264encode-9687  [002]   586.714216: i915_request_retire:  dev=0, hw_id=36, ring=0, ctx=53, seqno=29, global=49219
      h264encode-9687  [002]   586.714217: i915_request_retire:  dev=0, hw_id=36, ring=0, ctx=53, seqno=30, global=49220
      h264encode-9687  [002]   586.714218: i915_request_retire:  dev=0, hw_id=36, ring=0, ctx=53, seqno=31, global=49221
      h264encode-9687  [002]   586.714218: i915_request_retire:  dev=0, hw_id=36, ring=0, ctx=53, seqno=32, global=49222
      h264encode-9687  [002]   586.714219: i915_request_retire:  dev=0, hw_id=36, ring=0, ctx=53, seqno=33, global=49223
      h264encode-9687  [002]   586.714243: i915_gem_object_create: obj=0xffff887cb08cb900, size=0x5000
      h264encode-9687  [002]   586.714522: i915_vma_bind:        obj=0xffff887cb08cb900, offset=0x00000000005d7000 size=0x5000 vm=0xffff887ccae52000
      h264encode-9687  [002]   586.714525: i915_request_queue:   dev=0, hw_id=36, ring=2, ctx=54, seqno=17, flags=0x0
      h264encode-9687  [002]   586.714526: i915_reg_rw:          write reg=0x20a8, len=4, val=(0xfffffefe, 0x0)
      h264encode-9687  [002]   586.714530: i915_request_add:     dev=0, hw_id=36, ring=2, ctx=54, seqno=17, global=0
      h264encode-9687  [002]   586.714530: i915_request_retire:  dev=0, hw_id=36, ring=2, ctx=54, seqno=16, global=139
          <idle>-0     [006]   586.714565: intel_engine_notify:  dev=0, ring=0, seqno=49224, waiters=1
          <idle>-0     [006]   586.714612: i915_reg_rw:          write reg=0x120a8, len=4, val=(0xfffffeff, 0x0)
          <idle>-0     [006]   586.714614: intel_engine_notify:  dev=0, ring=2, seqno=140, waiters=0
      h264encode-9688  [003]   586.714640: i915_request_retire:  dev=0, hw_id=36, ring=2, ctx=54, seqno=17, global=140
      h264encode-9687  [002]   586.714723: i915_request_queue:   dev=0, hw_id=36, ring=0, ctx=53, seqno=35, flags=0x0
      h264encode-9687  [002]   586.714726: i915_request_add:     dev=0, hw_id=36, ring=0, ctx=53, seqno=35, global=0
      h264encode-9687  [002]   586.714728: i915_request_retire:  dev=0, hw_id=36, ring=0, ctx=53, seqno=34, global=49224
          <idle>-0     [006]   586.714810: i915_reg_rw:          write reg=0x20a8, len=4, val=(0xfffffeff, 0x0)
          <idle>-0     [006]   586.714811: intel_engine_notify:  dev=0, ring=0, seqno=49225, waiters=0
      h264encode-9687  [002]   586.714813: i915_request_queue:   dev=0, hw_id=36, ring=0, ctx=53, seqno=36, flags=0x0
      h264encode-9687  [002]   586.714816: i915_request_add:     dev=0, hw_id=36, ring=0, ctx=53, seqno=36, global=0
      h264encode-9687  [002]   586.714818: i915_request_retire:  dev=0, hw_id=36, ring=0, ctx=53, seqno=35, global=49225
      h264encode-9687  [002]   586.714841: i915_gem_object_create: obj=0xffff887cb08c8c00, size=0x5000
      h264encode-9687  [002]   586.715119: i915_vma_bind:        obj=0xffff887cb08c8c00, offset=0x00000000005dc000 size=0x5000 vm=0xffff887ccae52000
      h264encode-9687  [002]   586.715123: i915_request_queue:   dev=0, hw_id=36, ring=2, ctx=54, seqno=18, flags=0x0
      h264encode-9687  [002]   586.715124: i915_reg_rw:          write reg=0x20a8, len=4, val=(0xfffffefe, 0x0)
      h264encode-9687  [002]   586.715127: i915_request_add:     dev=0, hw_id=36, ring=2, ctx=54, seqno=18, global=0
          <idle>-0     [006]   586.715130: intel_engine_notify:  dev=0, ring=0, seqno=49226, waiters=1
      h264encode-9688  [003]   586.715239: i915_request_retire:  dev=0, hw_id=36, ring=2, ctx=54, seqno=18, global=141
      h264encode-9687  [002]   586.715388: i915_request_queue:   dev=0, hw_id=36, ring=0, ctx=53, seqno=37, flags=0x0
      h264encode-9687  [002]   586.715390: i915_request_add:     dev=0, hw_id=36, ring=0, ctx=53, seqno=37, global=0
      h264encode-9687  [002]   586.715392: i915_request_retire:  dev=0, hw_id=36, ring=0, ctx=53, seqno=36, global=49226
          <idle>-0     [006]   586.715511: i915_reg_rw:          write reg=0x20a8, len=4, val=(0xfffffeff, 0x0)
          <idle>-0     [006]   586.715512: intel_engine_notify:  dev=0, ring=0, seqno=49227, waiters=0
      h264encode-9687  [002]   586.715515: i915_request_queue:   dev=0, hw_id=36, ring=0, ctx=53, seqno=38, flags=0x0
      h264encode-9687  [002]   586.715518: i915_request_add:     dev=0, hw_id=36, ring=0, ctx=53, seqno=38, global=0
      h264encode-9687  [002]   586.715520: i915_request_retire:  dev=0, hw_id=36, ring=0, ctx=53, seqno=37, global=49227
      h264encode-9687  [002]   586.715540: i915_gem_object_create: obj=0xffff887cb08cb600, size=0x5000
      h264encode-9687  [002]   586.715903: i915_vma_bind:        obj=0xffff887cb08cb600, offset=0x00000000005e1000 size=0x5000 vm=0xffff887ccae52000
      h264encode-9687  [002]   586.715907: i915_request_queue:   dev=0, hw_id=36, ring=2, ctx=54, seqno=19, flags=0x0
      h264encode-9687  [002]   586.715910: i915_request_add:     dev=0, hw_id=36, ring=2, ctx=54, seqno=19, global=0
      h264encode-9688  [003]   586.715979: i915_request_retire:  dev=0, hw_id=36, ring=2, ctx=54, seqno=19, global=142
      h264encode-9687  [002]   586.716070: i915_request_queue:   dev=0, hw_id=36, ring=0, ctx=53, seqno=39, flags=0x0
      h264encode-9687  [002]   586.716073: i915_request_add:     dev=0, hw_id=36, ring=0, ctx=53, seqno=39, global=0
      h264encode-9687  [002]   586.716091: i915_request_retire:  dev=0, hw_id=36, ring=0, ctx=53, seqno=38, global=49228
     gnome-shell-1441  [004]   586.716122: i915_request_queue:   dev=0, hw_id=19, ring=0, ctx=26, seqno=7443, flags=0x0
     gnome-shell-1441  [004]   586.716132: i915_request_add:     dev=0, hw_id=19, ring=0, ctx=26, seqno=7443, global=0
     gnome-shell-1441  [004]   586.716135: i915_request_retire:  dev=0, hw_id=19, ring=0, ctx=26, seqno=7442, global=49189
            Xorg-1272  [007]   586.716192: i915_reg_rw:          write reg=0x44404, len=4, val=(0x6ffff07e, 0x0)
            Xorg-1272  [007]   586.716193: i915_reg_rw:          read reg=0x70040, len=4, val=(0x8ccf, 0x0)
      h264encode-9687  [002]   586.716212: i915_request_queue:   dev=0, hw_id=36, ring=0, ctx=53, seqno=40, flags=0x0
            Xorg-1272  [007]   586.716213: i915_reg_rw:          read reg=0x70040, len=4, val=(0x8ccf, 0x0)
            Xorg-1272  [007]   586.716214: i915_reg_rw:          read reg=0x70040, len=4, val=(0x8ccf, 0x0)
            Xorg-1272  [007]   586.716214: i915_reg_rw:          read reg=0x70040, len=4, val=(0x8ccf, 0x0)
      h264encode-9687  [002]   586.716215: i915_request_add:     dev=0, hw_id=36, ring=0, ctx=53, seqno=40, global=0
      h264encode-9687  [002]   586.716215: i915_request_retire:  dev=0, hw_id=36, ring=0, ctx=53, seqno=39, global=49229
      h264encode-9687  [002]   586.716240: i915_gem_object_create: obj=0xffff887cb08cb000, size=0x5000
            Xorg-1272  [007]   586.716267: i915_reg_rw:          write reg=0x20a8, len=4, val=(0xfffffefe, 0x0)
      h264encode-9687  [002]   586.716661: i915_vma_bind:        obj=0xffff887cb08cb000, offset=0x00000000005e6000 size=0x5000 vm=0xffff887ccae52000
      h264encode-9687  [002]   586.716668: i915_request_queue:   dev=0, hw_id=36, ring=2, ctx=54, seqno=20, flags=0x0
      h264encode-9687  [002]   586.716674: i915_request_add:     dev=0, hw_id=36, ring=2, ctx=54, seqno=20, global=0
      h264encode-9688  [003]   586.716754: i915_request_wait_begin: dev=0, hw_id=36, ring=0, ctx=53, seqno=40, global=49231, blocking=0, flags=0x5
          <idle>-0     [006]   586.716845: intel_engine_notify:  dev=0, ring=0, seqno=49230, waiters=1
   kworker/u16:0-7     [005]   586.716890: i915_reg_rw:          read reg=0x43208, len=4, val=(0x90000000, 0x0)
   kworker/u16:0-7     [005]   586.716890: i915_reg_rw:          write reg=0x43208, len=4, val=(0x10000000, 0x0)
   kworker/u16:0-7     [005]   586.716892: i915_reg_rw:          read reg=0x70040, len=4, val=(0x8ccf, 0x0)
   kworker/u16:0-7     [005]   586.716894: i915_pipe_update_start: pipe >c<, frame=0, scanline=36047, min=315, max=1073
   kworker/u16:0-7     [005]   586.716894: i915_reg_rw:          read reg=0x70040, len=4, val=(0x8ccf, 0x0)
   kworker/u16:0-7     [005]   586.716895: i915_pipe_update_vblank_evaded: pipe >c<, frame=0, scanline=36047, min=315, max=1073
   kworker/u16:0-7     [005]   586.716895: i915_reg_rw:          write reg=0x68180, len=4, val=(0x0, 0x0)
   kworker/u16:0-7     [005]   586.716896: i915_reg_rw:          write reg=0x68170, len=4, val=(0x0, 0x0)
   kworker/u16:0-7     [005]   586.716896: i915_reg_rw:          write reg=0x68174, len=4, val=(0x0, 0x0)
   kworker/u16:0-7     [005]   586.716896: i915_reg_rw:          write reg=0x68280, len=4, val=(0x0, 0x0)
   kworker/u16:0-7     [005]   586.716896: i915_reg_rw:          write reg=0x68270, len=4, val=(0x0, 0x0)
   kworker/u16:0-7     [005]   586.716897: i915_reg_rw:          write reg=0x68274, len=4, val=(0x0, 0x0)
   kworker/u16:0-7     [005]   586.716898: i915_reg_rw:          read reg=0x70040, len=4, val=(0x8ccf, 0x0)
   kworker/u16:0-7     [005]   586.716898: intel_update_plane:   [FAILED TO PARSE] pipe=0 name=0xffff887da31f13a0 frame=36047 scanline=315 src=ARRAY[00, 00, 00, 00, 00, 00, 00, 00, 00, 00, 80, 07, 00, 00, 38, 04] dst=ARRAY[00, 00, 00, 00, 00, 00, 00, 00, 80, 07, 00, 00, 38, 04, 00, 00]
   kworker/u16:0-7     [005]   586.716901: i915_reg_rw:          read reg=0x70040, len=4, val=(0x8ccf, 0x0)
   kworker/u16:0-7     [005]   586.716902: i915_pipe_update_end: pipe >c<, frame=0, scanline=36047
   kworker/u16:0-7     [005]   586.716902: i915_reg_rw:          read reg=0x70040, len=4, val=(0x8ccf, 0x0)
   kworker/u16:0-7     [005]   586.716903: i915_reg_rw:          read reg=0x70040, len=4, val=(0x8ccf, 0x0)
      h264encode-9687  [002]   586.716911: i915_request_queue:   dev=0, hw_id=36, ring=0, ctx=53, seqno=41, flags=0x0
      h264encode-9687  [002]   586.716914: i915_request_add:     dev=0, hw_id=36, ring=0, ctx=53, seqno=41, global=0
      h264encode-9687  [002]   586.717006: i915_request_queue:   dev=0, hw_id=36, ring=0, ctx=53, seqno=42, flags=0x0
      h264encode-9687  [002]   586.717010: i915_request_add:     dev=0, hw_id=36, ring=0, ctx=53, seqno=42, global=0
      h264encode-9687  [002]   586.717038: i915_gem_object_create: obj=0xffff887cb08c9500, size=0x5000
          <idle>-0     [006]   586.717198: intel_engine_notify:  dev=0, ring=0, seqno=49231, waiters=1
          <idle>-0     [006]   586.717199: i915_reg_rw:          write reg=0x120a8, len=4, val=(0xfffffefe, 0x0)
          <idle>-0     [006]   586.717252: intel_engine_notify:  dev=0, ring=2, seqno=143, waiters=1
      h264encode-9688  [003]   586.717282: i915_request_wait_end: dev=0, hw_id=36, ring=0, ctx=53, seqno=40, global=49231
          <idle>-0     [006]   586.717386: i915_reg_rw:          write reg=0x20a8, len=4, val=(0xfffffeff, 0x0)
          <idle>-0     [006]   586.717387: intel_engine_notify:  dev=0, ring=0, seqno=49232, waiters=0
      h264encode-9687  [002]   586.717496: i915_vma_bind:        obj=0xffff887cb08c9500, offset=0x00000000005eb000 size=0x5000 vm=0xffff887ccae52000
      h264encode-9687  [002]   586.717500: i915_request_queue:   dev=0, hw_id=36, ring=2, ctx=54, seqno=21, flags=0x0
      h264encode-9687  [002]   586.717500: i915_reg_rw:          write reg=0x20a8, len=4, val=(0xfffffefe, 0x0)
      h264encode-9687  [002]   586.717505: i915_request_add:     dev=0, hw_id=36, ring=2, ctx=54, seqno=21, global=0
      h264encode-9687  [002]   586.717505: i915_request_retire:  dev=0, hw_id=36, ring=2, ctx=54, seqno=20, global=143
      h264encode-9688  [003]   586.717609: i915_request_wait_begin: dev=0, hw_id=36, ring=0, ctx=53, seqno=42, global=49233, blocking=0, flags=0x5
      h264encode-9687  [002]   586.717693: i915_request_retire:  dev=0, hw_id=36, ring=0, ctx=53, seqno=40, global=49231
      h264encode-9687  [002]   586.717694: i915_request_queue:   dev=0, hw_id=36, ring=0, ctx=53, seqno=43, flags=0x0
      h264encode-9687  [002]   586.717697: i915_request_add:     dev=0, hw_id=36, ring=0, ctx=53, seqno=43, global=0
          <idle>-0     [006]   586.717767: intel_engine_notify:  dev=0, ring=0, seqno=49233, waiters=1
      h264encode-9687  [002]   586.717772: i915_request_retire:  dev=0, hw_id=36, ring=0, ctx=53, seqno=41, global=49232
      h264encode-9687  [002]   586.717773: i915_request_queue:   dev=0, hw_id=36, ring=0, ctx=53, seqno=44, flags=0x0
      h264encode-9687  [002]   586.717777: i915_request_add:     dev=0, hw_id=36, ring=0, ctx=53, seqno=44, global=0
          <idle>-0     [006]   586.717811: intel_engine_notify:  dev=0, ring=2, seqno=144, waiters=1
      h264encode-9687  [002]   586.717818: i915_gem_object_create: obj=0xffff887d0dfc7c00, size=0x5000
      h264encode-9688  [003]   586.717850: i915_request_wait_end: dev=0, hw_id=36, ring=0, ctx=53, seqno=42, global=49233
          <idle>-0     [006]   586.717851: i915_reg_rw:          write reg=0x20a8, len=4, val=(0xfffffeff, 0x0)
          <idle>-0     [006]   586.717852: intel_engine_notify:  dev=0, ring=0, seqno=49234, waiters=0
      h264encode-9687  [002]   586.718281: i915_vma_bind:        obj=0xffff887d0dfc7c00, offset=0x00000000005f0000 size=0x5000 vm=0xffff887ccae52000
      h264encode-9687  [002]   586.718285: i915_request_queue:   dev=0, hw_id=36, ring=2, ctx=54, seqno=22, flags=0x0
      h264encode-9687  [002]   586.718288: i915_request_add:     dev=0, hw_id=36, ring=2, ctx=54, seqno=22, global=0
      h264encode-9687  [002]   586.718290: i915_request_retire:  dev=0, hw_id=36, ring=2, ctx=54, seqno=21, global=144
          <idle>-0     [006]   586.718317: i915_reg_rw:          write reg=0x120a8, len=4, val=(0xfffffeff, 0x0)
          <idle>-0     [006]   586.718317: intel_engine_notify:  dev=0, ring=2, seqno=145, waiters=0
      h264encode-9688  [003]   586.718356: i915_request_retire:  dev=0, hw_id=36, ring=2, ctx=54, seqno=22, global=145
      h264encode-9687  [002]   586.718442: i915_request_retire:  dev=0, hw_id=36, ring=0, ctx=53, seqno=42, global=49233
      h264encode-9687  [002]   586.718444: i915_request_queue:   dev=0, hw_id=36, ring=0, ctx=53, seqno=45, flags=0x0
      h264encode-9687  [002]   586.718446: i915_request_add:     dev=0, hw_id=36, ring=0, ctx=53, seqno=45, global=0
      h264encode-9687  [002]   586.718448: i915_request_retire:  dev=0, hw_id=36, ring=0, ctx=53, seqno=43, global=49234
      h264encode-9687  [002]   586.718448: i915_request_retire:  dev=0, hw_id=36, ring=0, ctx=53, seqno=44, global=49235
      h264encode-9687  [002]   586.718524: i915_request_queue:   dev=0, hw_id=36, ring=0, ctx=53, seqno=46, flags=0x0
      h264encode-9687  [002]   586.718527: i915_request_add:     dev=0, hw_id=36, ring=0, ctx=53, seqno=46, global=0
      h264encode-9687  [002]   586.718529: i915_request_retire:  dev=0, hw_id=36, ring=0, ctx=53, seqno=45, global=49236
      h264encode-9687  [002]   586.718554: i915_gem_object_create: obj=0xffff887d0dfc6700, size=0x5000
          <idle>-0     [006]   586.718663: i915_reg_rw:          write reg=0x44324, len=4, val=(0xffffff9f, 0x0)
     kworker/6:1-9316  [006]   586.718668: i915_reg_rw:          write reg=0xa008, len=4, val=(0x1f000000, 0x0)
     kworker/6:1-9316  [006]   586.718669: i915_reg_rw:          write reg=0xa014, len=4, val=(0x1f800000, 0x0)
     kworker/6:1-9316  [006]   586.718671: i915_reg_rw:          write reg=0xa168, len=4, val=(0x7fffff8f, 0x0)
     kworker/6:1-9316  [006]   586.718671: intel_gpu_freq_change: new_freq=1033
     kworker/6:1-9316  [006]   586.718672: i915_reg_rw:          write reg=0x44324, len=4, val=(0xffffff8f, 0x0)
      h264encode-9687  [002]   586.718895: i915_vma_bind:        obj=0xffff887d0dfc6700, offset=0x00000000005f5000 size=0x5000 vm=0xffff887ccae52000
      h264encode-9687  [002]   586.718899: i915_request_queue:   dev=0, hw_id=36, ring=2, ctx=54, seqno=23, flags=0x0
      h264encode-9687  [002]   586.718902: i915_request_add:     dev=0, hw_id=36, ring=2, ctx=54, seqno=23, global=0
      h264encode-9688  [003]   586.718973: i915_request_retire:  dev=0, hw_id=36, ring=2, ctx=54, seqno=23, global=146
      h264encode-9687  [002]   586.719080: i915_request_queue:   dev=0, hw_id=36, ring=0, ctx=53, seqno=47, flags=0x0
      h264encode-9687  [002]   586.719083: i915_request_add:     dev=0, hw_id=36, ring=0, ctx=53, seqno=47, global=0
      h264encode-9687  [002]   586.719085: i915_request_retire:  dev=0, hw_id=36, ring=0, ctx=53, seqno=46, global=49237
      h264encode-9687  [002]   586.719161: i915_request_queue:   dev=0, hw_id=36, ring=0, ctx=53, seqno=48, flags=0x0
      h264encode-9687  [002]   586.719164: i915_request_add:     dev=0, hw_id=36, ring=0, ctx=53, seqno=48, global=0
      h264encode-9687  [002]   586.719166: i915_request_retire:  dev=0, hw_id=36, ring=0, ctx=53, seqno=47, global=49238
      h264encode-9687  [002]   586.719192: i915_gem_object_create: obj=0xffff887d0dfc7600, size=0x5000
      h264encode-9687  [002]   586.719548: i915_vma_bind:        obj=0xffff887d0dfc7600, offset=0x00000000005fa000 size=0x5000 vm=0xffff887ccae52000
      h264encode-9687  [002]   586.719552: i915_request_queue:   dev=0, hw_id=36, ring=2, ctx=54, seqno=24, flags=0x0
      h264encode-9687  [002]   586.719554: i915_request_add:     dev=0, hw_id=36, ring=2, ctx=54, seqno=24, global=0
      h264encode-9688  [003]   586.719627: i915_request_retire:  dev=0, hw_id=36, ring=2, ctx=54, seqno=24, global=147
      h264encode-9687  [002]   586.719711: i915_request_queue:   dev=0, hw_id=36, ring=0, ctx=53, seqno=49, flags=0x0
      h264encode-9687  [002]   586.719714: i915_request_add:     dev=0, hw_id=36, ring=0, ctx=53, seqno=49, global=0
      h264encode-9687  [002]   586.719716: i915_request_retire:  dev=0, hw_id=36, ring=0, ctx=53, seqno=48, global=49239
      h264encode-9687  [002]   586.719787: i915_request_queue:   dev=0, hw_id=36, ring=0, ctx=53, seqno=50, flags=0x0
      h264encode-9687  [002]   586.719789: i915_request_add:     dev=0, hw_id=36, ring=0, ctx=53, seqno=50, global=0
      h264encode-9687  [002]   586.719791: i915_request_retire:  dev=0, hw_id=36, ring=0, ctx=53, seqno=49, global=49240
      h264encode-9687  [002]   586.719813: i915_gem_object_create: obj=0xffff887d0dfc6100, size=0x5000
      h264encode-9687  [002]   586.720149: i915_vma_bind:        obj=0xffff887d0dfc6100, offset=0x00000000005ff000 size=0x5000 vm=0xffff887ccae52000
      h264encode-9687  [002]   586.720154: i915_request_queue:   dev=0, hw_id=36, ring=2, ctx=54, seqno=25, flags=0x0
      h264encode-9687  [002]   586.720156: i915_request_add:     dev=0, hw_id=36, ring=2, ctx=54, seqno=25, global=0
      h264encode-9688  [003]   586.720242: i915_request_retire:  dev=0, hw_id=36, ring=2, ctx=54, seqno=25, global=148
      h264encode-9687  [002]   586.720306: i915_request_queue:   dev=0, hw_id=36, ring=0, ctx=53, seqno=51, flags=0x0
      h264encode-9687  [002]   586.720309: i915_request_add:     dev=0, hw_id=36, ring=0, ctx=53, seqno=51, global=0
      h264encode-9687  [002]   586.720311: i915_request_retire:  dev=0, hw_id=36, ring=0, ctx=53, seqno=50, global=49241
      h264encode-9687  [002]   586.720401: i915_request_queue:   dev=0, hw_id=36, ring=0, ctx=53, seqno=52, flags=0x0
      h264encode-9687  [002]   586.720404: i915_request_add:     dev=0, hw_id=36, ring=0, ctx=53, seqno=52, global=0
      h264encode-9687  [002]   586.720406: i915_request_retire:  dev=0, hw_id=36, ring=0, ctx=53, seqno=51, global=49242
      h264encode-9687  [002]   586.720429: i915_gem_object_create: obj=0xffff887d0dfc4c00, size=0x5000
      h264encode-9687  [002]   586.720780: i915_vma_bind:        obj=0xffff887d0dfc4c00, offset=0x0000000000604000 size=0x5000 vm=0xffff887ccae52000
      h264encode-9687  [002]   586.720783: i915_request_queue:   dev=0, hw_id=36, ring=2, ctx=54, seqno=26, flags=0x0
      h264encode-9687  [002]   586.720786: i915_request_add:     dev=0, hw_id=36, ring=2, ctx=54, seqno=26, global=0
      h264encode-9688  [003]   586.720876: i915_request_retire:  dev=0, hw_id=36, ring=2, ctx=54, seqno=26, global=149
      h264encode-9687  [002]   586.720953: i915_request_queue:   dev=0, hw_id=36, ring=0, ctx=53, seqno=53, flags=0x0
      h264encode-9687  [002]   586.720959: i915_request_add:     dev=0, hw_id=36, ring=0, ctx=53, seqno=53, global=0
      h264encode-9687  [002]   586.720961: i915_request_retire:  dev=0, hw_id=36, ring=0, ctx=53, seqno=52, global=49243
      h264encode-9687  [002]   586.721039: i915_request_queue:   dev=0, hw_id=36, ring=0, ctx=53, seqno=54, flags=0x0
      h264encode-9687  [002]   586.721042: i915_request_add:     dev=0, hw_id=36, ring=0, ctx=53, seqno=54, global=0
      h264encode-9687  [002]   586.721044: i915_request_retire:  dev=0, hw_id=36, ring=0, ctx=53, seqno=53, global=49244
      h264encode-9687  [002]   586.721070: i915_gem_object_create: obj=0xffff887d0dfc4600, size=0x5000
      h264encode-9687  [002]   586.721438: i915_vma_bind:        obj=0xffff887d0dfc4600, offset=0x0000000000609000 size=0x5000 vm=0xffff887ccae52000
      h264encode-9687  [002]   586.721441: i915_request_queue:   dev=0, hw_id=36, ring=2, ctx=54, seqno=27, flags=0x0
      h264encode-9687  [002]   586.721444: i915_request_add:     dev=0, hw_id=36, ring=2, ctx=54, seqno=27, global=0
      h264encode-9688  [003]   586.721507: i915_request_retire:  dev=0, hw_id=36, ring=2, ctx=54, seqno=27, global=150
      h264encode-9687  [002]   586.721557: i915_request_queue:   dev=0, hw_id=36, ring=0, ctx=53, seqno=55, flags=0x0
      h264encode-9687  [002]   586.721560: i915_request_add:     dev=0, hw_id=36, ring=0, ctx=53, seqno=55, global=0
      h264encode-9687  [002]   586.721562: i915_request_retire:  dev=0, hw_id=36, ring=0, ctx=53, seqno=54, global=49245
      h264encode-9687  [002]   586.721637: i915_request_queue:   dev=0, hw_id=36, ring=0, ctx=53, seqno=56, flags=0x0
      h264encode-9687  [002]   586.721640: i915_request_add:     dev=0, hw_id=36, ring=0, ctx=53, seqno=56, global=0
      h264encode-9687  [002]   586.721642: i915_request_retire:  dev=0, hw_id=36, ring=0, ctx=53, seqno=55, global=49246
      h264encode-9687  [002]   586.721667: i915_gem_object_create: obj=0xffff887d0dfc5b00, size=0x5000
      h264encode-9687  [002]   586.722042: i915_vma_bind:        obj=0xffff887d0dfc5b00, offset=0x000000000060e000 size=0x5000 vm=0xffff887ccae52000
      h264encode-9687  [002]   586.722046: i915_request_queue:   dev=0, hw_id=36, ring=2, ctx=54, seqno=28, flags=0x0
      h264encode-9687  [002]   586.722048: i915_request_add:     dev=0, hw_id=36, ring=2, ctx=54, seqno=28, global=0
      h264encode-9688  [003]   586.722138: i915_request_retire:  dev=0, hw_id=36, ring=2, ctx=54, seqno=28, global=151
   kworker/u16:2-166   [006]   586.722163: i915_gem_object_destroy: obj=0xffff887d16c61b00
   kworker/u16:2-166   [006]   586.722165: i915_vma_unbind:      obj=0xffff887d16c61b00, offset=0x00000000ffe19000 size=0x3000 vm=0xffff887da7885740
   kworker/u16:2-166   [006]   586.722172: i915_gem_object_destroy: obj=0xffff887d0dfdcf00
   kworker/u16:2-166   [006]   586.722173: i915_vma_unbind:      obj=0xffff887d0dfdcf00, offset=0x00000000008c7000 size=0x4000 vm=0xffff887da7885740
   kworker/u16:2-166   [006]   586.722175: i915_gem_object_destroy: obj=0xffff887c89f23000
   kworker/u16:2-166   [006]   586.722176: i915_vma_unbind:      obj=0xffff887c89f23000, offset=0x00000000ffe1c000 size=0x17000 vm=0xffff887da7885740
   kworker/u16:2-166   [006]   586.722181: i915_gem_object_destroy: obj=0xffff887c89f21b00
   kworker/u16:2-166   [006]   586.722181: i915_vma_unbind:      obj=0xffff887c89f21b00, offset=0x00000000008c3000 size=0x4000 vm=0xffff887da7885740
      h264encode-9687  [002]   586.722233: i915_request_queue:   dev=0, hw_id=36, ring=0, ctx=53, seqno=57, flags=0x0
      h264encode-9687  [002]   586.722236: i915_request_add:     dev=0, hw_id=36, ring=0, ctx=53, seqno=57, global=0
      h264encode-9687  [002]   586.722254: i915_request_retire:  dev=0, hw_id=36, ring=0, ctx=53, seqno=56, global=49247
      h264encode-9687  [002]   586.722334: i915_request_queue:   dev=0, hw_id=36, ring=0, ctx=53, seqno=58, flags=0x0
      h264encode-9687  [002]   586.722336: i915_request_add:     dev=0, hw_id=36, ring=0, ctx=53, seqno=58, global=0
      h264encode-9687  [002]   586.722338: i915_request_retire:  dev=0, hw_id=36, ring=0, ctx=53, seqno=57, global=49248
      h264encode-9687  [002]   586.722366: i915_gem_object_create: obj=0xffff887ccafbb300, size=0x5000
      h264encode-9687  [002]   586.722751: i915_vma_bind:        obj=0xffff887ccafbb300, offset=0x0000000000613000 size=0x5000 vm=0xffff887ccae52000
      h264encode-9687  [002]   586.722756: i915_request_queue:   dev=0, hw_id=36, ring=2, ctx=54, seqno=29, flags=0x0
      h264encode-9687  [002]   586.722758: i915_request_add:     dev=0, hw_id=36, ring=2, ctx=54, seqno=29, global=0
      h264encode-9688  [003]   586.722826: i915_request_retire:  dev=0, hw_id=36, ring=2, ctx=54, seqno=29, global=152
      h264encode-9687  [002]   586.722921: i915_request_queue:   dev=0, hw_id=36, ring=0, ctx=53, seqno=59, flags=0x0
      h264encode-9687  [002]   586.722923: i915_request_add:     dev=0, hw_id=36, ring=0, ctx=53, seqno=59, global=0
      h264encode-9687  [002]   586.722925: i915_request_retire:  dev=0, hw_id=36, ring=0, ctx=53, seqno=58, global=49249
      h264encode-9687  [002]   586.723006: i915_request_queue:   dev=0, hw_id=36, ring=0, ctx=53, seqno=60, flags=0x0
      h264encode-9687  [002]   586.723008: i915_request_add:     dev=0, hw_id=36, ring=0, ctx=53, seqno=60, global=0
      h264encode-9687  [002]   586.723010: i915_request_retire:  dev=0, hw_id=36, ring=0, ctx=53, seqno=59, global=49250
      h264encode-9687  [002]   586.723039: i915_gem_object_create: obj=0xffff887ccafbbc00, size=0x5000
          <idle>-0     [006]   586.723186: i915_reg_rw:          write reg=0x44324, len=4, val=(0xffffffaf, 0x0)
     kworker/6:1-9316  [006]   586.723190: i915_reg_rw:          write reg=0xa008, len=4, val=(0x1f800000, 0x0)
     kworker/6:1-9316  [006]   586.723190: i915_reg_rw:          write reg=0xa014, len=4, val=(0x1f800000, 0x0)
     kworker/6:1-9316  [006]   586.723192: i915_reg_rw:          write reg=0xa168, len=4, val=(0x7fffffaf, 0x0)
     kworker/6:1-9316  [006]   586.723193: intel_gpu_freq_change: new_freq=1050
     kworker/6:1-9316  [006]   586.723193: i915_reg_rw:          write reg=0x44324, len=4, val=(0xffffff8f, 0x0)
      h264encode-9687  [002]   586.723439: i915_vma_bind:        obj=0xffff887ccafbbc00, offset=0x0000000000618000 size=0x5000 vm=0xffff887ccae52000
      h264encode-9687  [002]   586.723443: i915_request_queue:   dev=0, hw_id=36, ring=2, ctx=54, seqno=30, flags=0x0
      h264encode-9687  [002]   586.723445: i915_request_add:     dev=0, hw_id=36, ring=2, ctx=54, seqno=30, global=0
      h264encode-9688  [003]   586.723514: i915_request_retire:  dev=0, hw_id=36, ring=2, ctx=54, seqno=30, global=153
      h264encode-9687  [002]   586.723543: i915_request_queue:   dev=0, hw_id=36, ring=0, ctx=53, seqno=61, flags=0x0
      h264encode-9687  [002]   586.723545: i915_request_add:     dev=0, hw_id=36, ring=0, ctx=53, seqno=61, global=0
      h264encode-9687  [002]   586.723547: i915_request_retire:  dev=0, hw_id=36, ring=0, ctx=53, seqno=60, global=49251
      h264encode-9687  [002]   586.723648: i915_request_queue:   dev=0, hw_id=36, ring=0, ctx=53, seqno=62, flags=0x0
      h264encode-9687  [002]   586.723651: i915_request_add:     dev=0, hw_id=36, ring=0, ctx=53, seqno=62, global=0
      h264encode-9687  [002]   586.723652: i915_request_retire:  dev=0, hw_id=36, ring=0, ctx=53, seqno=61, global=49252
      h264encode-9687  [002]   586.724031: i915_request_queue:   dev=0, hw_id=36, ring=2, ctx=54, seqno=31, flags=0x0
      h264encode-9687  [002]   586.724033: i915_request_add:     dev=0, hw_id=36, ring=2, ctx=54, seqno=31, global=0
      h264encode-9688  [003]   586.724096: i915_request_retire:  dev=0, hw_id=36, ring=2, ctx=54, seqno=31, global=154
      h264encode-9687  [002]   586.724141: i915_request_queue:   dev=0, hw_id=36, ring=0, ctx=53, seqno=63, flags=0x0
      h264encode-9687  [002]   586.724144: i915_request_add:     dev=0, hw_id=36, ring=0, ctx=53, seqno=63, global=0
      h264encode-9687  [002]   586.724146: i915_request_retire:  dev=0, hw_id=36, ring=0, ctx=53, seqno=62, global=49253
      h264encode-9687  [002]   586.724222: i915_request_queue:   dev=0, hw_id=36, ring=0, ctx=53, seqno=64, flags=0x0
      h264encode-9687  [002]   586.724225: i915_request_add:     dev=0, hw_id=36, ring=0, ctx=53, seqno=64, global=0
      h264encode-9687  [002]   586.724227: i915_request_retire:  dev=0, hw_id=36, ring=0, ctx=53, seqno=63, global=49254
      h264encode-9687  [002]   586.724622: i915_request_queue:   dev=0, hw_id=36, ring=2, ctx=54, seqno=32, flags=0x0
      h264encode-9687  [002]   586.724624: i915_request_add:     dev=0, hw_id=36, ring=2, ctx=54, seqno=32, global=0
      h264encode-9688  [003]   586.724691: i915_request_retire:  dev=0, hw_id=36, ring=2, ctx=54, seqno=32, global=155
      h264encode-9687  [002]   586.724740: i915_request_queue:   dev=0, hw_id=36, ring=0, ctx=53, seqno=65, flags=0x0
      h264encode-9687  [002]   586.724742: i915_request_add:     dev=0, hw_id=36, ring=0, ctx=53, seqno=65, global=0
      h264encode-9687  [002]   586.724744: i915_request_retire:  dev=0, hw_id=36, ring=0, ctx=53, seqno=64, global=49255
      h264encode-9687  [002]   586.724811: i915_request_queue:   dev=0, hw_id=36, ring=0, ctx=53, seqno=66, flags=0x0
      h264encode-9687  [002]   586.724813: i915_request_add:     dev=0, hw_id=36, ring=0, ctx=53, seqno=66, global=0
      h264encode-9687  [002]   586.724815: i915_request_retire:  dev=0, hw_id=36, ring=0, ctx=53, seqno=65, global=49256
      h264encode-9687  [002]   586.725077: i915_request_queue:   dev=0, hw_id=36, ring=2, ctx=54, seqno=33, flags=0x0
      h264encode-9687  [002]   586.725078: i915_reg_rw:          write reg=0x20a8, len=4, val=(0xfffffefe, 0x0)
      h264encode-9687  [002]   586.725082: i915_request_add:     dev=0, hw_id=36, ring=2, ctx=54, seqno=33, global=0
          <idle>-0     [006]   586.725172: intel_engine_notify:  dev=0, ring=0, seqno=49257, waiters=1
      h264encode-9688  [003]   586.725172: i915_request_wait_begin: dev=0, hw_id=36, ring=2, ctx=54, seqno=33, global=0, blocking=0, flags=0x5
      h264encode-9688  [003]   586.725178: i915_reg_rw:          write reg=0x120a8, len=4, val=(0xfffffefe, 0x0)
          <idle>-0     [006]   586.725254: intel_engine_notify:  dev=0, ring=2, seqno=156, waiters=1
      h264encode-9688  [003]   586.725286: i915_request_wait_end: dev=0, hw_id=36, ring=2, ctx=54, seqno=33, global=156
      h264encode-9687  [002]   586.725286: i915_request_queue:   dev=0, hw_id=36, ring=0, ctx=53, seqno=67, flags=0x0
      h264encode-9687  [002]   586.725288: i915_request_add:     dev=0, hw_id=36, ring=0, ctx=53, seqno=67, global=0
      h264encode-9687  [002]   586.725290: i915_request_retire:  dev=0, hw_id=36, ring=0, ctx=53, seqno=66, global=49257
          <idle>-0     [006]   586.725357: i915_reg_rw:          write reg=0x20a8, len=4, val=(0xfffffeff, 0x0)
          <idle>-0     [006]   586.725358: intel_engine_notify:  dev=0, ring=0, seqno=49258, waiters=0
      h264encode-9687  [002]   586.725358: i915_request_queue:   dev=0, hw_id=36, ring=0, ctx=53, seqno=68, flags=0x0
      h264encode-9687  [002]   586.725362: i915_request_add:     dev=0, hw_id=36, ring=0, ctx=53, seqno=68, global=0
      h264encode-9687  [002]   586.725364: i915_request_retire:  dev=0, hw_id=36, ring=0, ctx=53, seqno=67, global=49258
      h264encode-9687  [002]   586.725642: i915_request_queue:   dev=0, hw_id=36, ring=2, ctx=54, seqno=34, flags=0x0
      h264encode-9687  [002]   586.725643: i915_reg_rw:          write reg=0x20a8, len=4, val=(0xfffffefe, 0x0)
      h264encode-9687  [002]   586.725647: i915_request_add:     dev=0, hw_id=36, ring=2, ctx=54, seqno=34, global=0
      h264encode-9687  [002]   586.725647: i915_request_retire:  dev=0, hw_id=36, ring=2, ctx=54, seqno=33, global=156
          <idle>-0     [006]   586.725678: intel_engine_notify:  dev=0, ring=0, seqno=49259, waiters=1
          <idle>-0     [006]   586.725739: i915_reg_rw:          write reg=0x120a8, len=4, val=(0xfffffeff, 0x0)
          <idle>-0     [006]   586.725740: intel_engine_notify:  dev=0, ring=2, seqno=157, waiters=0
      h264encode-9688  [003]   586.725743: i915_request_retire:  dev=0, hw_id=36, ring=2, ctx=54, seqno=34, global=157
      h264encode-9687  [002]   586.725813: i915_request_queue:   dev=0, hw_id=36, ring=0, ctx=53, seqno=69, flags=0x0
      h264encode-9687  [002]   586.725816: i915_request_add:     dev=0, hw_id=36, ring=0, ctx=53, seqno=69, global=0
      h264encode-9687  [002]   586.725818: i915_request_retire:  dev=0, hw_id=36, ring=0, ctx=53, seqno=68, global=49259
          <idle>-0     [006]   586.725886: i915_reg_rw:          write reg=0x20a8, len=4, val=(0xfffffeff, 0x0)
      h264encode-9687  [002]   586.725887: i915_request_queue:   dev=0, hw_id=36, ring=0, ctx=53, seqno=70, flags=0x0
          <idle>-0     [006]   586.725887: intel_engine_notify:  dev=0, ring=0, seqno=49260, waiters=0
      h264encode-9687  [002]   586.725890: i915_request_add:     dev=0, hw_id=36, ring=0, ctx=53, seqno=70, global=0
      h264encode-9687  [002]   586.725892: i915_request_retire:  dev=0, hw_id=36, ring=0, ctx=53, seqno=69, global=49260
      h264encode-9687  [002]   586.726251: i915_request_queue:   dev=0, hw_id=36, ring=2, ctx=54, seqno=35, flags=0x0
      h264encode-9687  [002]   586.726252: i915_reg_rw:          write reg=0x20a8, len=4, val=(0xfffffefe, 0x0)
      h264encode-9687  [002]   586.726257: i915_request_add:     dev=0, hw_id=36, ring=2, ctx=54, seqno=35, global=0
          <idle>-0     [006]   586.726269: intel_engine_notify:  dev=0, ring=0, seqno=49261, waiters=1
      h264encode-9688  [003]   586.726367: i915_request_retire:  dev=0, hw_id=36, ring=2, ctx=54, seqno=35, global=158
      h264encode-9687  [002]   586.726466: i915_request_queue:   dev=0, hw_id=36, ring=0, ctx=53, seqno=71, flags=0x0
      h264encode-9687  [002]   586.726469: i915_request_add:     dev=0, hw_id=36, ring=0, ctx=53, seqno=71, global=0
      h264encode-9687  [002]   586.726471: i915_request_retire:  dev=0, hw_id=36, ring=0, ctx=53, seqno=70, global=49261
          <idle>-0     [006]   586.726560: i915_reg_rw:          write reg=0x20a8, len=4, val=(0xfffffeff, 0x0)
          <idle>-0     [006]   586.726560: intel_engine_notify:  dev=0, ring=0, seqno=49262, waiters=0
      h264encode-9687  [002]   586.726567: i915_request_queue:   dev=0, hw_id=36, ring=0, ctx=53, seqno=72, flags=0x0
      h264encode-9687  [002]   586.726570: i915_request_add:     dev=0, hw_id=36, ring=0, ctx=53, seqno=72, global=0
      h264encode-9687  [002]   586.726572: i915_request_retire:  dev=0, hw_id=36, ring=0, ctx=53, seqno=71, global=49262
      h264encode-9687  [002]   586.727120: i915_request_queue:   dev=0, hw_id=36, ring=2, ctx=54, seqno=36, flags=0x0
      h264encode-9687  [002]   586.727122: i915_request_add:     dev=0, hw_id=36, ring=2, ctx=54, seqno=36, global=0
      h264encode-9688  [003]   586.727191: i915_request_retire:  dev=0, hw_id=36, ring=2, ctx=54, seqno=36, global=159
            Xorg-1272  [007]   586.727219: i915_gem_object_create: obj=0xffff887cfb389500, size=0x2000
      h264encode-9687  [002]   586.727275: i915_request_queue:   dev=0, hw_id=36, ring=0, ctx=53, seqno=73, flags=0x0
      h264encode-9687  [002]   586.727278: i915_request_add:     dev=0, hw_id=36, ring=0, ctx=53, seqno=73, global=0
      h264encode-9687  [002]   586.727280: i915_request_retire:  dev=0, hw_id=36, ring=0, ctx=53, seqno=72, global=49263
      h264encode-9687  [002]   586.727353: i915_request_queue:   dev=0, hw_id=36, ring=0, ctx=53, seqno=74, flags=0x0
      h264encode-9687  [002]   586.727356: i915_request_add:     dev=0, hw_id=36, ring=0, ctx=53, seqno=74, global=0
      h264encode-9687  [002]   586.727358: i915_request_retire:  dev=0, hw_id=36, ring=0, ctx=53, seqno=73, global=49264
            Xorg-1272  [007]   586.727571: i915_vma_bind:        obj=0xffff887cfb389500, offset=0x00000000000d7000 size=0x2000 vm=0xffff887daa15c000
            Xorg-1272  [007]   586.727577: i915_request_queue:   dev=0, hw_id=15, ring=0, ctx=23, seqno=7412, flags=0x0
            Xorg-1272  [007]   586.727581: i915_request_add:     dev=0, hw_id=15, ring=0, ctx=23, seqno=7412, global=0
            Xorg-1272  [007]   586.727584: i915_request_retire:  dev=0, hw_id=15, ring=0, ctx=23, seqno=7411, global=49211
      h264encode-9687  [002]   586.727744: i915_request_queue:   dev=0, hw_id=36, ring=2, ctx=54, seqno=37, flags=0x0
      h264encode-9687  [002]   586.727746: i915_request_add:     dev=0, hw_id=36, ring=2, ctx=54, seqno=37, global=0
      h264encode-9688  [003]   586.727808: i915_request_retire:  dev=0, hw_id=36, ring=2, ctx=54, seqno=37, global=160
      h264encode-9687  [002]   586.727851: i915_request_queue:   dev=0, hw_id=36, ring=0, ctx=53, seqno=75, flags=0x0
      h264encode-9687  [002]   586.727853: i915_request_add:     dev=0, hw_id=36, ring=0, ctx=53, seqno=75, global=0
      h264encode-9687  [002]   586.727855: i915_request_retire:  dev=0, hw_id=36, ring=0, ctx=53, seqno=74, global=49265
      h264encode-9687  [002]   586.727928: i915_request_queue:   dev=0, hw_id=36, ring=0, ctx=53, seqno=76, flags=0x0
      h264encode-9687  [002]   586.727931: i915_request_add:     dev=0, hw_id=36, ring=0, ctx=53, seqno=76, global=0
      h264encode-9687  [002]   586.728263: i915_request_queue:   dev=0, hw_id=36, ring=2, ctx=54, seqno=38, flags=0x0
      h264encode-9687  [002]   586.728266: i915_request_add:     dev=0, hw_id=36, ring=2, ctx=54, seqno=38, global=0
      h264encode-9688  [003]   586.728324: i915_request_wait_begin: dev=0, hw_id=36, ring=0, ctx=53, seqno=76, global=0, blocking=0, flags=0x5
          <idle>-0     [006]   586.728368: i915_reg_rw:          read reg=0x44408, len=4, val=(0x1, 0x0)
          <idle>-0     [006]   586.728368: i915_reg_rw:          write reg=0x44408, len=4, val=(0x1, 0x0)
