          <idle>-0     [006]   586.728369: i915_reg_rw:          read reg=0x70040, len=4, val=(0x8cd0, 0x0)
          <idle>-0     [006]   586.728371: i915_reg_rw:          read reg=0x70040, len=4, val=(0x8cd0, 0x0)
      h264encode-9687  [002]   586.728380: i915_request_queue:   dev=0, hw_id=36, ring=0, ctx=53, seqno=77, flags=0x0
      h264encode-9687  [002]   586.728392: i915_request_add:     dev=0, hw_id=36, ring=0, ctx=53, seqno=77, global=0
      h264encode-9687  [002]   586.728530: i915_request_queue:   dev=0, hw_id=36, ring=0, ctx=53, seqno=78, flags=0x0
      h264encode-9687  [002]   586.728535: i915_request_add:     dev=0, hw_id=36, ring=0, ctx=53, seqno=78, global=0
          <idle>-0     [006]   586.728668: i915_reg_rw:          write reg=0x20a8, len=4, val=(0xfffffefe, 0x0)
          <idle>-0     [006]   586.728783: intel_engine_notify:  dev=0, ring=0, seqno=49267, waiters=1
      h264encode-9687  [002]   586.729028: i915_request_queue:   dev=0, hw_id=36, ring=2, ctx=54, seqno=39, flags=0x0
      h264encode-9687  [002]   586.729032: i915_request_add:     dev=0, hw_id=36, ring=2, ctx=54, seqno=39, global=0
          <idle>-0     [006]   586.729083: intel_engine_notify:  dev=0, ring=0, seqno=49268, waiters=1
          <idle>-0     [006]   586.729084: i915_reg_rw:          write reg=0x120a8, len=4, val=(0xfffffefe, 0x0)
          <idle>-0     [006]   586.729153: intel_engine_notify:  dev=0, ring=0, seqno=49269, waiters=1
      h264encode-9688  [003]   586.729157: i915_request_wait_end: dev=0, hw_id=36, ring=0, ctx=53, seqno=76, global=49268
      h264encode-9688  [003]   586.729180: i915_request_wait_begin: dev=0, hw_id=36, ring=2, ctx=54, seqno=38, global=161, blocking=0, flags=0x5
      h264encode-9688  [003]   586.729180: i915_request_wait_end: dev=0, hw_id=36, ring=2, ctx=54, seqno=38, global=161
          <idle>-0     [006]   586.729183: intel_engine_notify:  dev=0, ring=2, seqno=161, waiters=1
      h264encode-9688  [003]   586.729253: i915_request_wait_begin: dev=0, hw_id=36, ring=0, ctx=53, seqno=78, global=49270, blocking=0, flags=0x5
      h264encode-9687  [002]   586.729264: i915_request_retire:  dev=0, hw_id=36, ring=0, ctx=53, seqno=75, global=49267
      h264encode-9687  [002]   586.729270: i915_request_queue:   dev=0, hw_id=36, ring=0, ctx=53, seqno=79, flags=0x0
      h264encode-9687  [002]   586.729273: i915_request_add:     dev=0, hw_id=36, ring=0, ctx=53, seqno=79, global=0
      h264encode-9687  [002]   586.729393: i915_request_retire:  dev=0, hw_id=36, ring=0, ctx=53, seqno=76, global=49268
      h264encode-9687  [002]   586.729395: i915_request_queue:   dev=0, hw_id=36, ring=0, ctx=53, seqno=80, flags=0x0
      h264encode-9687  [002]   586.729399: i915_request_add:     dev=0, hw_id=36, ring=0, ctx=53, seqno=80, global=0
          <idle>-0     [006]   586.729575: intel_engine_notify:  dev=0, ring=0, seqno=49270, waiters=1
          <idle>-0     [006]   586.729605: intel_engine_notify:  dev=0, ring=2, seqno=162, waiters=1
      h264encode-9688  [003]   586.729643: i915_request_wait_end: dev=0, hw_id=36, ring=0, ctx=53, seqno=78, global=49270
          <idle>-0     [006]   586.729644: i915_reg_rw:          write reg=0x20a8, len=4, val=(0xfffffeff, 0x0)
          <idle>-0     [006]   586.729645: intel_engine_notify:  dev=0, ring=0, seqno=49271, waiters=0
      h264encode-9687  [002]   586.729790: i915_request_retire:  dev=0, hw_id=36, ring=2, ctx=54, seqno=38, global=161
      h264encode-9687  [002]   586.729792: i915_request_queue:   dev=0, hw_id=36, ring=2, ctx=54, seqno=40, flags=0x0
      h264encode-9687  [002]   586.729793: i915_reg_rw:          write reg=0x20a8, len=4, val=(0xfffffefe, 0x0)
      h264encode-9687  [002]   586.729797: i915_request_add:     dev=0, hw_id=36, ring=2, ctx=54, seqno=40, global=0
      h264encode-9687  [002]   586.729797: i915_request_retire:  dev=0, hw_id=36, ring=2, ctx=54, seqno=39, global=162
      h264encode-9688  [003]   586.729885: i915_request_wait_begin: dev=0, hw_id=36, ring=0, ctx=53, seqno=80, global=49272, blocking=0, flags=0x5
      h264encode-9687  [002]   586.729951: i915_request_retire:  dev=0, hw_id=36, ring=0, ctx=53, seqno=77, global=49269
      h264encode-9687  [002]   586.729952: i915_request_queue:   dev=0, hw_id=36, ring=0, ctx=53, seqno=81, flags=0x0
      h264encode-9687  [002]   586.729955: i915_request_add:     dev=0, hw_id=36, ring=0, ctx=53, seqno=81, global=0
          <idle>-0     [006]   586.730004: intel_engine_notify:  dev=0, ring=0, seqno=49272, waiters=1
      h264encode-9687  [002]   586.730032: i915_request_retire:  dev=0, hw_id=36, ring=0, ctx=53, seqno=78, global=49270
          <idle>-0     [006]   586.730034: i915_reg_rw:          write reg=0x120a8, len=4, val=(0xfffffeff, 0x0)
      h264encode-9687  [002]   586.730034: i915_request_queue:   dev=0, hw_id=36, ring=0, ctx=53, seqno=82, flags=0x0
          <idle>-0     [006]   586.730035: intel_engine_notify:  dev=0, ring=2, seqno=163, waiters=0
      h264encode-9687  [002]   586.730038: i915_request_add:     dev=0, hw_id=36, ring=0, ctx=53, seqno=82, global=0
          <idle>-0     [006]   586.730054: intel_engine_notify:  dev=0, ring=0, seqno=49273, waiters=1
      h264encode-9688  [003]   586.730082: i915_request_wait_end: dev=0, hw_id=36, ring=0, ctx=53, seqno=80, global=49272
      h264encode-9688  [003]   586.730096: i915_request_retire:  dev=0, hw_id=36, ring=2, ctx=54, seqno=40, global=163
          <idle>-0     [006]   586.730427: i915_reg_rw:          write reg=0x20a8, len=4, val=(0xfffffeff, 0x0)
          <idle>-0     [006]   586.730429: intel_engine_notify:  dev=0, ring=0, seqno=49274, waiters=0
      h264encode-9687  [002]   586.730497: i915_request_queue:   dev=0, hw_id=36, ring=2, ctx=54, seqno=41, flags=0x0
      h264encode-9687  [002]   586.730500: i915_request_add:     dev=0, hw_id=36, ring=2, ctx=54, seqno=41, global=0
      h264encode-9688  [003]   586.730565: i915_request_retire:  dev=0, hw_id=36, ring=2, ctx=54, seqno=41, global=164
      h264encode-9687  [002]   586.730613: i915_request_retire:  dev=0, hw_id=36, ring=0, ctx=53, seqno=79, global=49271
      h264encode-9687  [002]   586.730614: i915_request_queue:   dev=0, hw_id=36, ring=0, ctx=53, seqno=83, flags=0x0
      h264encode-9687  [002]   586.730617: i915_request_add:     dev=0, hw_id=36, ring=0, ctx=53, seqno=83, global=0
      h264encode-9687  [002]   586.730619: i915_request_retire:  dev=0, hw_id=36, ring=0, ctx=53, seqno=80, global=49272
      h264encode-9687  [002]   586.730620: i915_request_retire:  dev=0, hw_id=36, ring=0, ctx=53, seqno=81, global=49273
      h264encode-9687  [002]   586.730621: i915_request_retire:  dev=0, hw_id=36, ring=0, ctx=53, seqno=82, global=49274
      h264encode-9687  [002]   586.730700: i915_request_queue:   dev=0, hw_id=36, ring=0, ctx=53, seqno=84, flags=0x0
      h264encode-9687  [002]   586.730703: i915_request_add:     dev=0, hw_id=36, ring=0, ctx=53, seqno=84, global=0
      h264encode-9687  [002]   586.730705: i915_request_retire:  dev=0, hw_id=36, ring=0, ctx=53, seqno=83, global=49275
      h264encode-9687  [002]   586.731077: i915_request_queue:   dev=0, hw_id=36, ring=2, ctx=54, seqno=42, flags=0x0
      h264encode-9687  [002]   586.731080: i915_request_add:     dev=0, hw_id=36, ring=2, ctx=54, seqno=42, global=0
      h264encode-9688  [003]   586.731150: i915_request_retire:  dev=0, hw_id=36, ring=2, ctx=54, seqno=42, global=165
      h264encode-9687  [002]   586.731208: i915_request_queue:   dev=0, hw_id=36, ring=0, ctx=53, seqno=85, flags=0x0
      h264encode-9687  [002]   586.731210: i915_request_add:     dev=0, hw_id=36, ring=0, ctx=53, seqno=85, global=0
      h264encode-9687  [002]   586.731212: i915_request_retire:  dev=0, hw_id=36, ring=0, ctx=53, seqno=84, global=49276
      h264encode-9687  [002]   586.731287: i915_request_queue:   dev=0, hw_id=36, ring=0, ctx=53, seqno=86, flags=0x0
      h264encode-9687  [002]   586.731290: i915_request_add:     dev=0, hw_id=36, ring=0, ctx=53, seqno=86, global=0
      h264encode-9687  [002]   586.731292: i915_request_retire:  dev=0, hw_id=36, ring=0, ctx=53, seqno=85, global=49277
      h264encode-9687  [002]   586.731649: i915_request_queue:   dev=0, hw_id=36, ring=2, ctx=54, seqno=43, flags=0x0
      h264encode-9687  [002]   586.731651: i915_request_add:     dev=0, hw_id=36, ring=2, ctx=54, seqno=43, global=0
      h264encode-9688  [003]   586.731734: i915_request_retire:  dev=0, hw_id=36, ring=2, ctx=54, seqno=43, global=166
      h264encode-9687  [002]   586.731805: i915_request_queue:   dev=0, hw_id=36, ring=0, ctx=53, seqno=87, flags=0x0
      h264encode-9687  [002]   586.731807: i915_request_add:     dev=0, hw_id=36, ring=0, ctx=53, seqno=87, global=0
      h264encode-9687  [002]   586.731809: i915_request_retire:  dev=0, hw_id=36, ring=0, ctx=53, seqno=86, global=49278
      h264encode-9687  [002]   586.731944: i915_request_queue:   dev=0, hw_id=36, ring=0, ctx=53, seqno=88, flags=0x0
      h264encode-9687  [002]   586.731947: i915_request_add:     dev=0, hw_id=36, ring=0, ctx=53, seqno=88, global=0
      h264encode-9687  [002]   586.731949: i915_request_retire:  dev=0, hw_id=36, ring=0, ctx=53, seqno=87, global=49279
      h264encode-9687  [002]   586.732322: i915_request_queue:   dev=0, hw_id=36, ring=2, ctx=54, seqno=44, flags=0x0
      h264encode-9687  [002]   586.732324: i915_request_add:     dev=0, hw_id=36, ring=2, ctx=54, seqno=44, global=0
      h264encode-9688  [003]   586.732396: i915_request_retire:  dev=0, hw_id=36, ring=2, ctx=54, seqno=44, global=167
      h264encode-9687  [002]   586.732483: i915_request_queue:   dev=0, hw_id=36, ring=0, ctx=53, seqno=89, flags=0x0
      h264encode-9687  [002]   586.732486: i915_request_add:     dev=0, hw_id=36, ring=0, ctx=53, seqno=89, global=0
      h264encode-9687  [002]   586.732488: i915_request_retire:  dev=0, hw_id=36, ring=0, ctx=53, seqno=88, global=49280
      h264encode-9687  [002]   586.732568: i915_request_queue:   dev=0, hw_id=36, ring=0, ctx=53, seqno=90, flags=0x0
      h264encode-9687  [002]   586.732571: i915_request_add:     dev=0, hw_id=36, ring=0, ctx=53, seqno=90, global=0
      h264encode-9687  [002]   586.732572: i915_request_retire:  dev=0, hw_id=36, ring=0, ctx=53, seqno=89, global=49281
      h264encode-9687  [002]   586.732958: i915_request_queue:   dev=0, hw_id=36, ring=2, ctx=54, seqno=45, flags=0x0
      h264encode-9687  [002]   586.732960: i915_request_add:     dev=0, hw_id=36, ring=2, ctx=54, seqno=45, global=0
      h264encode-9688  [003]   586.733033: i915_request_retire:  dev=0, hw_id=36, ring=2, ctx=54, seqno=45, global=168
      h264encode-9687  [002]   586.733124: i915_request_queue:   dev=0, hw_id=36, ring=0, ctx=53, seqno=91, flags=0x0
      h264encode-9687  [002]   586.733127: i915_request_add:     dev=0, hw_id=36, ring=0, ctx=53, seqno=91, global=0
      h264encode-9687  [002]   586.733129: i915_request_retire:  dev=0, hw_id=36, ring=0, ctx=53, seqno=90, global=49282
      h264encode-9687  [002]   586.733223: i915_request_queue:   dev=0, hw_id=36, ring=0, ctx=53, seqno=92, flags=0x0
      h264encode-9687  [002]   586.733226: i915_request_add:     dev=0, hw_id=36, ring=0, ctx=53, seqno=92, global=0
      h264encode-9687  [002]   586.733229: i915_request_retire:  dev=0, hw_id=36, ring=0, ctx=53, seqno=91, global=49283
     gnome-shell-1441  [004]   586.733685: i915_request_queue:   dev=0, hw_id=19, ring=0, ctx=26, seqno=7444, flags=0x0
     gnome-shell-1441  [004]   586.733692: i915_request_add:     dev=0, hw_id=19, ring=0, ctx=26, seqno=7444, global=0
     gnome-shell-1441  [004]   586.733695: i915_request_retire:  dev=0, hw_id=19, ring=0, ctx=26, seqno=7443, global=49230
      h264encode-9687  [002]   586.733805: i915_request_queue:   dev=0, hw_id=36, ring=2, ctx=54, seqno=46, flags=0x0
      h264encode-9687  [002]   586.733810: i915_request_add:     dev=0, hw_id=36, ring=2, ctx=54, seqno=46, global=0
      h264encode-9688  [003]   586.733849: i915_request_wait_begin: dev=0, hw_id=36, ring=2, ctx=54, seqno=46, global=169, blocking=0, flags=0x5
      h264encode-9688  [003]   586.733856: i915_reg_rw:          write reg=0x120a8, len=4, val=(0xfffffefe, 0x0)
            Xorg-1272  [007]   586.733876: i915_reg_rw:          write reg=0x20a8, len=4, val=(0xfffffefe, 0x0)
          <idle>-0     [006]   586.733878: intel_engine_notify:  dev=0, ring=2, seqno=169, waiters=1
      h264encode-9688  [003]   586.733879: i915_request_wait_end: dev=0, hw_id=36, ring=2, ctx=54, seqno=46, global=169
      h264encode-9687  [002]   586.734014: i915_request_queue:   dev=0, hw_id=36, ring=0, ctx=53, seqno=93, flags=0x0
      h264encode-9687  [002]   586.734020: i915_request_add:     dev=0, hw_id=36, ring=0, ctx=53, seqno=93, global=0
      h264encode-9687  [002]   586.734024: i915_request_retire:  dev=0, hw_id=36, ring=0, ctx=53, seqno=92, global=49284
      h264encode-9687  [002]   586.734177: i915_request_queue:   dev=0, hw_id=36, ring=0, ctx=53, seqno=94, flags=0x0
      h264encode-9687  [002]   586.734183: i915_request_add:     dev=0, hw_id=36, ring=0, ctx=53, seqno=94, global=0
          <idle>-0     [006]   586.734335: intel_engine_notify:  dev=0, ring=0, seqno=49285, waiters=1
   kworker/u16:0-7     [005]   586.734370: i915_reg_rw:          read reg=0x70040, len=4, val=(0x8cd0, 0x0)
   kworker/u16:0-7     [005]   586.734371: i915_pipe_update_start: pipe >c<, frame=0, scanline=36048, min=369, max=1073
   kworker/u16:0-7     [005]   586.734372: i915_reg_rw:          read reg=0x70040, len=4, val=(0x8cd0, 0x0)
   kworker/u16:0-7     [005]   586.734373: i915_pipe_update_vblank_evaded: pipe >c<, frame=0, scanline=36048, min=369, max=1073
   kworker/u16:0-7     [005]   586.734373: i915_reg_rw:          write reg=0x68180, len=4, val=(0x0, 0x0)
   kworker/u16:0-7     [005]   586.734373: i915_reg_rw:          write reg=0x68170, len=4, val=(0x0, 0x0)
   kworker/u16:0-7     [005]   586.734374: i915_reg_rw:          write reg=0x68174, len=4, val=(0x0, 0x0)
   kworker/u16:0-7     [005]   586.734374: i915_reg_rw:          write reg=0x68280, len=4, val=(0x0, 0x0)
   kworker/u16:0-7     [005]   586.734374: i915_reg_rw:          write reg=0x68270, len=4, val=(0x0, 0x0)
   kworker/u16:0-7     [005]   586.734375: i915_reg_rw:          write reg=0x68274, len=4, val=(0x0, 0x0)
   kworker/u16:0-7     [005]   586.734375: i915_reg_rw:          read reg=0x70040, len=4, val=(0x8cd0, 0x0)
   kworker/u16:0-7     [005]   586.734376: intel_update_plane:   [FAILED TO PARSE] pipe=0 name=0xffff887da31f13a0 frame=36048 scanline=369 src=ARRAY[00, 00, 00, 00, 00, 00, 00, 00, 00, 00, 80, 07, 00, 00, 38, 04] dst=ARRAY[00, 00, 00, 00, 00, 00, 00, 00, 80, 07, 00, 00, 38, 04, 00, 00]
   kworker/u16:0-7     [005]   586.734379: i915_reg_rw:          read reg=0x70040, len=4, val=(0x8cd0, 0x0)
   kworker/u16:0-7     [005]   586.734379: i915_pipe_update_end: pipe >c<, frame=0, scanline=36048
   kworker/u16:0-7     [005]   586.734380: i915_reg_rw:          read reg=0x70040, len=4, val=(0x8cd0, 0x0)
   kworker/u16:0-7     [005]   586.734381: i915_reg_rw:          read reg=0x70040, len=4, val=(0x8cd0, 0x0)
          <idle>-0     [006]   586.734404: i915_reg_rw:          write reg=0x20a8, len=4, val=(0xfffffeff, 0x0)
          <idle>-0     [006]   586.734405: intel_engine_notify:  dev=0, ring=0, seqno=49286, waiters=0
      h264encode-9687  [002]   586.734602: i915_request_queue:   dev=0, hw_id=36, ring=2, ctx=54, seqno=47, flags=0x0
      h264encode-9687  [002]   586.734603: i915_reg_rw:          write reg=0x20a8, len=4, val=(0xfffffefe, 0x0)
      h264encode-9687  [002]   586.734607: i915_request_add:     dev=0, hw_id=36, ring=2, ctx=54, seqno=47, global=0
      h264encode-9687  [002]   586.734608: i915_request_retire:  dev=0, hw_id=36, ring=2, ctx=54, seqno=46, global=169
      h264encode-9688  [003]   586.734698: i915_request_wait_begin: dev=0, hw_id=36, ring=0, ctx=53, seqno=94, global=49287, blocking=0, flags=0x5
          <idle>-0     [006]   586.734736: intel_engine_notify:  dev=0, ring=0, seqno=49287, waiters=1
      h264encode-9688  [003]   586.734774: i915_request_wait_end: dev=0, hw_id=36, ring=0, ctx=53, seqno=94, global=49287
      h264encode-9688  [003]   586.734775: i915_request_wait_begin: dev=0, hw_id=36, ring=2, ctx=54, seqno=47, global=170, blocking=0, flags=0x5
      h264encode-9688  [003]   586.734782: i915_request_wait_end: dev=0, hw_id=36, ring=2, ctx=54, seqno=47, global=170
          <idle>-0     [006]   586.734803: i915_reg_rw:          write reg=0x120a8, len=4, val=(0xfffffeff, 0x0)
          <idle>-0     [006]   586.734804: intel_engine_notify:  dev=0, ring=2, seqno=170, waiters=0
      h264encode-9688  [003]   586.734805: i915_request_retire:  dev=0, hw_id=36, ring=2, ctx=54, seqno=47, global=170
      h264encode-9687  [002]   586.734814: i915_request_retire:  dev=0, hw_id=36, ring=0, ctx=53, seqno=93, global=49286
      h264encode-9687  [002]   586.734816: i915_request_queue:   dev=0, hw_id=36, ring=0, ctx=53, seqno=95, flags=0x0
      h264encode-9687  [002]   586.734818: i915_request_add:     dev=0, hw_id=36, ring=0, ctx=53, seqno=95, global=0
      h264encode-9687  [002]   586.734820: i915_request_retire:  dev=0, hw_id=36, ring=0, ctx=53, seqno=94, global=49287
          <idle>-0     [006]   586.734904: i915_reg_rw:          write reg=0x20a8, len=4, val=(0xfffffeff, 0x0)
          <idle>-0     [006]   586.734905: intel_engine_notify:  dev=0, ring=0, seqno=49288, waiters=0
      h264encode-9687  [002]   586.734923: i915_request_queue:   dev=0, hw_id=36, ring=0, ctx=53, seqno=96, flags=0x0
      h264encode-9687  [002]   586.734926: i915_request_add:     dev=0, hw_id=36, ring=0, ctx=53, seqno=96, global=0
      h264encode-9687  [002]   586.734928: i915_request_retire:  dev=0, hw_id=36, ring=0, ctx=53, seqno=95, global=49288
      h264encode-9687  [002]   586.735342: i915_request_queue:   dev=0, hw_id=36, ring=2, ctx=54, seqno=48, flags=0x0
      h264encode-9687  [002]   586.735345: i915_request_add:     dev=0, hw_id=36, ring=2, ctx=54, seqno=48, global=0
      h264encode-9688  [003]   586.735379: i915_request_retire:  dev=0, hw_id=36, ring=2, ctx=54, seqno=48, global=171
      h264encode-9687  [002]   586.735460: i915_request_queue:   dev=0, hw_id=36, ring=0, ctx=53, seqno=97, flags=0x0
      h264encode-9687  [002]   586.735462: i915_request_add:     dev=0, hw_id=36, ring=0, ctx=53, seqno=97, global=0
      h264encode-9687  [002]   586.735464: i915_request_retire:  dev=0, hw_id=36, ring=0, ctx=53, seqno=96, global=49289
      h264encode-9687  [002]   586.735530: i915_request_queue:   dev=0, hw_id=36, ring=0, ctx=53, seqno=98, flags=0x0
      h264encode-9687  [002]   586.735533: i915_request_add:     dev=0, hw_id=36, ring=0, ctx=53, seqno=98, global=0
      h264encode-9687  [002]   586.735535: i915_request_retire:  dev=0, hw_id=36, ring=0, ctx=53, seqno=97, global=49290
      h264encode-9687  [002]   586.735782: i915_request_queue:   dev=0, hw_id=36, ring=2, ctx=54, seqno=49, flags=0x0
      h264encode-9687  [002]   586.735783: i915_reg_rw:          write reg=0x20a8, len=4, val=(0xfffffefe, 0x0)
      h264encode-9687  [002]   586.735786: i915_request_add:     dev=0, hw_id=36, ring=2, ctx=54, seqno=49, global=0
      h264encode-9688  [003]   586.735826: i915_request_wait_begin: dev=0, hw_id=36, ring=0, ctx=53, seqno=98, global=49291, blocking=0, flags=0x5
          <idle>-0     [006]   586.735902: intel_engine_notify:  dev=0, ring=0, seqno=49291, waiters=1
      h264encode-9688  [003]   586.735940: i915_request_wait_end: dev=0, hw_id=36, ring=0, ctx=53, seqno=98, global=49291
      h264encode-9688  [003]   586.735941: i915_request_wait_begin: dev=0, hw_id=36, ring=2, ctx=54, seqno=49, global=172, blocking=0, flags=0x5
      h264encode-9688  [003]   586.735946: i915_reg_rw:          write reg=0x120a8, len=4, val=(0xfffffefe, 0x0)
      h264encode-9688  [003]   586.735948: i915_request_wait_end: dev=0, hw_id=36, ring=2, ctx=54, seqno=49, global=172
      h264encode-9687  [002]   586.735949: i915_request_queue:   dev=0, hw_id=36, ring=0, ctx=53, seqno=99, flags=0x0
      h264encode-9687  [002]   586.735970: i915_request_add:     dev=0, hw_id=36, ring=0, ctx=53, seqno=99, global=0
      h264encode-9687  [002]   586.735973: i915_request_retire:  dev=0, hw_id=36, ring=0, ctx=53, seqno=98, global=49291
      h264encode-9688  [003]   586.735974: i915_request_retire:  dev=0, hw_id=36, ring=2, ctx=54, seqno=49, global=172
          <idle>-0     [006]   586.736041: i915_reg_rw:          write reg=0x20a8, len=4, val=(0xfffffeff, 0x0)
          <idle>-0     [006]   586.736043: intel_engine_notify:  dev=0, ring=0, seqno=49292, waiters=0
      h264encode-9687  [002]   586.736048: i915_request_queue:   dev=0, hw_id=36, ring=0, ctx=53, seqno=100, flags=0x0
      h264encode-9687  [002]   586.736052: i915_request_add:     dev=0, hw_id=36, ring=0, ctx=53, seqno=100, global=0
      h264encode-9687  [002]   586.736053: i915_request_retire:  dev=0, hw_id=36, ring=0, ctx=53, seqno=99, global=49292
      h264encode-9687  [002]   586.736322: i915_request_queue:   dev=0, hw_id=36, ring=2, ctx=54, seqno=50, flags=0x0
      h264encode-9687  [002]   586.736323: i915_reg_rw:          write reg=0x20a8, len=4, val=(0xfffffefe, 0x0)
      h264encode-9687  [002]   586.736327: i915_request_add:     dev=0, hw_id=36, ring=2, ctx=54, seqno=50, global=0
          <idle>-0     [006]   586.736390: intel_engine_notify:  dev=0, ring=0, seqno=49293, waiters=1
      h264encode-9688  [003]   586.736416: i915_request_wait_begin: dev=0, hw_id=36, ring=2, ctx=54, seqno=50, global=173, blocking=0, flags=0x5
          <idle>-0     [006]   586.736455: intel_engine_notify:  dev=0, ring=2, seqno=173, waiters=1
      h264encode-9688  [003]   586.736456: i915_request_wait_end: dev=0, hw_id=36, ring=2, ctx=54, seqno=50, global=173
      h264encode-9687  [002]   586.736542: i915_request_queue:   dev=0, hw_id=36, ring=0, ctx=53, seqno=101, flags=0x0
      h264encode-9687  [002]   586.736545: i915_request_add:     dev=0, hw_id=36, ring=0, ctx=53, seqno=101, global=0
      h264encode-9687  [002]   586.736547: i915_request_retire:  dev=0, hw_id=36, ring=0, ctx=53, seqno=100, global=49293
      h264encode-9687  [002]   586.736623: i915_request_queue:   dev=0, hw_id=36, ring=0, ctx=53, seqno=102, flags=0x0
      h264encode-9687  [002]   586.736626: i915_request_add:     dev=0, hw_id=36, ring=0, ctx=53, seqno=102, global=0
          <idle>-0     [006]   586.736632: i915_reg_rw:          write reg=0x20a8, len=4, val=(0xfffffeff, 0x0)
          <idle>-0     [006]   586.736632: intel_engine_notify:  dev=0, ring=0, seqno=49294, waiters=0
      h264encode-9687  [002]   586.736918: i915_request_queue:   dev=0, hw_id=36, ring=2, ctx=54, seqno=51, flags=0x0
      h264encode-9687  [002]   586.736919: i915_reg_rw:          write reg=0x20a8, len=4, val=(0xfffffefe, 0x0)
      h264encode-9687  [002]   586.736923: i915_request_add:     dev=0, hw_id=36, ring=2, ctx=54, seqno=51, global=0
      h264encode-9687  [002]   586.736923: i915_request_retire:  dev=0, hw_id=36, ring=2, ctx=54, seqno=50, global=173
          <idle>-0     [006]   586.736928: intel_engine_notify:  dev=0, ring=0, seqno=49295, waiters=1
          <idle>-0     [006]   586.736982: i915_reg_rw:          write reg=0x120a8, len=4, val=(0xfffffeff, 0x0)
          <idle>-0     [006]   586.736982: intel_engine_notify:  dev=0, ring=2, seqno=174, waiters=0
      h264encode-9688  [003]   586.737011: i915_request_retire:  dev=0, hw_id=36, ring=2, ctx=54, seqno=51, global=174
      h264encode-9687  [002]   586.737079: i915_request_retire:  dev=0, hw_id=36, ring=0, ctx=53, seqno=101, global=49294
      h264encode-9687  [002]   586.737081: i915_request_queue:   dev=0, hw_id=36, ring=0, ctx=53, seqno=103, flags=0x0
      h264encode-9687  [002]   586.737083: i915_request_add:     dev=0, hw_id=36, ring=0, ctx=53, seqno=103, global=0
      h264encode-9687  [002]   586.737085: i915_request_retire:  dev=0, hw_id=36, ring=0, ctx=53, seqno=102, global=49295
          <idle>-0     [006]   586.737154: i915_reg_rw:          write reg=0x20a8, len=4, val=(0xfffffeff, 0x0)
          <idle>-0     [006]   586.737155: intel_engine_notify:  dev=0, ring=0, seqno=49296, waiters=0
      h264encode-9687  [002]   586.737156: i915_request_queue:   dev=0, hw_id=36, ring=0, ctx=53, seqno=104, flags=0x0
      h264encode-9687  [002]   586.737159: i915_request_add:     dev=0, hw_id=36, ring=0, ctx=53, seqno=104, global=0
      h264encode-9687  [002]   586.737162: i915_request_retire:  dev=0, hw_id=36, ring=0, ctx=53, seqno=103, global=49296
      h264encode-9687  [002]   586.737461: i915_request_queue:   dev=0, hw_id=36, ring=2, ctx=54, seqno=52, flags=0x0
      h264encode-9687  [002]   586.737464: i915_reg_rw:          write reg=0x20a8, len=4, val=(0xfffffefe, 0x0)
      h264encode-9687  [002]   586.737467: i915_request_add:     dev=0, hw_id=36, ring=2, ctx=54, seqno=52, global=0
          <idle>-0     [006]   586.737481: intel_engine_notify:  dev=0, ring=0, seqno=49297, waiters=1
      h264encode-9688  [003]   586.737553: i915_request_retire:  dev=0, hw_id=36, ring=2, ctx=54, seqno=52, global=175
      h264encode-9687  [002]   586.737633: i915_request_queue:   dev=0, hw_id=36, ring=0, ctx=53, seqno=105, flags=0x0
      h264encode-9687  [002]   586.737636: i915_request_add:     dev=0, hw_id=36, ring=0, ctx=53, seqno=105, global=0
      h264encode-9687  [002]   586.737638: i915_request_retire:  dev=0, hw_id=36, ring=0, ctx=53, seqno=104, global=49297
          <idle>-0     [006]   586.737706: i915_reg_rw:          write reg=0x20a8, len=4, val=(0xfffffeff, 0x0)
          <idle>-0     [006]   586.737707: intel_engine_notify:  dev=0, ring=0, seqno=49298, waiters=0
      h264encode-9687  [002]   586.737710: i915_request_queue:   dev=0, hw_id=36, ring=0, ctx=53, seqno=106, flags=0x0
      h264encode-9687  [002]   586.737714: i915_request_add:     dev=0, hw_id=36, ring=0, ctx=53, seqno=106, global=0
      h264encode-9687  [002]   586.737716: i915_request_retire:  dev=0, hw_id=36, ring=0, ctx=53, seqno=105, global=49298
      h264encode-9687  [002]   586.738039: i915_request_queue:   dev=0, hw_id=36, ring=2, ctx=54, seqno=53, flags=0x0
      h264encode-9687  [002]   586.738041: i915_request_add:     dev=0, hw_id=36, ring=2, ctx=54, seqno=53, global=0
      h264encode-9688  [003]   586.738069: i915_request_wait_begin: dev=0, hw_id=36, ring=2, ctx=54, seqno=53, global=176, blocking=0, flags=0x5
      h264encode-9688  [003]   586.738076: i915_reg_rw:          write reg=0x120a8, len=4, val=(0xfffffefe, 0x0)
      h264encode-9688  [003]   586.738078: i915_request_wait_end: dev=0, hw_id=36, ring=2, ctx=54, seqno=53, global=176
      h264encode-9688  [003]   586.738082: i915_request_retire:  dev=0, hw_id=36, ring=2, ctx=54, seqno=53, global=176
      h264encode-9687  [002]   586.738243: i915_request_queue:   dev=0, hw_id=36, ring=0, ctx=53, seqno=107, flags=0x0
      h264encode-9687  [002]   586.738262: i915_request_add:     dev=0, hw_id=36, ring=0, ctx=53, seqno=107, global=0
      h264encode-9687  [002]   586.738264: i915_request_retire:  dev=0, hw_id=36, ring=0, ctx=53, seqno=106, global=49299
      h264encode-9687  [002]   586.738351: i915_request_queue:   dev=0, hw_id=36, ring=0, ctx=53, seqno=108, flags=0x0
      h264encode-9687  [002]   586.738354: i915_request_add:     dev=0, hw_id=36, ring=0, ctx=53, seqno=108, global=0
      h264encode-9687  [002]   586.738356: i915_request_retire:  dev=0, hw_id=36, ring=0, ctx=53, seqno=107, global=49300
      h264encode-9687  [002]   586.738706: i915_request_queue:   dev=0, hw_id=36, ring=2, ctx=54, seqno=54, flags=0x0
      h264encode-9687  [002]   586.738709: i915_request_add:     dev=0, hw_id=36, ring=2, ctx=54, seqno=54, global=0
          <idle>-0     [006]   586.738737: i915_reg_rw:          write reg=0x120a8, len=4, val=(0xfffffeff, 0x0)
          <idle>-0     [006]   586.738738: intel_engine_notify:  dev=0, ring=2, seqno=177, waiters=0
      h264encode-9688  [003]   586.738774: i915_request_retire:  dev=0, hw_id=36, ring=2, ctx=54, seqno=54, global=177
      h264encode-9687  [002]   586.738826: i915_request_queue:   dev=0, hw_id=36, ring=0, ctx=53, seqno=109, flags=0x0
      h264encode-9687  [002]   586.738828: i915_request_add:     dev=0, hw_id=36, ring=0, ctx=53, seqno=109, global=0
      h264encode-9687  [002]   586.738830: i915_request_retire:  dev=0, hw_id=36, ring=0, ctx=53, seqno=108, global=49301
      h264encode-9687  [002]   586.738900: i915_request_queue:   dev=0, hw_id=36, ring=0, ctx=53, seqno=110, flags=0x0
      h264encode-9687  [002]   586.738902: i915_request_add:     dev=0, hw_id=36, ring=0, ctx=53, seqno=110, global=0
      h264encode-9687  [002]   586.738904: i915_request_retire:  dev=0, hw_id=36, ring=0, ctx=53, seqno=109, global=49302
      h264encode-9687  [002]   586.739233: i915_request_queue:   dev=0, hw_id=36, ring=2, ctx=54, seqno=55, flags=0x0
      h264encode-9687  [002]   586.739235: i915_request_add:     dev=0, hw_id=36, ring=2, ctx=54, seqno=55, global=0
      h264encode-9688  [003]   586.739299: i915_request_retire:  dev=0, hw_id=36, ring=2, ctx=54, seqno=55, global=178
      h264encode-9687  [002]   586.739339: i915_request_queue:   dev=0, hw_id=36, ring=0, ctx=53, seqno=111, flags=0x0
      h264encode-9687  [002]   586.739342: i915_request_add:     dev=0, hw_id=36, ring=0, ctx=53, seqno=111, global=0
      h264encode-9687  [002]   586.739344: i915_request_retire:  dev=0, hw_id=36, ring=0, ctx=53, seqno=110, global=49303
      h264encode-9687  [002]   586.739415: i915_request_queue:   dev=0, hw_id=36, ring=0, ctx=53, seqno=112, flags=0x0
      h264encode-9687  [002]   586.739418: i915_request_add:     dev=0, hw_id=36, ring=0, ctx=53, seqno=112, global=0
      h264encode-9687  [002]   586.739420: i915_request_retire:  dev=0, hw_id=36, ring=0, ctx=53, seqno=111, global=49304
      h264encode-9687  [002]   586.739768: i915_request_queue:   dev=0, hw_id=36, ring=2, ctx=54, seqno=56, flags=0x0
      h264encode-9687  [002]   586.739770: i915_request_add:     dev=0, hw_id=36, ring=2, ctx=54, seqno=56, global=0
      h264encode-9688  [003]   586.739833: i915_request_retire:  dev=0, hw_id=36, ring=2, ctx=54, seqno=56, global=179
      h264encode-9687  [002]   586.739892: i915_request_queue:   dev=0, hw_id=36, ring=0, ctx=53, seqno=113, flags=0x0
      h264encode-9687  [002]   586.739895: i915_request_add:     dev=0, hw_id=36, ring=0, ctx=53, seqno=113, global=0
      h264encode-9687  [002]   586.739897: i915_request_retire:  dev=0, hw_id=36, ring=0, ctx=53, seqno=112, global=49305
      h264encode-9687  [002]   586.739971: i915_request_queue:   dev=0, hw_id=36, ring=0, ctx=53, seqno=114, flags=0x0
      h264encode-9687  [002]   586.739974: i915_request_add:     dev=0, hw_id=36, ring=0, ctx=53, seqno=114, global=0
      h264encode-9687  [002]   586.739976: i915_request_retire:  dev=0, hw_id=36, ring=0, ctx=53, seqno=113, global=49306
      h264encode-9687  [002]   586.740334: i915_request_queue:   dev=0, hw_id=36, ring=2, ctx=54, seqno=57, flags=0x0
      h264encode-9687  [002]   586.740337: i915_request_add:     dev=0, hw_id=36, ring=2, ctx=54, seqno=57, global=0
      h264encode-9688  [003]   586.740401: i915_request_retire:  dev=0, hw_id=36, ring=2, ctx=54, seqno=57, global=180
      h264encode-9687  [002]   586.740485: i915_request_queue:   dev=0, hw_id=36, ring=0, ctx=53, seqno=115, flags=0x0
      h264encode-9687  [002]   586.740488: i915_request_add:     dev=0, hw_id=36, ring=0, ctx=53, seqno=115, global=0
      h264encode-9687  [002]   586.740490: i915_request_retire:  dev=0, hw_id=36, ring=0, ctx=53, seqno=114, global=49307
      h264encode-9687  [002]   586.740564: i915_request_queue:   dev=0, hw_id=36, ring=0, ctx=53, seqno=116, flags=0x0
      h264encode-9687  [002]   586.740567: i915_request_add:     dev=0, hw_id=36, ring=0, ctx=53, seqno=116, global=0
      h264encode-9687  [002]   586.740569: i915_request_retire:  dev=0, hw_id=36, ring=0, ctx=53, seqno=115, global=49308
      h264encode-9687  [002]   586.740923: i915_request_queue:   dev=0, hw_id=36, ring=2, ctx=54, seqno=58, flags=0x0
      h264encode-9687  [002]   586.740926: i915_request_add:     dev=0, hw_id=36, ring=2, ctx=54, seqno=58, global=0
      h264encode-9688  [003]   586.740990: i915_request_retire:  dev=0, hw_id=36, ring=2, ctx=54, seqno=58, global=181
      h264encode-9687  [002]   586.741044: i915_request_queue:   dev=0, hw_id=36, ring=0, ctx=53, seqno=117, flags=0x0
      h264encode-9687  [002]   586.741046: i915_request_add:     dev=0, hw_id=36, ring=0, ctx=53, seqno=117, global=0
      h264encode-9687  [002]   586.741048: i915_request_retire:  dev=0, hw_id=36, ring=0, ctx=53, seqno=116, global=49309
      h264encode-9687  [002]   586.741126: i915_request_queue:   dev=0, hw_id=36, ring=0, ctx=53, seqno=118, flags=0x0
      h264encode-9687  [002]   586.741128: i915_request_add:     dev=0, hw_id=36, ring=0, ctx=53, seqno=118, global=0
      h264encode-9687  [002]   586.741130: i915_request_retire:  dev=0, hw_id=36, ring=0, ctx=53, seqno=117, global=49310
      h264encode-9687  [002]   586.741507: i915_request_queue:   dev=0, hw_id=36, ring=2, ctx=54, seqno=59, flags=0x0
      h264encode-9687  [002]   586.741509: i915_request_add:     dev=0, hw_id=36, ring=2, ctx=54, seqno=59, global=0
      h264encode-9688  [003]   586.741575: i915_request_retire:  dev=0, hw_id=36, ring=2, ctx=54, seqno=59, global=182
      h264encode-9687  [002]   586.741621: i915_request_queue:   dev=0, hw_id=36, ring=0, ctx=53, seqno=119, flags=0x0
      h264encode-9687  [002]   586.741623: i915_request_add:     dev=0, hw_id=36, ring=0, ctx=53, seqno=119, global=0
      h264encode-9687  [002]   586.741625: i915_request_retire:  dev=0, hw_id=36, ring=0, ctx=53, seqno=118, global=49311
      h264encode-9687  [002]   586.741703: i915_request_queue:   dev=0, hw_id=36, ring=0, ctx=53, seqno=120, flags=0x0
      h264encode-9687  [002]   586.741706: i915_request_add:     dev=0, hw_id=36, ring=0, ctx=53, seqno=120, global=0
      h264encode-9687  [002]   586.741708: i915_request_retire:  dev=0, hw_id=36, ring=0, ctx=53, seqno=119, global=49312
      h264encode-9687  [002]   586.742128: i915_request_queue:   dev=0, hw_id=36, ring=2, ctx=54, seqno=60, flags=0x0
      h264encode-9687  [002]   586.742131: i915_request_add:     dev=0, hw_id=36, ring=2, ctx=54, seqno=60, global=0
      h264encode-9688  [003]   586.742242: i915_request_retire:  dev=0, hw_id=36, ring=2, ctx=54, seqno=60, global=183
      h264encode-9687  [002]   586.743097: i915_context_free:    dev=0, ctx=0xffff887dab51f200, ctx_vm=0xffff887d6362a000, hw_id=34
   kworker/u16:2-166   [006]   586.743101: i915_ppgtt_release:   dev=0, vm=0xffff887d6362a000
      h264encode-9687  [002]   586.743867: i915_context_free:    dev=0, ctx=0xffff887dab51dc00, ctx_vm=0xffff887d6362e000, hw_id=24
   kworker/u16:2-166   [006]   586.743871: i915_ppgtt_release:   dev=0, vm=0xffff887d6362e000
          <idle>-0     [006]   586.745028: i915_reg_rw:          read reg=0x44408, len=4, val=(0x1, 0x0)
          <idle>-0     [006]   586.745028: i915_reg_rw:          write reg=0x44408, len=4, val=(0x1, 0x0)
          <idle>-0     [006]   586.745029: i915_reg_rw:          read reg=0x70040, len=4, val=(0x8cd1, 0x0)
          <idle>-0     [006]   586.745030: i915_reg_rw:          read reg=0x70040, len=4, val=(0x8cd1, 0x0)
            Xorg-1272  [007]   586.759412: i915_gem_object_create: obj=0xffff887cfb388c00, size=0xc000
            Xorg-1272  [007]   586.759444: i915_gem_object_fault: obj=0xffff887cfb388c00, GTT index=0 , writable
            Xorg-1272  [007]   586.759449: i915_vma_bind:        obj=0xffff887cfb388c00, offset=0x0000000000c27000 size=0xc000 vm=0xffff887da7885740
            Xorg-1272  [007]   586.759450: i915_reg_rw:          write reg=0x101008, len=4, val=(0x1, 0x0)
            Xorg-1272  [007]   586.759459: i915_reg_rw:          write reg=0x1000e8, len=4, val=(0x0, 0x0)
            Xorg-1272  [007]   586.759460: i915_reg_rw:          write reg=0x1000ec, len=4, val=(0xc32000, 0x0)
            Xorg-1272  [007]   586.759460: i915_reg_rw:          write reg=0x1000e8, len=4, val=(0xc27003, 0x0)
            Xorg-1272  [007]   586.759538: i915_vma_bind:        obj=0xffff887cfb388c00, offset=0x0000000001500000 size=0xc000 vm=0xffff887daa15c000
            Xorg-1272  [007]   586.759545: i915_request_queue:   dev=0, hw_id=15, ring=0, ctx=23, seqno=7413, flags=0x0
            Xorg-1272  [007]   586.759550: i915_request_add:     dev=0, hw_id=15, ring=0, ctx=23, seqno=7413, global=0
            Xorg-1272  [007]   586.759554: i915_request_retire:  dev=0, hw_id=15, ring=0, ctx=23, seqno=7412, global=49266
          <idle>-0     [006]   586.761752: i915_reg_rw:          read reg=0x44408, len=4, val=(0x1, 0x0)
          <idle>-0     [006]   586.761753: i915_reg_rw:          write reg=0x44408, len=4, val=(0x1, 0x0)
          <idle>-0     [006]   586.761755: i915_reg_rw:          read reg=0x70040, len=4, val=(0x8cd2, 0x0)
          <idle>-0     [006]   586.761757: i915_reg_rw:          read reg=0x70040, len=4, val=(0x8cd2, 0x0)
     kworker/5:2-232   [005]   586.761810: i915_reg_rw:          read reg=0x4208c, len=4, val=(0x0, 0x0)
     kworker/5:2-232   [005]   586.761824: i915_reg_rw:          write reg=0x4208c, len=4, val=(0x0, 0x0)
     kworker/5:2-232   [005]   586.761824: i915_reg_rw:          write reg=0x100100, len=4, val=(0x20000015, 0x0)
     kworker/5:2-232   [005]   586.761825: i915_reg_rw:          write reg=0x100104, len=4, val=(0x0, 0x0)
     kworker/5:2-232   [005]   586.761825: i915_reg_rw:          write reg=0x43208, len=4, val=(0x90000000, 0x0)
     kworker/5:2-232   [005]   586.761826: i915_reg_rw:          write reg=0x50380, len=4, val=(0x4, 0x0)
     gnome-shell-1441  [005]   586.766837: i915_request_queue:   dev=0, hw_id=19, ring=0, ctx=26, seqno=7445, flags=0x0
     gnome-shell-1441  [005]   586.766846: i915_request_add:     dev=0, hw_id=19, ring=0, ctx=26, seqno=7445, global=0
     gnome-shell-1441  [005]   586.766849: i915_request_retire:  dev=0, hw_id=19, ring=0, ctx=26, seqno=7444, global=49285
            Xorg-1272  [007]   586.766988: i915_reg_rw:          write reg=0x20a8, len=4, val=(0xfffffefe, 0x0)
          <idle>-0     [006]   586.767607: intel_engine_notify:  dev=0, ring=0, seqno=49315, waiters=1
   kworker/u16:0-7     [006]   586.767632: i915_reg_rw:          read reg=0x43208, len=4, val=(0x90000000, 0x0)
   kworker/u16:0-7     [006]   586.767632: i915_reg_rw:          write reg=0x43208, len=4, val=(0x10000000, 0x0)
   kworker/u16:0-7     [006]   586.767634: i915_reg_rw:          read reg=0x70040, len=4, val=(0x8cd2, 0x0)
   kworker/u16:0-7     [006]   586.767636: i915_pipe_update_start: pipe >c<, frame=0, scanline=36050, min=365, max=1073
   kworker/u16:0-7     [006]   586.767637: i915_reg_rw:          read reg=0x70040, len=4, val=(0x8cd2, 0x0)
   kworker/u16:0-7     [006]   586.767637: i915_pipe_update_vblank_evaded: pipe >c<, frame=0, scanline=36050, min=365, max=1073
   kworker/u16:0-7     [006]   586.767637: i915_reg_rw:          write reg=0x68180, len=4, val=(0x0, 0x0)
   kworker/u16:0-7     [006]   586.767638: i915_reg_rw:          write reg=0x68170, len=4, val=(0x0, 0x0)
   kworker/u16:0-7     [006]   586.767638: i915_reg_rw:          write reg=0x68174, len=4, val=(0x0, 0x0)
   kworker/u16:0-7     [006]   586.767638: i915_reg_rw:          write reg=0x68280, len=4, val=(0x0, 0x0)
   kworker/u16:0-7     [006]   586.767639: i915_reg_rw:          write reg=0x68270, len=4, val=(0x0, 0x0)
   kworker/u16:0-7     [006]   586.767639: i915_reg_rw:          write reg=0x68274, len=4, val=(0x0, 0x0)
   kworker/u16:0-7     [006]   586.767640: i915_reg_rw:          read reg=0x70040, len=4, val=(0x8cd2, 0x0)
   kworker/u16:0-7     [006]   586.767640: intel_update_plane:   [FAILED TO PARSE] pipe=0 name=0xffff887da31f13a0 frame=36050 scanline=366 src=ARRAY[00, 00, 00, 00, 00, 00, 00, 00, 00, 00, 80, 07, 00, 00, 38, 04] dst=ARRAY[00, 00, 00, 00, 00, 00, 00, 00, 80, 07, 00, 00, 38, 04, 00, 00]
   kworker/u16:0-7     [006]   586.767643: i915_reg_rw:          read reg=0x70040, len=4, val=(0x8cd2, 0x0)
   kworker/u16:0-7     [006]   586.767644: i915_pipe_update_end: pipe >c<, frame=0, scanline=36050
   kworker/u16:0-7     [006]   586.767645: i915_reg_rw:          read reg=0x70040, len=4, val=(0x8cd2, 0x0)
   kworker/u16:0-7     [006]   586.767646: i915_reg_rw:          read reg=0x70040, len=4, val=(0x8cd2, 0x0)
   kworker/u16:1-9689  [006]   586.778271: i915_gem_object_destroy: obj=0xffff887d16c60f00
   kworker/u16:1-9689  [006]   586.778274: i915_gem_object_destroy: obj=0xffff887d16c61500
   kworker/u16:1-9689  [006]   586.778275: i915_gem_object_destroy: obj=0xffff887d16c60600
   kworker/u16:1-9689  [006]   586.778275: i915_gem_object_destroy: obj=0xffff887d16c63c00
   kworker/u16:1-9689  [006]   586.778276: i915_gem_object_destroy: obj=0xffff887d16c62d00
   kworker/u16:1-9689  [006]   586.778276: i915_gem_object_destroy: obj=0xffff887d42bd9b00
   kworker/u16:1-9689  [006]   586.778277: i915_gem_object_destroy: obj=0xffff887d42bdb600
   kworker/u16:1-9689  [006]   586.778277: i915_gem_object_destroy: obj=0xffff887d42bd9e00
   kworker/u16:1-9689  [006]   586.778278: i915_gem_object_destroy: obj=0xffff887d42bdbc00
   kworker/u16:1-9689  [006]   586.778278: i915_gem_object_destroy: obj=0xffff887d0dc00600
   kworker/u16:1-9689  [006]   586.778278: i915_gem_object_destroy: obj=0xffff887d0dc02d00
   kworker/u16:1-9689  [006]   586.778279: i915_gem_object_destroy: obj=0xffff887d0dc03900
   kworker/u16:1-9689  [006]   586.778279: i915_gem_object_destroy: obj=0xffff887d0dc00900
   kworker/u16:1-9689  [006]   586.778279: i915_gem_object_destroy: obj=0xffff887d16c88300
   kworker/u16:1-9689  [006]   586.778280: i915_gem_object_destroy: obj=0xffff887d16c89500
   kworker/u16:1-9689  [006]   586.778280: i915_gem_object_destroy: obj=0xffff887d16c8b000
   kworker/u16:1-9689  [006]   586.778281: i915_gem_object_destroy: obj=0xffff887d16c88600
   kworker/u16:1-9689  [006]   586.778281: i915_gem_object_destroy: obj=0xffff887d17912400
   kworker/u16:1-9689  [006]   586.778282: i915_gem_object_destroy: obj=0xffff887d17913000
   kworker/u16:1-9689  [006]   586.778282: i915_gem_object_destroy: obj=0xffff887d17910600
   kworker/u16:1-9689  [006]   586.778283: i915_gem_object_destroy: obj=0xffff887d45084c00
   kworker/u16:1-9689  [006]   586.778283: i915_gem_object_destroy: obj=0xffff887d45087600
   kworker/u16:1-9689  [006]   586.778284: i915_gem_object_destroy: obj=0xffff887d0de93600
   kworker/u16:1-9689  [006]   586.778284: i915_gem_object_destroy: obj=0xffff887d0de91200
   kworker/u16:1-9689  [006]   586.778285: i915_gem_object_destroy: obj=0xffff887d0de90f00
   kworker/u16:1-9689  [006]   586.778285: i915_gem_object_destroy: obj=0xffff887d0de90c00
   kworker/u16:1-9689  [006]   586.778286: i915_gem_object_destroy: obj=0xffff887d47b24000
   kworker/u16:1-9689  [006]   586.778286: i915_gem_object_destroy: obj=0xffff887d47b25e00
   kworker/u16:1-9689  [006]   586.778287: i915_gem_object_destroy: obj=0xffff887d47b27600
   kworker/u16:1-9689  [006]   586.778287: i915_gem_object_destroy: obj=0xffff887d47b26400
   kworker/u16:1-9689  [006]   586.778287: i915_gem_object_destroy: obj=0xffff887d16e1e100
   kworker/u16:1-9689  [006]   586.778288: i915_gem_object_destroy: obj=0xffff887d16e1db00
   kworker/u16:1-9689  [006]   586.778288: i915_gem_object_destroy: obj=0xffff887d16e1c300
   kworker/u16:1-9689  [006]   586.778289: i915_gem_object_destroy: obj=0xffff887d16e1f900
   kworker/u16:1-9689  [006]   586.778289: i915_gem_object_destroy: obj=0xffff887ccaca9e00
   kworker/u16:1-9689  [006]   586.778290: i915_gem_object_destroy: obj=0xffff887ccaca8900
   kworker/u16:1-9689  [006]   586.778290: i915_gem_object_destroy: obj=0xffff887ccacaa400
   kworker/u16:1-9689  [006]   586.778291: i915_gem_object_destroy: obj=0xffff887d16fcbc00
   kworker/u16:1-9689  [006]   586.778291: i915_gem_object_destroy: obj=0xffff887d16fc8300
   kworker/u16:1-9689  [006]   586.778292: i915_gem_object_destroy: obj=0xffff887d16fc9b00
   kworker/u16:1-9689  [006]   586.778292: i915_gem_object_destroy: obj=0xffff887d16fc8000
   kworker/u16:1-9689  [006]   586.778292: i915_gem_object_destroy: obj=0xffff887d17b8d500
   kworker/u16:1-9689  [006]   586.778294: i915_gem_object_destroy: obj=0xffff887d17b8d200
   kworker/u16:1-9689  [006]   586.778294: i915_gem_object_destroy: obj=0xffff887d17b8f600
   kworker/u16:1-9689  [006]   586.778294: i915_gem_object_destroy: obj=0xffff887d0ddb8900
   kworker/u16:1-9689  [006]   586.778295: i915_gem_object_destroy: obj=0xffff887da5387300
   kworker/u16:1-9689  [006]   586.778295: i915_gem_object_destroy: obj=0xffff887da5384900
   kworker/u16:1-9689  [006]   586.778296: i915_gem_object_destroy: obj=0xffff887d42bd2a00
   kworker/u16:1-9689  [006]   586.778296: i915_gem_object_destroy: obj=0xffff887d42bd0300
   kworker/u16:1-9689  [006]   586.778297: i915_gem_object_destroy: obj=0xffff887d479aed00
   kworker/u16:1-9689  [006]   586.778297: i915_gem_object_destroy: obj=0xffff887d479af300
   kworker/u16:1-9689  [006]   586.778298: i915_gem_object_destroy: obj=0xffff887d0dc17000
   kworker/u16:1-9689  [006]   586.778298: i915_gem_object_destroy: obj=0xffff887d44dba700
   kworker/u16:1-9689  [006]   586.778299: i915_gem_object_destroy: obj=0xffff887d44dbbc00
   kworker/u16:1-9689  [006]   586.778299: i915_gem_object_destroy: obj=0xffff887d44dbb000
   kworker/u16:1-9689  [006]   586.778300: i915_gem_object_destroy: obj=0xffff887d42a90900
   kworker/u16:1-9689  [006]   586.778300: i915_gem_object_destroy: obj=0xffff887d42a90c00
   kworker/u16:1-9689  [006]   586.778301: i915_gem_object_destroy: obj=0xffff887d42a92d00
   kworker/u16:1-9689  [006]   586.778301: i915_gem_object_destroy: obj=0xffff887d42a92700
   kworker/u16:1-9689  [006]   586.778301: i915_gem_object_destroy: obj=0xffff887d42a93c00
   kworker/u16:1-9689  [006]   586.778302: i915_gem_object_destroy: obj=0xffff887d0dc0c600
   kworker/u16:1-9689  [006]   586.778302: i915_gem_object_destroy: obj=0xffff887d451ed800
   kworker/u16:1-9689  [006]   586.778303: i915_gem_object_destroy: obj=0xffff887d451ee100
   kworker/u16:1-9689  [006]   586.778303: i915_gem_object_destroy: obj=0xffff887d52a1ea00
   kworker/u16:1-9689  [006]   586.778304: i915_gem_object_destroy: obj=0xffff887d52a1c000
   kworker/u16:1-9689  [006]   586.778304: i915_gem_object_destroy: obj=0xffff887d52a1e100
   kworker/u16:1-9689  [006]   586.778305: i915_gem_object_destroy: obj=0xffff887d52a1de00
   kworker/u16:1-9689  [006]   586.778305: i915_gem_object_destroy: obj=0xffff887d52a1f600
   kworker/u16:1-9689  [006]   586.778306: i915_gem_object_destroy: obj=0xffff887d42b0bc00
   kworker/u16:1-9689  [006]   586.778307: i915_gem_object_destroy: obj=0xffff887d42b0a400
   kworker/u16:1-9689  [006]   586.778307: i915_gem_object_destroy: obj=0xffff887d42b09200
   kworker/u16:1-9689  [006]   586.778307: i915_gem_object_destroy: obj=0xffff887d42b08f00
   kworker/u16:1-9689  [006]   586.778308: i915_gem_object_destroy: obj=0xffff887d42b0b900
   kworker/u16:1-9689  [006]   586.778308: i915_gem_object_destroy: obj=0xffff887d0dc11500
   kworker/u16:1-9689  [006]   586.778315: i915_gem_object_destroy: obj=0xffff887d0dc13300
   kworker/u16:1-9689  [006]   586.778317: i915_gem_object_destroy: obj=0xffff887d0dc12d00
   kworker/u16:1-9689  [006]   586.778319: i915_gem_object_destroy: obj=0xffff887c8a283000
   kworker/u16:1-9689  [006]   586.778321: i915_gem_object_destroy: obj=0xffff887c8a282a00
   kworker/u16:1-9689  [006]   586.778324: i915_gem_object_destroy: obj=0xffff887c8a280300
   kworker/u16:1-9689  [006]   586.778325: i915_gem_object_destroy: obj=0xffff887c89a9ad00
   kworker/u16:1-9689  [006]   586.778328: i915_gem_object_destroy: obj=0xffff887c89a98900
   kworker/u16:1-9689  [006]   586.778329: i915_gem_object_destroy: obj=0xffff887c89a05200
   kworker/u16:1-9689  [006]   586.778333: i915_gem_object_destroy: obj=0xffff887c89a05e00
   kworker/u16:1-9689  [006]   586.778339: i915_gem_object_destroy: obj=0xffff887c89a04600
   kworker/u16:1-9689  [006]   586.778341: i915_gem_object_destroy: obj=0xffff887ccb291200
   kworker/u16:1-9689  [006]   586.778342: i915_gem_object_destroy: obj=0xffff887ccb292100
   kworker/u16:1-9689  [006]   586.778344: i915_gem_object_destroy: obj=0xffff887da538cf00
   kworker/u16:1-9689  [006]   586.778346: i915_gem_object_destroy: obj=0xffff887da538f600
   kworker/u16:1-9689  [006]   586.778347: i915_gem_object_destroy: obj=0xffff887da538de00
   kworker/u16:1-9689  [006]   586.778351: i915_reg_rw:          read reg=0x44408, len=4, val=(0x1, 0x0)
   kworker/u16:1-9689  [006]   586.778351: i915_reg_rw:          write reg=0x44408, len=4, val=(0x1, 0x0)
   kworker/u16:1-9689  [006]   586.778352: i915_reg_rw:          read reg=0x70040, len=4, val=(0x8cd3, 0x0)
   kworker/u16:1-9689  [006]   586.778354: i915_reg_rw:          read reg=0x70040, len=4, val=(0x8cd3, 0x0)
   kworker/u16:1-9689  [006]   586.778373: i915_gem_object_destroy: obj=0xffff887dab6aad00
   kworker/u16:1-9689  [006]   586.778384: i915_gem_object_destroy: obj=0xffff887dab6aa100
   kworker/u16:1-9689  [006]   586.778387: i915_gem_object_destroy: obj=0xffff887cb08fd500
   kworker/u16:1-9689  [006]   586.778389: i915_gem_object_destroy: obj=0xffff887cb08fc000
   kworker/u16:1-9689  [006]   586.778391: i915_gem_object_destroy: obj=0xffff887cb095db00
   kworker/u16:1-9689  [006]   586.778393: i915_gem_object_destroy: obj=0xffff887cb095ed00
   kworker/u16:1-9689  [006]   586.778395: i915_gem_object_destroy: obj=0xffff887c89c83300
   kworker/u16:1-9689  [006]   586.778397: i915_gem_object_destroy: obj=0xffff887d44fdc600
   kworker/u16:1-9689  [006]   586.778400: i915_gem_object_destroy: obj=0xffff887d45109500
