            Xorg-937   [007]   721.413785: i915_request_add:     dev=0, hw_id=3, ring=0, ctx=20, seqno=45706, global=0
            Xorg-937   [007]   721.413786: i915_request_submit:  dev=0, hw_id=3, ring=0, ctx=20, seqno=45706, global=0
            Xorg-937   [007]   721.413787: i915_request_execute: dev=0, hw_id=3, ring=0, ctx=20, seqno=45706, global=94274
            Xorg-937   [007]   721.413787: i915_request_in:      dev=0, hw_id=3, ring=0, ctx=20, seqno=45706, prio=0, global=94274, port=0
            Xorg-937   [007]   721.413914: i915_request_queue:   dev=0, hw_id=3, ring=0, ctx=20, seqno=45707, flags=0x0
            Xorg-937   [007]   721.413918: i915_request_add:     dev=0, hw_id=3, ring=0, ctx=20, seqno=45707, global=0
            Xorg-937   [007]   721.413918: i915_request_submit:  dev=0, hw_id=3, ring=0, ctx=20, seqno=45707, global=0
            Xorg-937   [007]   721.413919: i915_request_execute: dev=0, hw_id=3, ring=0, ctx=20, seqno=45707, global=94275
            Xorg-937   [007]   721.413920: i915_request_in:      dev=0, hw_id=3, ring=0, ctx=20, seqno=45707, prio=0, global=94275, port=0
          <idle>-0     [005]   721.414356: i915_request_out:     dev=0, hw_id=3, ring=0, ctx=20, seqno=45707, global=94275, completed?=1
          compiz-1783  [005]   721.419751: i915_request_queue:   dev=0, hw_id=5, ring=0, ctx=25, seqno=20791, flags=0x0
          compiz-1783  [005]   721.419762: i915_request_add:     dev=0, hw_id=5, ring=0, ctx=25, seqno=20791, global=0
          compiz-1783  [005]   721.419763: i915_request_submit:  dev=0, hw_id=5, ring=0, ctx=25, seqno=20791, global=0
          compiz-1783  [005]   721.419765: i915_request_execute: dev=0, hw_id=5, ring=0, ctx=25, seqno=20791, global=94276
          compiz-1783  [005]   721.419765: i915_request_in:      dev=0, hw_id=5, ring=0, ctx=25, seqno=20791, prio=0, global=94276, port=0
          <idle>-0     [005]   721.421541: i915_request_out:     dev=0, hw_id=5, ring=0, ctx=25, seqno=20791, global=94276, completed?=1
      h264encode-23057 [001]   721.427538: i915_request_queue:   dev=0, hw_id=22, ring=0, ctx=64, seqno=1, flags=0x0
      h264encode-23057 [001]   721.427540: i915_request_add:     dev=0, hw_id=22, ring=0, ctx=64, seqno=1, global=0
      h264encode-23057 [001]   721.427541: i915_request_submit:  dev=0, hw_id=22, ring=0, ctx=64, seqno=1, global=0
      h264encode-23057 [001]   721.427543: i915_request_execute: dev=0, hw_id=22, ring=0, ctx=64, seqno=1, global=94277
      h264encode-23057 [001]   721.427543: i915_request_in:      dev=0, hw_id=22, ring=0, ctx=64, seqno=1, prio=0, global=94277, port=0
      h264encode-23057 [001]   721.427715: i915_request_queue:   dev=0, hw_id=22, ring=0, ctx=64, seqno=2, flags=0x0
      h264encode-23057 [001]   721.427719: i915_request_add:     dev=0, hw_id=22, ring=0, ctx=64, seqno=2, global=0
      h264encode-23057 [001]   721.427720: i915_request_submit:  dev=0, hw_id=22, ring=0, ctx=64, seqno=2, global=0
          <idle>-0     [005]   721.427768: i915_request_execute: dev=0, hw_id=22, ring=0, ctx=64, seqno=2, global=94278
          <idle>-0     [005]   721.427769: i915_request_in:      dev=0, hw_id=22, ring=0, ctx=64, seqno=2, prio=0, global=94278, port=0
      h264encode-23057 [001]   721.427919: i915_request_queue:   dev=0, hw_id=22, ring=2, ctx=65, seqno=1, flags=0x0
      h264encode-23057 [001]   721.427929: i915_request_add:     dev=0, hw_id=22, ring=2, ctx=65, seqno=1, global=0
          <idle>-0     [005]   721.428232: i915_request_submit:  dev=0, hw_id=22, ring=2, ctx=65, seqno=1, global=0
          <idle>-0     [005]   721.428234: i915_request_execute: dev=0, hw_id=22, ring=2, ctx=65, seqno=1, global=663
          <idle>-0     [005]   721.428234: i915_request_in:      dev=0, hw_id=22, ring=2, ctx=65, seqno=1, prio=0, global=663, port=0
          <idle>-0     [005]   721.428255: i915_request_out:     dev=0, hw_id=22, ring=0, ctx=64, seqno=2, global=94278, completed?=1
      h264encode-23057 [001]   721.428376: i915_request_queue:   dev=0, hw_id=22, ring=0, ctx=64, seqno=3, flags=0x0
      h264encode-23057 [001]   721.428379: i915_request_add:     dev=0, hw_id=22, ring=0, ctx=64, seqno=3, global=0
      h264encode-23057 [001]   721.428379: i915_request_submit:  dev=0, hw_id=22, ring=0, ctx=64, seqno=3, global=0
      h264encode-23057 [001]   721.428380: i915_request_execute: dev=0, hw_id=22, ring=0, ctx=64, seqno=3, global=94279
      h264encode-23057 [001]   721.428381: i915_request_in:      dev=0, hw_id=22, ring=0, ctx=64, seqno=3, prio=0, global=94279, port=0
          <idle>-0     [005]   721.428473: i915_request_out:     dev=0, hw_id=22, ring=2, ctx=65, seqno=1, global=663, completed?=1
      h264encode-23057 [001]   721.428479: i915_request_queue:   dev=0, hw_id=22, ring=0, ctx=64, seqno=4, flags=0x0
      h264encode-23057 [001]   721.428483: i915_request_add:     dev=0, hw_id=22, ring=0, ctx=64, seqno=4, global=0
      h264encode-23057 [001]   721.428483: i915_request_submit:  dev=0, hw_id=22, ring=0, ctx=64, seqno=4, global=0
      h264encode-23057 [001]   721.428484: i915_request_execute: dev=0, hw_id=22, ring=0, ctx=64, seqno=4, global=94280
      h264encode-23057 [001]   721.428485: i915_request_in:      dev=0, hw_id=22, ring=0, ctx=64, seqno=4, prio=0, global=94280, port=0
      h264encode-23057 [001]   721.428665: i915_request_queue:   dev=0, hw_id=22, ring=2, ctx=65, seqno=2, flags=0x0
      h264encode-23057 [001]   721.428671: i915_request_add:     dev=0, hw_id=22, ring=2, ctx=65, seqno=2, global=0
      h264encode-23057 [001]   721.428804: i915_request_queue:   dev=0, hw_id=22, ring=0, ctx=64, seqno=5, flags=0x0
      h264encode-23057 [001]   721.428807: i915_request_add:     dev=0, hw_id=22, ring=0, ctx=64, seqno=5, global=0
      h264encode-23057 [001]   721.428808: i915_request_submit:  dev=0, hw_id=22, ring=0, ctx=64, seqno=5, global=0
      h264encode-23057 [001]   721.428809: i915_request_execute: dev=0, hw_id=22, ring=0, ctx=64, seqno=5, global=94281
      h264encode-23057 [001]   721.428809: i915_request_in:      dev=0, hw_id=22, ring=0, ctx=64, seqno=5, prio=0, global=94281, port=0
      h264encode-23057 [001]   721.428906: i915_request_queue:   dev=0, hw_id=22, ring=0, ctx=64, seqno=6, flags=0x0
      h264encode-23057 [001]   721.428910: i915_request_add:     dev=0, hw_id=22, ring=0, ctx=64, seqno=6, global=0
      h264encode-23057 [001]   721.429069: i915_request_queue:   dev=0, hw_id=22, ring=2, ctx=65, seqno=3, flags=0x0
      h264encode-23057 [001]   721.429077: i915_request_add:     dev=0, hw_id=22, ring=2, ctx=65, seqno=3, global=0
      h264encode-23057 [001]   721.429179: i915_request_queue:   dev=0, hw_id=22, ring=0, ctx=64, seqno=7, flags=0x0
      h264encode-23057 [001]   721.429183: i915_request_add:     dev=0, hw_id=22, ring=0, ctx=64, seqno=7, global=0
      h264encode-23057 [001]   721.429277: i915_request_queue:   dev=0, hw_id=22, ring=0, ctx=64, seqno=8, flags=0x0
      h264encode-23057 [001]   721.429282: i915_request_add:     dev=0, hw_id=22, ring=0, ctx=64, seqno=8, global=0
      h264encode-23057 [001]   721.429452: i915_request_queue:   dev=0, hw_id=22, ring=2, ctx=65, seqno=4, flags=0x0
      h264encode-23057 [001]   721.429457: i915_request_add:     dev=0, hw_id=22, ring=2, ctx=65, seqno=4, global=0
          <idle>-0     [005]   721.429500: i915_request_submit:  dev=0, hw_id=22, ring=2, ctx=65, seqno=2, global=0
          <idle>-0     [005]   721.429503: i915_request_execute: dev=0, hw_id=22, ring=2, ctx=65, seqno=2, global=664
          <idle>-0     [005]   721.429503: i915_request_in:      dev=0, hw_id=22, ring=2, ctx=65, seqno=2, prio=0, global=664, port=0
      h264encode-23057 [001]   721.429563: i915_request_queue:   dev=0, hw_id=22, ring=0, ctx=64, seqno=9, flags=0x0
      h264encode-23057 [001]   721.429566: i915_request_add:     dev=0, hw_id=22, ring=0, ctx=64, seqno=9, global=0
            code-3132  [005]   721.429605: i915_request_submit:  dev=0, hw_id=22, ring=0, ctx=64, seqno=6, global=0
            code-3132  [005]   721.429606: i915_request_submit:  dev=0, hw_id=22, ring=0, ctx=64, seqno=7, global=0
            code-3132  [005]   721.429609: i915_request_execute: dev=0, hw_id=22, ring=0, ctx=64, seqno=6, global=94282
            code-3132  [005]   721.429610: i915_request_in:      dev=0, hw_id=22, ring=0, ctx=64, seqno=6, prio=0, global=94282, port=0
            code-3132  [005]   721.429610: i915_request_execute: dev=0, hw_id=22, ring=0, ctx=64, seqno=7, global=94283
            code-3132  [005]   721.429610: i915_request_in:      dev=0, hw_id=22, ring=0, ctx=64, seqno=7, prio=0, global=94283, port=0
            code-3132  [005]   721.429612: i915_request_out:     dev=0, hw_id=22, ring=2, ctx=65, seqno=2, global=664, completed?=1
      h264encode-23057 [001]   721.429683: i915_request_queue:   dev=0, hw_id=22, ring=0, ctx=64, seqno=10, flags=0x0
      h264encode-23057 [001]   721.429687: i915_request_add:     dev=0, hw_id=22, ring=0, ctx=64, seqno=10, global=0
      h264encode-23057 [001]   721.429858: i915_request_queue:   dev=0, hw_id=22, ring=2, ctx=65, seqno=5, flags=0x0
      h264encode-23057 [001]   721.429861: i915_request_add:     dev=0, hw_id=22, ring=2, ctx=65, seqno=5, global=0
      h264encode-23057 [001]   721.429981: i915_request_queue:   dev=0, hw_id=22, ring=0, ctx=64, seqno=11, flags=0x0
      h264encode-23057 [001]   721.429984: i915_request_add:     dev=0, hw_id=22, ring=0, ctx=64, seqno=11, global=0
      h264encode-23057 [001]   721.430075: i915_request_queue:   dev=0, hw_id=22, ring=0, ctx=64, seqno=12, flags=0x0
      h264encode-23057 [001]   721.430079: i915_request_add:     dev=0, hw_id=22, ring=0, ctx=64, seqno=12, global=0
      h264encode-23057 [001]   721.430235: i915_request_queue:   dev=0, hw_id=22, ring=2, ctx=65, seqno=6, flags=0x0
      h264encode-23057 [001]   721.430238: i915_request_add:     dev=0, hw_id=22, ring=2, ctx=65, seqno=6, global=0
      h264encode-23057 [001]   721.430338: i915_request_queue:   dev=0, hw_id=22, ring=0, ctx=64, seqno=13, flags=0x0
      h264encode-23057 [001]   721.430340: i915_request_add:     dev=0, hw_id=22, ring=0, ctx=64, seqno=13, global=0
      h264encode-23057 [001]   721.430408: i915_request_queue:   dev=0, hw_id=22, ring=0, ctx=64, seqno=14, flags=0x0
      h264encode-23057 [001]   721.430412: i915_request_add:     dev=0, hw_id=22, ring=0, ctx=64, seqno=14, global=0
      h264encode-23057 [001]   721.430551: i915_request_queue:   dev=0, hw_id=22, ring=2, ctx=65, seqno=7, flags=0x0
      h264encode-23057 [001]   721.430554: i915_request_add:     dev=0, hw_id=22, ring=2, ctx=65, seqno=7, global=0
          <idle>-0     [005]   721.430574: i915_request_submit:  dev=0, hw_id=22, ring=2, ctx=65, seqno=3, global=0
          <idle>-0     [005]   721.430577: i915_request_execute: dev=0, hw_id=22, ring=2, ctx=65, seqno=3, global=665
          <idle>-0     [005]   721.430577: i915_request_in:      dev=0, hw_id=22, ring=2, ctx=65, seqno=3, prio=0, global=665, port=0
      h264encode-23057 [001]   721.430656: i915_request_queue:   dev=0, hw_id=22, ring=0, ctx=64, seqno=15, flags=0x0
      h264encode-23057 [001]   721.430659: i915_request_add:     dev=0, hw_id=22, ring=0, ctx=64, seqno=15, global=0
          <idle>-0     [005]   721.430685: i915_request_submit:  dev=0, hw_id=22, ring=0, ctx=64, seqno=8, global=0
          <idle>-0     [005]   721.430686: i915_request_submit:  dev=0, hw_id=22, ring=0, ctx=64, seqno=9, global=0
          <idle>-0     [005]   721.430690: i915_request_execute: dev=0, hw_id=22, ring=0, ctx=64, seqno=8, global=94284
          <idle>-0     [005]   721.430690: i915_request_in:      dev=0, hw_id=22, ring=0, ctx=64, seqno=8, prio=0, global=94284, port=0
          <idle>-0     [005]   721.430691: i915_request_execute: dev=0, hw_id=22, ring=0, ctx=64, seqno=9, global=94285
          <idle>-0     [005]   721.430691: i915_request_in:      dev=0, hw_id=22, ring=0, ctx=64, seqno=9, prio=0, global=94285, port=0
          <idle>-0     [005]   721.430693: i915_request_out:     dev=0, hw_id=22, ring=2, ctx=65, seqno=3, global=665, completed?=1
      h264encode-23057 [001]   721.430747: i915_request_queue:   dev=0, hw_id=22, ring=0, ctx=64, seqno=16, flags=0x0
      h264encode-23057 [001]   721.430751: i915_request_add:     dev=0, hw_id=22, ring=0, ctx=64, seqno=16, global=0
      h264encode-23057 [001]   721.430923: i915_request_queue:   dev=0, hw_id=22, ring=2, ctx=65, seqno=8, flags=0x0
      h264encode-23057 [001]   721.430926: i915_request_add:     dev=0, hw_id=22, ring=2, ctx=65, seqno=8, global=0
      h264encode-23057 [001]   721.431026: i915_request_queue:   dev=0, hw_id=22, ring=0, ctx=64, seqno=17, flags=0x0
      h264encode-23057 [001]   721.431029: i915_request_add:     dev=0, hw_id=22, ring=0, ctx=64, seqno=17, global=0
      h264encode-23057 [001]   721.431104: i915_request_queue:   dev=0, hw_id=22, ring=0, ctx=64, seqno=18, flags=0x0
      h264encode-23057 [001]   721.431107: i915_request_add:     dev=0, hw_id=22, ring=0, ctx=64, seqno=18, global=0
      h264encode-23057 [001]   721.431246: i915_request_queue:   dev=0, hw_id=22, ring=2, ctx=65, seqno=9, flags=0x0
      h264encode-23057 [001]   721.431249: i915_request_add:     dev=0, hw_id=22, ring=2, ctx=65, seqno=9, global=0
      h264encode-23057 [001]   721.431344: i915_request_queue:   dev=0, hw_id=22, ring=0, ctx=64, seqno=19, flags=0x0
      h264encode-23057 [001]   721.431347: i915_request_add:     dev=0, hw_id=22, ring=0, ctx=64, seqno=19, global=0
            Xorg-937   [004]   721.431462: i915_request_queue:   dev=0, hw_id=3, ring=0, ctx=20, seqno=45708, flags=0x0
            Xorg-937   [004]   721.431470: i915_request_add:     dev=0, hw_id=3, ring=0, ctx=20, seqno=45708, global=0
            Xorg-937   [004]   721.431471: i915_request_submit:  dev=0, hw_id=3, ring=0, ctx=20, seqno=45708, global=0
            Xorg-937   [004]   721.431473: i915_request_execute: dev=0, hw_id=3, ring=0, ctx=20, seqno=45708, global=94286
            Xorg-937   [004]   721.431474: i915_request_in:      dev=0, hw_id=3, ring=0, ctx=20, seqno=45708, prio=0, global=94286, port=1
          <idle>-0     [005]   721.431639: i915_request_submit:  dev=0, hw_id=22, ring=2, ctx=65, seqno=4, global=0
          <idle>-0     [005]   721.431640: i915_request_execute: dev=0, hw_id=22, ring=2, ctx=65, seqno=4, global=666
          <idle>-0     [005]   721.431641: i915_request_in:      dev=0, hw_id=22, ring=2, ctx=65, seqno=4, prio=0, global=666, port=0
      h264encode-23057 [001]   721.431692: i915_request_queue:   dev=0, hw_id=22, ring=0, ctx=64, seqno=20, flags=0x0
      h264encode-23057 [001]   721.431696: i915_request_add:     dev=0, hw_id=22, ring=0, ctx=64, seqno=20, global=0
          <idle>-0     [005]   721.431744: i915_request_submit:  dev=0, hw_id=22, ring=0, ctx=64, seqno=10, global=0
          <idle>-0     [005]   721.431745: i915_request_submit:  dev=0, hw_id=22, ring=0, ctx=64, seqno=11, global=0
          <idle>-0     [005]   721.431749: i915_request_out:     dev=0, hw_id=22, ring=2, ctx=65, seqno=4, global=666, completed?=1
      h264encode-23057 [001]   721.431853: i915_request_queue:   dev=0, hw_id=22, ring=2, ctx=65, seqno=10, flags=0x0
      h264encode-23057 [001]   721.431856: i915_request_add:     dev=0, hw_id=22, ring=2, ctx=65, seqno=10, global=0
          <idle>-0     [005]   721.431861: i915_request_out:     dev=0, hw_id=22, ring=0, ctx=64, seqno=9, global=94285, completed?=1
          <idle>-0     [005]   721.431863: i915_request_execute: dev=0, hw_id=22, ring=0, ctx=64, seqno=10, global=94287
          <idle>-0     [005]   721.431866: i915_request_in:      dev=0, hw_id=22, ring=0, ctx=64, seqno=10, prio=0, global=94287, port=1
          <idle>-0     [005]   721.431866: i915_request_execute: dev=0, hw_id=22, ring=0, ctx=64, seqno=11, global=94288
          <idle>-0     [005]   721.431867: i915_request_in:      dev=0, hw_id=22, ring=0, ctx=64, seqno=11, prio=0, global=94288, port=1
      h264encode-23057 [001]   721.431959: i915_request_queue:   dev=0, hw_id=22, ring=0, ctx=64, seqno=21, flags=0x0
      h264encode-23057 [001]   721.431963: i915_request_add:     dev=0, hw_id=22, ring=0, ctx=64, seqno=21, global=0
            Xorg-937   [004]   721.432037: i915_request_queue:   dev=0, hw_id=3, ring=0, ctx=20, seqno=45709, flags=0x0
            Xorg-937   [004]   721.432044: i915_request_add:     dev=0, hw_id=3, ring=0, ctx=20, seqno=45709, global=0
            Xorg-937   [004]   721.432045: i915_request_submit:  dev=0, hw_id=3, ring=0, ctx=20, seqno=45709, global=0
          <idle>-0     [005]   721.432067: i915_request_out:     dev=0, hw_id=3, ring=0, ctx=20, seqno=45708, global=94286, completed?=1
          <idle>-0     [005]   721.432068: i915_request_execute: dev=0, hw_id=3, ring=0, ctx=20, seqno=45709, global=94289
          <idle>-0     [005]   721.432069: i915_request_in:      dev=0, hw_id=3, ring=0, ctx=20, seqno=45709, prio=0, global=94289, port=1
            Xorg-937   [004]   721.432212: i915_request_queue:   dev=0, hw_id=3, ring=0, ctx=20, seqno=45710, flags=0x0
            Xorg-937   [004]   721.432217: i915_request_add:     dev=0, hw_id=3, ring=0, ctx=20, seqno=45710, global=0
            Xorg-937   [004]   721.432219: i915_request_submit:  dev=0, hw_id=3, ring=0, ctx=20, seqno=45710, global=0
          <idle>-0     [005]   721.432401: i915_request_submit:  dev=0, hw_id=22, ring=2, ctx=65, seqno=5, global=0
          <idle>-0     [005]   721.432403: i915_request_execute: dev=0, hw_id=22, ring=2, ctx=65, seqno=5, global=667
          <idle>-0     [005]   721.432404: i915_request_in:      dev=0, hw_id=22, ring=2, ctx=65, seqno=5, prio=0, global=667, port=0
          <idle>-0     [005]   721.432447: i915_request_submit:  dev=0, hw_id=22, ring=0, ctx=64, seqno=12, global=0
          <idle>-0     [005]   721.432448: i915_request_submit:  dev=0, hw_id=22, ring=0, ctx=64, seqno=13, global=0
          <idle>-0     [005]   721.432449: i915_request_out:     dev=0, hw_id=22, ring=2, ctx=65, seqno=5, global=667, completed?=1
      h264encode-23057 [001]   721.432461: i915_request_queue:   dev=0, hw_id=22, ring=0, ctx=64, seqno=22, flags=0x0
      h264encode-23057 [001]   721.432465: i915_request_add:     dev=0, hw_id=22, ring=0, ctx=64, seqno=22, global=0
            code-3132  [005]   721.432484: i915_request_out:     dev=0, hw_id=22, ring=0, ctx=64, seqno=11, global=94288, completed?=1
            code-3132  [005]   721.432485: i915_request_execute: dev=0, hw_id=3, ring=0, ctx=20, seqno=45710, global=94290
            code-3132  [005]   721.432485: i915_request_in:      dev=0, hw_id=3, ring=0, ctx=20, seqno=45710, prio=0, global=94290, port=0
            code-3132  [005]   721.432486: i915_request_execute: dev=0, hw_id=22, ring=0, ctx=64, seqno=12, global=94291
            code-3132  [005]   721.432490: i915_request_in:      dev=0, hw_id=22, ring=0, ctx=64, seqno=12, prio=0, global=94291, port=1
            code-3132  [005]   721.432490: i915_request_execute: dev=0, hw_id=22, ring=0, ctx=64, seqno=13, global=94292
            code-3132  [005]   721.432491: i915_request_in:      dev=0, hw_id=22, ring=0, ctx=64, seqno=13, prio=0, global=94292, port=1
      h264encode-23057 [001]   721.432646: i915_request_queue:   dev=0, hw_id=22, ring=2, ctx=65, seqno=11, flags=0x0
      h264encode-23057 [001]   721.432650: i915_request_add:     dev=0, hw_id=22, ring=2, ctx=65, seqno=11, global=0
          <idle>-0     [005]   721.432690: i915_request_out:     dev=0, hw_id=3, ring=0, ctx=20, seqno=45710, global=94290, completed?=1
      h264encode-23057 [001]   721.432766: i915_request_queue:   dev=0, hw_id=22, ring=0, ctx=64, seqno=23, flags=0x0
      h264encode-23057 [001]   721.432768: i915_request_add:     dev=0, hw_id=22, ring=0, ctx=64, seqno=23, global=0
          <idle>-0     [005]   721.433017: i915_request_submit:  dev=0, hw_id=22, ring=2, ctx=65, seqno=6, global=0
          <idle>-0     [005]   721.433019: i915_request_execute: dev=0, hw_id=22, ring=2, ctx=65, seqno=6, global=668
          <idle>-0     [005]   721.433019: i915_request_in:      dev=0, hw_id=22, ring=2, ctx=65, seqno=6, prio=0, global=668, port=0
          <idle>-0     [005]   721.433062: i915_request_submit:  dev=0, hw_id=22, ring=0, ctx=64, seqno=14, global=0
          <idle>-0     [005]   721.433064: i915_request_submit:  dev=0, hw_id=22, ring=0, ctx=64, seqno=15, global=0
          <idle>-0     [005]   721.433066: i915_request_execute: dev=0, hw_id=22, ring=0, ctx=64, seqno=14, global=94293
          <idle>-0     [005]   721.433066: i915_request_in:      dev=0, hw_id=22, ring=0, ctx=64, seqno=14, prio=0, global=94293, port=0
          <idle>-0     [005]   721.433066: i915_request_execute: dev=0, hw_id=22, ring=0, ctx=64, seqno=15, global=94294
          <idle>-0     [005]   721.433066: i915_request_in:      dev=0, hw_id=22, ring=0, ctx=64, seqno=15, prio=0, global=94294, port=0
          <idle>-0     [005]   721.433068: i915_request_out:     dev=0, hw_id=22, ring=2, ctx=65, seqno=6, global=668, completed?=1
      h264encode-23057 [001]   721.433069: i915_request_queue:   dev=0, hw_id=22, ring=0, ctx=64, seqno=24, flags=0x0
      h264encode-23057 [001]   721.433074: i915_request_add:     dev=0, hw_id=22, ring=0, ctx=64, seqno=24, global=0
      h264encode-23057 [001]   721.433220: i915_request_queue:   dev=0, hw_id=22, ring=2, ctx=65, seqno=12, flags=0x0
      h264encode-23057 [001]   721.433223: i915_request_add:     dev=0, hw_id=22, ring=2, ctx=65, seqno=12, global=0
      h264encode-23057 [001]   721.433321: i915_request_queue:   dev=0, hw_id=22, ring=0, ctx=64, seqno=25, flags=0x0
      h264encode-23057 [001]   721.433323: i915_request_add:     dev=0, hw_id=22, ring=0, ctx=64, seqno=25, global=0
          <idle>-0     [005]   721.433404: i915_request_submit:  dev=0, hw_id=22, ring=2, ctx=65, seqno=7, global=0
          <idle>-0     [005]   721.433406: i915_request_execute: dev=0, hw_id=22, ring=2, ctx=65, seqno=7, global=669
          <idle>-0     [005]   721.433406: i915_request_in:      dev=0, hw_id=22, ring=2, ctx=65, seqno=7, prio=0, global=669, port=0
          <idle>-0     [005]   721.433439: i915_request_submit:  dev=0, hw_id=22, ring=0, ctx=64, seqno=16, global=0
          <idle>-0     [005]   721.433440: i915_request_submit:  dev=0, hw_id=22, ring=0, ctx=64, seqno=17, global=0
          <idle>-0     [005]   721.433441: i915_request_execute: dev=0, hw_id=22, ring=0, ctx=64, seqno=16, global=94295
          <idle>-0     [005]   721.433442: i915_request_in:      dev=0, hw_id=22, ring=0, ctx=64, seqno=16, prio=0, global=94295, port=0
          <idle>-0     [005]   721.433442: i915_request_execute: dev=0, hw_id=22, ring=0, ctx=64, seqno=17, global=94296
          <idle>-0     [005]   721.433442: i915_request_in:      dev=0, hw_id=22, ring=0, ctx=64, seqno=17, prio=0, global=94296, port=0
          <idle>-0     [005]   721.433444: i915_request_out:     dev=0, hw_id=22, ring=2, ctx=65, seqno=7, global=669, completed?=1
      h264encode-23057 [001]   721.433465: i915_request_queue:   dev=0, hw_id=22, ring=0, ctx=64, seqno=26, flags=0x0
      h264encode-23057 [001]   721.433468: i915_request_add:     dev=0, hw_id=22, ring=0, ctx=64, seqno=26, global=0
      h264encode-23057 [001]   721.433613: i915_request_queue:   dev=0, hw_id=22, ring=2, ctx=65, seqno=13, flags=0x0
      h264encode-23057 [001]   721.433616: i915_request_add:     dev=0, hw_id=22, ring=2, ctx=65, seqno=13, global=0
      h264encode-23057 [001]   721.433713: i915_request_queue:   dev=0, hw_id=22, ring=0, ctx=64, seqno=27, flags=0x0
      h264encode-23057 [001]   721.433716: i915_request_add:     dev=0, hw_id=22, ring=0, ctx=64, seqno=27, global=0
          <idle>-0     [005]   721.433800: i915_request_submit:  dev=0, hw_id=22, ring=2, ctx=65, seqno=8, global=0
          <idle>-0     [005]   721.433802: i915_request_execute: dev=0, hw_id=22, ring=2, ctx=65, seqno=8, global=670
          <idle>-0     [005]   721.433803: i915_request_in:      dev=0, hw_id=22, ring=2, ctx=65, seqno=8, prio=0, global=670, port=0
          <idle>-0     [005]   721.433845: i915_request_submit:  dev=0, hw_id=22, ring=0, ctx=64, seqno=18, global=0
          <idle>-0     [005]   721.433846: i915_request_submit:  dev=0, hw_id=22, ring=0, ctx=64, seqno=19, global=0
          <idle>-0     [005]   721.433847: i915_request_execute: dev=0, hw_id=22, ring=0, ctx=64, seqno=18, global=94297
          <idle>-0     [005]   721.433848: i915_request_in:      dev=0, hw_id=22, ring=0, ctx=64, seqno=18, prio=0, global=94297, port=0
          <idle>-0     [005]   721.433848: i915_request_execute: dev=0, hw_id=22, ring=0, ctx=64, seqno=19, global=94298
          <idle>-0     [005]   721.433848: i915_request_in:      dev=0, hw_id=22, ring=0, ctx=64, seqno=19, prio=0, global=94298, port=0
      h264encode-23057 [001]   721.433849: i915_request_queue:   dev=0, hw_id=22, ring=0, ctx=64, seqno=28, flags=0x0
          <idle>-0     [005]   721.433850: i915_request_out:     dev=0, hw_id=22, ring=2, ctx=65, seqno=8, global=670, completed?=1
      h264encode-23057 [001]   721.433854: i915_request_add:     dev=0, hw_id=22, ring=0, ctx=64, seqno=28, global=0
      h264encode-23057 [001]   721.434012: i915_request_queue:   dev=0, hw_id=22, ring=2, ctx=65, seqno=14, flags=0x0
      h264encode-23057 [001]   721.434016: i915_request_add:     dev=0, hw_id=22, ring=2, ctx=65, seqno=14, global=0
      h264encode-23057 [001]   721.434115: i915_request_queue:   dev=0, hw_id=22, ring=0, ctx=64, seqno=29, flags=0x0
      h264encode-23057 [001]   721.434118: i915_request_add:     dev=0, hw_id=22, ring=0, ctx=64, seqno=29, global=0
          <idle>-0     [005]   721.434183: i915_request_submit:  dev=0, hw_id=22, ring=2, ctx=65, seqno=9, global=0
          <idle>-0     [005]   721.434185: i915_request_execute: dev=0, hw_id=22, ring=2, ctx=65, seqno=9, global=671
          <idle>-0     [005]   721.434185: i915_request_in:      dev=0, hw_id=22, ring=2, ctx=65, seqno=9, prio=0, global=671, port=0
          <idle>-0     [005]   721.434216: i915_request_submit:  dev=0, hw_id=22, ring=0, ctx=64, seqno=20, global=0
          <idle>-0     [005]   721.434217: i915_request_submit:  dev=0, hw_id=22, ring=0, ctx=64, seqno=21, global=0
          <idle>-0     [005]   721.434221: i915_request_execute: dev=0, hw_id=22, ring=0, ctx=64, seqno=20, global=94299
          <idle>-0     [005]   721.434221: i915_request_in:      dev=0, hw_id=22, ring=0, ctx=64, seqno=20, prio=0, global=94299, port=0
          <idle>-0     [005]   721.434222: i915_request_execute: dev=0, hw_id=22, ring=0, ctx=64, seqno=21, global=94300
          <idle>-0     [005]   721.434222: i915_request_in:      dev=0, hw_id=22, ring=0, ctx=64, seqno=21, prio=0, global=94300, port=0
          <idle>-0     [005]   721.434224: i915_request_out:     dev=0, hw_id=22, ring=2, ctx=65, seqno=9, global=671, completed?=1
      h264encode-23057 [001]   721.434263: i915_request_queue:   dev=0, hw_id=22, ring=0, ctx=64, seqno=30, flags=0x0
      h264encode-23057 [001]   721.434267: i915_request_add:     dev=0, hw_id=22, ring=0, ctx=64, seqno=30, global=0
      h264encode-23057 [001]   721.434443: i915_request_queue:   dev=0, hw_id=22, ring=2, ctx=65, seqno=15, flags=0x0
      h264encode-23057 [001]   721.434446: i915_request_add:     dev=0, hw_id=22, ring=2, ctx=65, seqno=15, global=0
      h264encode-23057 [001]   721.434514: i915_request_queue:   dev=0, hw_id=22, ring=0, ctx=64, seqno=31, flags=0x0
      h264encode-23057 [001]   721.434516: i915_request_add:     dev=0, hw_id=22, ring=0, ctx=64, seqno=31, global=0
          <idle>-0     [005]   721.434580: i915_request_submit:  dev=0, hw_id=22, ring=2, ctx=65, seqno=10, global=0
          <idle>-0     [005]   721.434582: i915_request_execute: dev=0, hw_id=22, ring=2, ctx=65, seqno=10, global=672
          <idle>-0     [005]   721.434582: i915_request_in:      dev=0, hw_id=22, ring=2, ctx=65, seqno=10, prio=0, global=672, port=0
          <idle>-0     [005]   721.434646: i915_request_out:     dev=0, hw_id=22, ring=0, ctx=64, seqno=21, global=94300, completed?=1
          <idle>-0     [005]   721.434654: i915_request_submit:  dev=0, hw_id=22, ring=0, ctx=64, seqno=22, global=0
          <idle>-0     [005]   721.434655: i915_request_submit:  dev=0, hw_id=22, ring=0, ctx=64, seqno=23, global=0
          <idle>-0     [005]   721.434659: i915_request_execute: dev=0, hw_id=22, ring=0, ctx=64, seqno=22, global=94301
          <idle>-0     [005]   721.434659: i915_request_in:      dev=0, hw_id=22, ring=0, ctx=64, seqno=22, prio=0, global=94301, port=0
          <idle>-0     [005]   721.434659: i915_request_execute: dev=0, hw_id=22, ring=0, ctx=64, seqno=23, global=94302
          <idle>-0     [005]   721.434659: i915_request_in:      dev=0, hw_id=22, ring=0, ctx=64, seqno=23, prio=0, global=94302, port=0
          <idle>-0     [005]   721.434661: i915_request_out:     dev=0, hw_id=22, ring=2, ctx=65, seqno=10, global=672, completed?=1
      h264encode-23057 [001]   721.434666: i915_request_queue:   dev=0, hw_id=22, ring=0, ctx=64, seqno=32, flags=0x0
      h264encode-23057 [001]   721.434669: i915_request_add:     dev=0, hw_id=22, ring=0, ctx=64, seqno=32, global=0
      h264encode-23057 [001]   721.434829: i915_request_queue:   dev=0, hw_id=22, ring=2, ctx=65, seqno=16, flags=0x0
      h264encode-23057 [001]   721.434833: i915_request_add:     dev=0, hw_id=22, ring=2, ctx=65, seqno=16, global=0
      h264encode-23057 [001]   721.434896: i915_request_queue:   dev=0, hw_id=22, ring=0, ctx=64, seqno=33, flags=0x0
      h264encode-23057 [001]   721.434899: i915_request_add:     dev=0, hw_id=22, ring=0, ctx=64, seqno=33, global=0
          <idle>-0     [005]   721.435014: i915_request_submit:  dev=0, hw_id=22, ring=2, ctx=65, seqno=11, global=0
          <idle>-0     [005]   721.435016: i915_request_execute: dev=0, hw_id=22, ring=2, ctx=65, seqno=11, global=673
          <idle>-0     [005]   721.435016: i915_request_in:      dev=0, hw_id=22, ring=2, ctx=65, seqno=11, prio=0, global=673, port=0
      h264encode-23057 [001]   721.435065: i915_request_queue:   dev=0, hw_id=22, ring=0, ctx=64, seqno=34, flags=0x0
      h264encode-23057 [001]   721.435076: i915_request_add:     dev=0, hw_id=22, ring=0, ctx=64, seqno=34, global=0
 CompositorTileW-2090  [005]   721.435088: i915_request_out:     dev=0, hw_id=22, ring=0, ctx=64, seqno=23, global=94302, completed?=1
 CompositorTileW-2090  [005]   721.435109: i915_request_submit:  dev=0, hw_id=22, ring=0, ctx=64, seqno=24, global=0
 CompositorTileW-2090  [005]   721.435110: i915_request_submit:  dev=0, hw_id=22, ring=0, ctx=64, seqno=25, global=0
 CompositorTileW-2090  [005]   721.435114: i915_request_execute: dev=0, hw_id=22, ring=0, ctx=64, seqno=24, global=94303
 CompositorTileW-2090  [005]   721.435115: i915_request_in:      dev=0, hw_id=22, ring=0, ctx=64, seqno=24, prio=0, global=94303, port=0
 CompositorTileW-2090  [005]   721.435115: i915_request_execute: dev=0, hw_id=22, ring=0, ctx=64, seqno=25, global=94304
 CompositorTileW-2090  [005]   721.435115: i915_request_in:      dev=0, hw_id=22, ring=0, ctx=64, seqno=25, prio=0, global=94304, port=0
 CompositorTileW-2090  [005]   721.435117: i915_request_out:     dev=0, hw_id=22, ring=2, ctx=65, seqno=11, global=673, completed?=1
      h264encode-23057 [001]   721.435262: i915_request_queue:   dev=0, hw_id=22, ring=2, ctx=65, seqno=17, flags=0x0
      h264encode-23057 [001]   721.435268: i915_request_add:     dev=0, hw_id=22, ring=2, ctx=65, seqno=17, global=0
      h264encode-23057 [001]   721.435355: i915_request_queue:   dev=0, hw_id=22, ring=0, ctx=64, seqno=35, flags=0x0
      h264encode-23057 [001]   721.435359: i915_request_add:     dev=0, hw_id=22, ring=0, ctx=64, seqno=35, global=0
 CompositorTileW-2090  [005]   721.435497: i915_request_submit:  dev=0, hw_id=22, ring=2, ctx=65, seqno=12, global=0
 CompositorTileW-2090  [005]   721.435500: i915_request_execute: dev=0, hw_id=22, ring=2, ctx=65, seqno=12, global=674
 CompositorTileW-2090  [005]   721.435501: i915_request_in:      dev=0, hw_id=22, ring=2, ctx=65, seqno=12, prio=0, global=674, port=0
      h264encode-23057 [001]   721.435546: i915_request_queue:   dev=0, hw_id=22, ring=0, ctx=64, seqno=36, flags=0x0
      h264encode-23057 [001]   721.435552: i915_request_add:     dev=0, hw_id=22, ring=0, ctx=64, seqno=36, global=0
 CompositorTileW-2090  [005]   721.435564: i915_request_out:     dev=0, hw_id=22, ring=0, ctx=64, seqno=25, global=94304, completed?=1
 CompositorTileW-2090  [005]   721.435591: i915_request_submit:  dev=0, hw_id=22, ring=0, ctx=64, seqno=26, global=0
 CompositorTileW-2090  [005]   721.435592: i915_request_submit:  dev=0, hw_id=22, ring=0, ctx=64, seqno=27, global=0
 CompositorTileW-2090  [005]   721.435597: i915_request_execute: dev=0, hw_id=22, ring=0, ctx=64, seqno=26, global=94305
 CompositorTileW-2090  [005]   721.435597: i915_request_in:      dev=0, hw_id=22, ring=0, ctx=64, seqno=26, prio=0, global=94305, port=0
 CompositorTileW-2090  [005]   721.435597: i915_request_execute: dev=0, hw_id=22, ring=0, ctx=64, seqno=27, global=94306
 CompositorTileW-2090  [005]   721.435598: i915_request_in:      dev=0, hw_id=22, ring=0, ctx=64, seqno=27, prio=0, global=94306, port=0
 CompositorTileW-2090  [005]   721.435599: i915_request_out:     dev=0, hw_id=22, ring=2, ctx=65, seqno=12, global=674, completed?=1
      h264encode-23057 [001]   721.435739: i915_request_queue:   dev=0, hw_id=22, ring=2, ctx=65, seqno=18, flags=0x0
      h264encode-23057 [001]   721.435745: i915_request_add:     dev=0, hw_id=22, ring=2, ctx=65, seqno=18, global=0
      h264encode-23057 [001]   721.435831: i915_request_queue:   dev=0, hw_id=22, ring=0, ctx=64, seqno=37, flags=0x0
      h264encode-23057 [001]   721.435836: i915_request_add:     dev=0, hw_id=22, ring=0, ctx=64, seqno=37, global=0
          compiz-1783  [005]   721.435960: i915_request_submit:  dev=0, hw_id=22, ring=2, ctx=65, seqno=13, global=0
          compiz-1783  [005]   721.435962: i915_request_execute: dev=0, hw_id=22, ring=2, ctx=65, seqno=13, global=675
          compiz-1783  [005]   721.435962: i915_request_in:      dev=0, hw_id=22, ring=2, ctx=65, seqno=13, prio=0, global=675, port=0
          compiz-1783  [005]   721.436020: i915_request_submit:  dev=0, hw_id=22, ring=0, ctx=64, seqno=28, global=0
          compiz-1783  [005]   721.436021: i915_request_submit:  dev=0, hw_id=22, ring=0, ctx=64, seqno=29, global=0
          compiz-1783  [005]   721.436024: i915_request_execute: dev=0, hw_id=22, ring=0, ctx=64, seqno=28, global=94307
          compiz-1783  [005]   721.436025: i915_request_in:      dev=0, hw_id=22, ring=0, ctx=64, seqno=28, prio=0, global=94307, port=0
          compiz-1783  [005]   721.436025: i915_request_execute: dev=0, hw_id=22, ring=0, ctx=64, seqno=29, global=94308
          compiz-1783  [005]   721.436025: i915_request_in:      dev=0, hw_id=22, ring=0, ctx=64, seqno=29, prio=0, global=94308, port=0
      h264encode-23057 [001]   721.436027: i915_request_queue:   dev=0, hw_id=22, ring=0, ctx=64, seqno=38, flags=0x0
          compiz-1783  [005]   721.436027: i915_request_out:     dev=0, hw_id=22, ring=2, ctx=65, seqno=13, global=675, completed?=1
      h264encode-23057 [001]   721.436032: i915_request_add:     dev=0, hw_id=22, ring=0, ctx=64, seqno=38, global=0
      h264encode-23057 [001]   721.436225: i915_request_queue:   dev=0, hw_id=22, ring=2, ctx=65, seqno=19, flags=0x0
      h264encode-23057 [001]   721.436231: i915_request_add:     dev=0, hw_id=22, ring=2, ctx=65, seqno=19, global=0
      h264encode-23057 [001]   721.436322: i915_request_queue:   dev=0, hw_id=22, ring=0, ctx=64, seqno=39, flags=0x0
      h264encode-23057 [001]   721.436326: i915_request_add:     dev=0, hw_id=22, ring=0, ctx=64, seqno=39, global=0
          compiz-1783  [005]   721.436346: i915_request_queue:   dev=0, hw_id=5, ring=0, ctx=25, seqno=20792, flags=0x0
          compiz-1783  [005]   721.436357: i915_request_add:     dev=0, hw_id=5, ring=0, ctx=25, seqno=20792, global=0
          compiz-1783  [005]   721.436358: i915_request_submit:  dev=0, hw_id=5, ring=0, ctx=25, seqno=20792, global=0
          compiz-1783  [005]   721.436359: i915_request_execute: dev=0, hw_id=5, ring=0, ctx=25, seqno=20792, global=94309
          compiz-1783  [005]   721.436359: i915_request_in:      dev=0, hw_id=5, ring=0, ctx=25, seqno=20792, prio=0, global=94309, port=1
          compiz-1783  [005]   721.436365: i915_request_submit:  dev=0, hw_id=22, ring=2, ctx=65, seqno=14, global=0
          compiz-1783  [005]   721.436367: i915_request_execute: dev=0, hw_id=22, ring=2, ctx=65, seqno=14, global=676
          compiz-1783  [005]   721.436368: i915_request_in:      dev=0, hw_id=22, ring=2, ctx=65, seqno=14, prio=0, global=676, port=0
      h264encode-23057 [001]   721.436421: i915_request_queue:   dev=0, hw_id=22, ring=0, ctx=64, seqno=40, flags=0x0
          compiz-1783  [005]   721.436421: i915_request_submit:  dev=0, hw_id=22, ring=0, ctx=64, seqno=30, global=0
          compiz-1783  [005]   721.436422: i915_request_submit:  dev=0, hw_id=22, ring=0, ctx=64, seqno=31, global=0
          compiz-1783  [005]   721.436426: i915_request_out:     dev=0, hw_id=22, ring=2, ctx=65, seqno=14, global=676, completed?=1
      h264encode-23057 [001]   721.436427: i915_request_add:     dev=0, hw_id=22, ring=0, ctx=64, seqno=40, global=0
          compiz-1783  [005]   721.436460: i915_request_out:     dev=0, hw_id=22, ring=0, ctx=64, seqno=29, global=94308, completed?=1
          compiz-1783  [005]   721.436462: i915_request_execute: dev=0, hw_id=22, ring=0, ctx=64, seqno=30, global=94310
          compiz-1783  [005]   721.436462: i915_request_in:      dev=0, hw_id=22, ring=0, ctx=64, seqno=30, prio=0, global=94310, port=1
          compiz-1783  [005]   721.436462: i915_request_execute: dev=0, hw_id=22, ring=0, ctx=64, seqno=31, global=94311
          compiz-1783  [005]   721.436463: i915_request_in:      dev=0, hw_id=22, ring=0, ctx=64, seqno=31, prio=0, global=94311, port=1
            code-2062  [003]   721.436477: i915_request_queue:   dev=0, hw_id=12, ring=0, ctx=31, seqno=187, flags=0x0
            code-2062  [003]   721.436503: i915_request_add:     dev=0, hw_id=12, ring=0, ctx=31, seqno=187, global=0
            code-2062  [003]   721.436504: i915_request_submit:  dev=0, hw_id=12, ring=0, ctx=31, seqno=187, global=0
      h264encode-23057 [001]   721.436651: i915_request_queue:   dev=0, hw_id=22, ring=2, ctx=65, seqno=20, flags=0x0
      h264encode-23057 [001]   721.436660: i915_request_add:     dev=0, hw_id=22, ring=2, ctx=65, seqno=20, global=0
      h264encode-23057 [001]   721.436783: i915_request_queue:   dev=0, hw_id=22, ring=0, ctx=64, seqno=41, flags=0x0
      h264encode-23057 [001]   721.436793: i915_request_add:     dev=0, hw_id=22, ring=0, ctx=64, seqno=41, global=0
            code-2062  [003]   721.436912: i915_request_queue:   dev=0, hw_id=10, ring=0, ctx=29, seqno=3309, flags=0x0
            code-2062  [003]   721.436921: i915_request_add:     dev=0, hw_id=10, ring=0, ctx=29, seqno=3309, global=0
            code-2062  [003]   721.436922: i915_request_submit:  dev=0, hw_id=10, ring=0, ctx=29, seqno=3309, global=0
            code-2062  [003]   721.437130: i915_request_queue:   dev=0, hw_id=10, ring=0, ctx=29, seqno=3310, flags=0x0
            code-2062  [003]   721.437136: i915_request_add:     dev=0, hw_id=10, ring=0, ctx=29, seqno=3310, global=0
            code-2062  [003]   721.437137: i915_request_submit:  dev=0, hw_id=10, ring=0, ctx=29, seqno=3310, global=0
            code-2062  [003]   721.437296: i915_request_queue:   dev=0, hw_id=10, ring=0, ctx=29, seqno=3311, flags=0x0
            code-2062  [003]   721.437301: i915_request_add:     dev=0, hw_id=10, ring=0, ctx=29, seqno=3311, global=0
            code-2062  [003]   721.437302: i915_request_submit:  dev=0, hw_id=10, ring=0, ctx=29, seqno=3311, global=0
            code-2062  [003]   721.437469: i915_request_queue:   dev=0, hw_id=10, ring=0, ctx=29, seqno=3312, flags=0x0
            code-2062  [003]   721.437473: i915_request_add:     dev=0, hw_id=10, ring=0, ctx=29, seqno=3312, global=0
            code-2062  [003]   721.437475: i915_request_submit:  dev=0, hw_id=10, ring=0, ctx=29, seqno=3312, global=0
            code-2062  [003]   721.437638: i915_request_queue:   dev=0, hw_id=10, ring=0, ctx=29, seqno=3313, flags=0x0
            code-2062  [003]   721.437642: i915_request_add:     dev=0, hw_id=10, ring=0, ctx=29, seqno=3313, global=0
            code-2062  [003]   721.437642: i915_request_submit:  dev=0, hw_id=10, ring=0, ctx=29, seqno=3313, global=0
          <idle>-0     [005]   721.437645: i915_request_out:     dev=0, hw_id=5, ring=0, ctx=25, seqno=20792, global=94309, completed?=1
          <idle>-0     [005]   721.437647: i915_request_execute: dev=0, hw_id=12, ring=0, ctx=31, seqno=187, global=94312
          <idle>-0     [005]   721.437647: i915_request_in:      dev=0, hw_id=12, ring=0, ctx=31, seqno=187, prio=0, global=94312, port=1
            code-2062  [003]   721.437740: i915_request_queue:   dev=0, hw_id=10, ring=0, ctx=29, seqno=3314, flags=0x0
            code-2062  [003]   721.437742: i915_request_add:     dev=0, hw_id=10, ring=0, ctx=29, seqno=3314, global=0
            code-2062  [003]   721.437743: i915_request_submit:  dev=0, hw_id=10, ring=0, ctx=29, seqno=3314, global=0
            code-2062  [003]   721.437865: i915_request_queue:   dev=0, hw_id=10, ring=0, ctx=29, seqno=3315, flags=0x0
            code-2062  [003]   721.437867: i915_request_add:     dev=0, hw_id=10, ring=0, ctx=29, seqno=3315, global=0
            code-2062  [003]   721.437868: i915_request_submit:  dev=0, hw_id=10, ring=0, ctx=29, seqno=3315, global=0
            code-2062  [003]   721.437979: i915_request_queue:   dev=0, hw_id=10, ring=0, ctx=29, seqno=3316, flags=0x0
            code-2062  [003]   721.437981: i915_request_add:     dev=0, hw_id=10, ring=0, ctx=29, seqno=3316, global=0
            code-2062  [003]   721.437982: i915_request_submit:  dev=0, hw_id=10, ring=0, ctx=29, seqno=3316, global=0
          <idle>-0     [005]   721.437998: i915_request_submit:  dev=0, hw_id=22, ring=2, ctx=65, seqno=15, global=0
          <idle>-0     [005]   721.438001: i915_request_execute: dev=0, hw_id=22, ring=2, ctx=65, seqno=15, global=677
          <idle>-0     [005]   721.438001: i915_request_in:      dev=0, hw_id=22, ring=2, ctx=65, seqno=15, prio=0, global=677, port=0
          <idle>-0     [005]   721.438046: i915_request_submit:  dev=0, hw_id=22, ring=0, ctx=64, seqno=32, global=0
          <idle>-0     [005]   721.438047: i915_request_submit:  dev=0, hw_id=22, ring=0, ctx=64, seqno=33, global=0
          <idle>-0     [005]   721.438050: i915_request_out:     dev=0, hw_id=22, ring=2, ctx=65, seqno=15, global=677, completed?=1
      h264encode-23057 [001]   721.438066: i915_request_queue:   dev=0, hw_id=22, ring=0, ctx=64, seqno=42, flags=0x0
      h264encode-23057 [001]   721.438074: i915_request_add:     dev=0, hw_id=22, ring=0, ctx=64, seqno=42, global=0
          <idle>-0     [005]   721.438083: i915_request_out:     dev=0, hw_id=22, ring=0, ctx=64, seqno=31, global=94311, completed?=1
          <idle>-0     [005]   721.438084: i915_request_execute: dev=0, hw_id=10, ring=0, ctx=29, seqno=3309, global=94313
          <idle>-0     [005]   721.438085: i915_request_in:      dev=0, hw_id=10, ring=0, ctx=29, seqno=3309, prio=0, global=94313, port=1
          <idle>-0     [005]   721.438085: i915_request_execute: dev=0, hw_id=10, ring=0, ctx=29, seqno=3310, global=94314
          <idle>-0     [005]   721.438085: i915_request_in:      dev=0, hw_id=10, ring=0, ctx=29, seqno=3310, prio=0, global=94314, port=1
          <idle>-0     [005]   721.438086: i915_request_execute: dev=0, hw_id=10, ring=0, ctx=29, seqno=3311, global=94315
          <idle>-0     [005]   721.438086: i915_request_in:      dev=0, hw_id=10, ring=0, ctx=29, seqno=3311, prio=0, global=94315, port=1
          <idle>-0     [005]   721.438086: i915_request_execute: dev=0, hw_id=10, ring=0, ctx=29, seqno=3312, global=94316
          <idle>-0     [005]   721.438086: i915_request_in:      dev=0, hw_id=10, ring=0, ctx=29, seqno=3312, prio=0, global=94316, port=1
          <idle>-0     [005]   721.438087: i915_request_execute: dev=0, hw_id=10, ring=0, ctx=29, seqno=3313, global=94317
          <idle>-0     [005]   721.438087: i915_request_in:      dev=0, hw_id=10, ring=0, ctx=29, seqno=3313, prio=0, global=94317, port=1
          <idle>-0     [005]   721.438087: i915_request_execute: dev=0, hw_id=10, ring=0, ctx=29, seqno=3314, global=94318
          <idle>-0     [005]   721.438087: i915_request_in:      dev=0, hw_id=10, ring=0, ctx=29, seqno=3314, prio=0, global=94318, port=1
          <idle>-0     [005]   721.438088: i915_request_execute: dev=0, hw_id=10, ring=0, ctx=29, seqno=3315, global=94319
          <idle>-0     [005]   721.438088: i915_request_in:      dev=0, hw_id=10, ring=0, ctx=29, seqno=3315, prio=0, global=94319, port=1
          <idle>-0     [005]   721.438088: i915_request_execute: dev=0, hw_id=10, ring=0, ctx=29, seqno=3316, global=94320
          <idle>-0     [005]   721.438088: i915_request_in:      dev=0, hw_id=10, ring=0, ctx=29, seqno=3316, prio=0, global=94320, port=1
            code-2062  [003]   721.438101: i915_request_queue:   dev=0, hw_id=10, ring=0, ctx=29, seqno=3317, flags=0x0
            code-2062  [003]   721.438103: i915_request_add:     dev=0, hw_id=10, ring=0, ctx=29, seqno=3317, global=0
            code-2062  [003]   721.438104: i915_request_submit:  dev=0, hw_id=10, ring=0, ctx=29, seqno=3317, global=0
            code-2028  [005]   721.438288: i915_request_out:     dev=0, hw_id=12, ring=0, ctx=31, seqno=187, global=94312, completed?=1
            code-2028  [005]   721.438290: i915_request_execute: dev=0, hw_id=22, ring=0, ctx=64, seqno=32, global=94321
            code-2028  [005]   721.438290: i915_request_in:      dev=0, hw_id=22, ring=0, ctx=64, seqno=32, prio=0, global=94321, port=1
            code-2028  [005]   721.438290: i915_request_execute: dev=0, hw_id=22, ring=0, ctx=64, seqno=33, global=94322
            code-2028  [005]   721.438291: i915_request_in:      dev=0, hw_id=22, ring=0, ctx=64, seqno=33, prio=0, global=94322, port=1
      h264encode-23057 [001]   721.438294: i915_request_queue:   dev=0, hw_id=22, ring=2, ctx=65, seqno=21, flags=0x0
      h264encode-23057 [001]   721.438301: i915_request_add:     dev=0, hw_id=22, ring=2, ctx=65, seqno=21, global=0
            code-2062  [003]   721.438392: i915_request_queue:   dev=0, hw_id=10, ring=0, ctx=29, seqno=3318, flags=0x0
            code-2062  [003]   721.438395: i915_request_add:     dev=0, hw_id=10, ring=0, ctx=29, seqno=3318, global=0
            code-2062  [003]   721.438395: i915_request_submit:  dev=0, hw_id=10, ring=0, ctx=29, seqno=3318, global=0
      h264encode-23057 [001]   721.438454: i915_request_queue:   dev=0, hw_id=22, ring=0, ctx=64, seqno=43, flags=0x0
      h264encode-23057 [001]   721.438459: i915_request_add:     dev=0, hw_id=22, ring=0, ctx=64, seqno=43, global=0
            code-2062  [003]   721.438486: i915_request_queue:   dev=0, hw_id=10, ring=0, ctx=29, seqno=3319, flags=0x0
            code-2062  [003]   721.438488: i915_request_add:     dev=0, hw_id=10, ring=0, ctx=29, seqno=3319, global=0
            code-2062  [003]   721.438489: i915_request_submit:  dev=0, hw_id=10, ring=0, ctx=29, seqno=3319, global=0
          <idle>-0     [005]   721.438583: i915_request_out:     dev=0, hw_id=10, ring=0, ctx=29, seqno=3316, global=94320, completed?=1
          <idle>-0     [005]   721.438584: i915_request_execute: dev=0, hw_id=10, ring=0, ctx=29, seqno=3317, global=94323
          <idle>-0     [005]   721.438585: i915_request_in:      dev=0, hw_id=10, ring=0, ctx=29, seqno=3317, prio=0, global=94323, port=1
          <idle>-0     [005]   721.438585: i915_request_execute: dev=0, hw_id=10, ring=0, ctx=29, seqno=3318, global=94324
          <idle>-0     [005]   721.438585: i915_request_in:      dev=0, hw_id=10, ring=0, ctx=29, seqno=3318, prio=0, global=94324, port=1
          <idle>-0     [005]   721.438585: i915_request_execute: dev=0, hw_id=10, ring=0, ctx=29, seqno=3319, global=94325
          <idle>-0     [005]   721.438586: i915_request_in:      dev=0, hw_id=10, ring=0, ctx=29, seqno=3319, prio=0, global=94325, port=1
            code-2062  [003]   721.438594: i915_request_queue:   dev=0, hw_id=10, ring=0, ctx=29, seqno=3320, flags=0x0
            code-2062  [003]   721.438596: i915_request_add:     dev=0, hw_id=10, ring=0, ctx=29, seqno=3320, global=0
            code-2062  [003]   721.438597: i915_request_submit:  dev=0, hw_id=10, ring=0, ctx=29, seqno=3320, global=0
            code-2062  [003]   721.438889: i915_request_queue:   dev=0, hw_id=9, ring=0, ctx=28, seqno=2164, flags=0x0
            code-2062  [003]   721.438896: i915_request_add:     dev=0, hw_id=9, ring=0, ctx=28, seqno=2164, global=0
            code-2062  [003]   721.438897: i915_request_submit:  dev=0, hw_id=9, ring=0, ctx=28, seqno=2164, global=0
          <idle>-0     [005]   721.438926: i915_request_submit:  dev=0, hw_id=22, ring=2, ctx=65, seqno=16, global=0
          <idle>-0     [005]   721.438929: i915_request_execute: dev=0, hw_id=22, ring=2, ctx=65, seqno=16, global=678
          <idle>-0     [005]   721.438929: i915_request_in:      dev=0, hw_id=22, ring=2, ctx=65, seqno=16, prio=0, global=678, port=0
          <idle>-0     [005]   721.438999: i915_request_submit:  dev=0, hw_id=22, ring=0, ctx=64, seqno=34, global=0
          <idle>-0     [005]   721.439000: i915_request_submit:  dev=0, hw_id=22, ring=0, ctx=64, seqno=35, global=0
